<html>
<body>
<pre>
<h1>µVision Build Log</h1>
<h2>Tool Versions:</h2>
IDE-Version: ¦ÌVision V5.25.3.0
Copyright (C) 2018 ARM Ltd and ARM Germany GmbH. All rights reserved.
License Information: Sasha Sasha, personal, LIC=8VRJ7-E5Y0I-EVE1R-KW5MA-QK6D3-ENBM2
 
Tool Versions:
Toolchain:       MDK-ARM Plus  Version: 5.18
Toolchain Path:  C:\Software\DESKTOP\Major_tools\source\mdk\keil5\ARM\ARMCC\Bin
C Compiler:      Armcc.exe V5.06 update 1 (build 61)
Assembler:       Armasm.exe V5.06 update 1 (build 61)
Linker/Locator:  ArmLink.exe V5.06 update 1 (build 61)
Library Manager: ArmAr.exe V5.06 update 1 (build 61)
Hex Converter:   FromElf.exe V5.06 update 1 (build 61)
CPU DLL:         SARMCM3.DLL V5.18
Dialog DLL:      DCM.DLL V1.13.6.0
Target DLL:      Segger\JL2CM3.dll V2.99.18.0
Dialog DLL:      TCM.DLL V1.14.8.0
 
<h2>Project:</h2>
C:\Software\DESKTOP\Major_tools\projects\arm\qks_rt\rt_demo.uvprojx
Project File Date:  03/02/2026

<h2>Output:</h2>
*** Using Compiler 'V5.06 update 1 (build 61)', folder: 'C:\Software\DESKTOP\Major_tools\source\mdk\keil5\ARM\ARMCC\Bin'
Rebuild target 'qks'
compiling device.c...
compiling clock.c...
compiling drv_tim.c...
compiling cpu.c...
compiling drv_sdio.c...
compiling idle.c...
compiling cpuport.c...
Projects\rt-thread\libcpu\arm\cortex-m4\cpuport.c(378): warning:  #177-D: variable "context" was declared but never referenced
      struct stack_frame *context = &exception_info->stack_frame;
Projects\rt-thread\libcpu\arm\cortex-m4\cpuport.c: 1 warning, 0 errors
compiling components.c...
assembling startup_stm32f407xx.s...
compiling ipc.c...
compiling irq.c...
compiling memheap.c...
compiling mempool.c...
compiling mem.c...
compiling object.c...
compiling signal.c...
compiling kservice.c...
compiling scheduler.c...
compiling slab.c...
compiling thread.c...
assembling context_rvds.S...
compiling timer.c...
compiling drv_gpio.c...
compiling drv_dma.c...
compiling drv_spi.c...
compiling system_stm32f4xx.c...
compiling main.c...
Projects\user\main.c(168): warning:  #177-D: variable "dummy_byte" was declared but never referenced
  static uint8_t dummy_byte = 0xFF;
Projects\user\main.c: 1 warning, 0 errors
compiling board.c...
linking...
Program Size: Code=9256 RO-data=912 RW-data=256 ZI-data=23960  
FromELF: creating hex file...
".\Objects\rt_demo.axf" - 0 Error(s), 2 Warning(s).

<h2>Software Packages used:</h2>

Package Vendor: Keil
                https://www.keil.com/pack/Keil.STM32F4xx_DFP.2.17.1.pack
                Keil.STM32F4xx_DFP.2.17.1
                STMicroelectronics STM32F4 Series Device Support, Drivers and Examples

<h2>Collection of Component include folders:</h2>
  .\RTE\_qks
  C:\Software\DESKTOP\Major_tools\source\mdk\keil5\ARM\PACK\Keil\STM32F4xx_DFP\2.17.1\Drivers\CMSIS\Device\ST\STM32F4xx\Include

<h2>Collection of Component Files used:</h2>
Build Time Elapsed:  00:00:05
</pre>
</body>
</html>
