<html>
<body>
<pre>
<h1>µVision Build Log</h1>
<h2>Tool Versions:</h2>
IDE-Version: ¦ÌVision V5.25.3.0
Copyright (C) 2018 ARM Ltd and ARM Germany GmbH. All rights reserved.
License Information: Sasha Sasha, personal, LIC=8VRJ7-E5Y0I-EVE1R-KW5MA-QK6D3-ENBM2
 
Tool Versions:
Toolchain:       MDK-ARM Plus  Version: 5.18
Toolchain Path:  C:\Software\DESKTOP\Major_tools\source\mdk\keil5\ARM\ARMCC\Bin
C Compiler:      Armcc.exe V5.06 update 1 (build 61)
Assembler:       Armasm.exe V5.06 update 1 (build 61)
Linker/Locator:  ArmLink.exe V5.06 update 1 (build 61)
Library Manager: ArmAr.exe V5.06 update 1 (build 61)
Hex Converter:   FromElf.exe V5.06 update 1 (build 61)
CPU DLL:         SARMCM3.DLL V5.18
Dialog DLL:      DCM.DLL V1.13.6.0
Target DLL:      Segger\JL2CM3.dll V2.99.18.0
Dialog DLL:      TCM.DLL V1.14.8.0
 
<h2>Project:</h2>
D:\F407_repo\F407_RT\F407_RT.uvprojx
Project File Date:  04/08/2026

<h2>Output:</h2>
*** Using Compiler 'V5.06 update 1 (build 61)', folder: 'C:\Software\DESKTOP\Major_tools\source\mdk\keil5\ARM\ARMCC\Bin'
Rebuild target 'F407_RT'
compiling drv_i2c.c...
compiling drv_gpio.c...
compiling drv_usart.c...
compiling drv_rcc.c...
compiling drv_exti.c...
compiling drv_dma.c...
compiling drv_rtc.c...
compiling drv_tim.c...
compiling drv_pwr.c...
compiling drv_dac.c...
compiling drv_adc.c...
compiling drv_cryp.c...
compiling main.c...
compiling drv_hash.c...
compiling drv_sdio.c...
compiling board.c...
compiling drv_i2s.c...
compiling drv_spi.c...
compiling drv_usb_otg_hs.c...
compiling drv_usb_otg_fs.c...
compiling drv_nvic.c...
compiling drv_flash.c...
assembling context_rvds.S...
compiling clock.c...
compiling system_stm32f4xx.c...
compiling drv_scb.c...
compiling cpu.c...
compiling drv_crc.c...
compiling components.c...
compiling drv_dbgmcu.c...
compiling drv_wdg.c...
compiling device.c...
compiling drv_rng.c...
compiling drv_fsmc.c...
compiling idle.c...
compiling drv_eth.c...
compiling drv_dcmi.c...
compiling drv_systick.c...
compiling drv_syscfg.c...
compiling drv_can.c...
compiling irq.c...
compiling ipc.c...
compiling drv_wwdg.c...
compiling mempool.c...
compiling memheap.c...
compiling mem.c...
compiling object.c...
compiling kservice.c...
compiling signal.c...
compiling slab.c...
compiling scheduler.c...
compiling thread.c...
compiling timer.c...
assembling startup_stm32f407xx.s...
compiling cpuport.c...
Projects\kernel\libcpu\arm\cortex-m4\cpuport.c(378): warning:  #177-D: variable "context" was declared but never referenced
      struct stack_frame *context = &exception_info->stack_frame;
Projects\kernel\libcpu\arm\cortex-m4\cpuport.c: 1 warning, 0 errors
linking...
Program Size: Code=6430 RO-data=818 RW-data=200 ZI-data=6384  
FromELF: creating hex file...
".\Objects\rt_demo.axf" - 0 Error(s), 1 Warning(s).

<h2>Software Packages used:</h2>

Package Vendor: Keil
                https://www.keil.com/pack/Keil.STM32F4xx_DFP.2.17.1.pack
                Keil.STM32F4xx_DFP.2.17.1
                STMicroelectronics STM32F4 Series Device Support, Drivers and Examples

<h2>Collection of Component include folders:</h2>
  .\RTE\_F407_RT
  C:\Software\DESKTOP\Major_tools\source\mdk\keil5\ARM\PACK\Keil\STM32F4xx_DFP\2.17.1\Drivers\CMSIS\Device\ST\STM32F4xx\Include

<h2>Collection of Component Files used:</h2>
Build Time Elapsed:  00:00:06
</pre>
</body>
</html>
