Component: ARM Compiler 5.06 update 1 (build 61) Tool: armlink [4d35a8]

==============================================================================

Section Cross References

    board.o(i.SysTick_Handler) refers to irq.o(i.rt_interrupt_enter) for rt_interrupt_enter
    board.o(i.SysTick_Handler) refers to clock.o(i.rt_tick_increase) for rt_tick_increase
    board.o(i.SysTick_Handler) refers to irq.o(i.rt_interrupt_leave) for rt_interrupt_leave
    board.o(i.SysTick_Init) refers to system_stm32f4xx.o(.data) for SystemCoreClock
    board.o(i.SystemClock_Config) refers to system_stm32f4xx.o(.data) for SystemCoreClock
    board.o(i.rt_hw_board_init) refers to board.o(i.SystemClock_Config) for SystemClock_Config
    board.o(i.rt_hw_board_init) refers to board.o(i.SysTick_Init) for SysTick_Init
    board.o(i.rt_hw_board_init) refers to kservice.o(i.rt_system_heap_init) for rt_system_heap_init
    board.o(i.rt_hw_board_init) refers to board.o(.bss) for rt_heap
    main.o(i.DMA2_Stream0_IRQHandler) refers to irq.o(i.rt_interrupt_enter) for rt_interrupt_enter
    main.o(i.DMA2_Stream0_IRQHandler) refers to drv_dma.o(i.dma_get_flag_tc) for dma_get_flag_tc
    main.o(i.DMA2_Stream0_IRQHandler) refers to drv_dma.o(i.dma_clear_flags) for dma_clear_flags
    main.o(i.DMA2_Stream0_IRQHandler) refers to ipc.o(i.rt_sem_release) for rt_sem_release
    main.o(i.DMA2_Stream0_IRQHandler) refers to drv_dma.o(i.dma_get_flag_te) for dma_get_flag_te
    main.o(i.DMA2_Stream0_IRQHandler) refers to irq.o(i.rt_interrupt_leave) for rt_interrupt_leave
    main.o(i.DMA2_Stream0_IRQHandler) refers to main.o(.bss) for flash_rx_sem
    main.o(i.flash_dma_read) refers to memseta.o(.text) for __aeabi_memset
    main.o(i.flash_dma_read) refers to memcpya.o(.text) for __aeabi_memcpy4
    main.o(i.flash_dma_read) refers to drv_dma.o(i.dma_init) for dma_init
    main.o(i.flash_dma_read) refers to main.o(i.spi_cs_low) for spi_cs_low
    main.o(i.flash_dma_read) refers to drv_dma.o(i.dma_start) for dma_start
    main.o(i.flash_dma_read) refers to drv_spi.o(i.spi_enable_dma) for spi_enable_dma
    main.o(i.flash_dma_read) refers to clock.o(i.rt_tick_from_millisecond) for rt_tick_from_millisecond
    main.o(i.flash_dma_read) refers to ipc.o(i.rt_sem_take) for rt_sem_take
    main.o(i.flash_dma_read) refers to drv_spi.o(i.spi_disable_dma) for spi_disable_dma
    main.o(i.flash_dma_read) refers to drv_dma.o(i.dma_stop) for dma_stop
    main.o(i.flash_dma_read) refers to drv_spi.o(i.spi_wait_idle) for spi_wait_idle
    main.o(i.flash_dma_read) refers to main.o(i.spi_cs_high) for spi_cs_high
    main.o(i.flash_dma_read) refers to main.o(.bss) for dma_tx_buf
    main.o(i.flash_dma_read) refers to main.o(.constdata) for .constdata
    main.o(i.flash_dma_read) refers to main.o(.data) for flash_spi
    main.o(i.flash_gpio_init) refers to drv_gpio.o(i.gpio_init_af_pp) for gpio_init_af_pp
    main.o(i.flash_gpio_init) refers to drv_gpio.o(i.gpio_clk_enable) for gpio_clk_enable
    main.o(i.flash_gpio_init) refers to drv_gpio.o(i.gpio_set_mode) for gpio_set_mode
    main.o(i.flash_gpio_init) refers to drv_gpio.o(i.gpio_set_af) for gpio_set_af
    main.o(i.flash_gpio_init) refers to drv_gpio.o(i.gpio_set_speed) for gpio_set_speed
    main.o(i.flash_gpio_init) refers to drv_gpio.o(i.gpio_set_pull) for gpio_set_pull
    main.o(i.flash_gpio_init) refers to drv_gpio.o(i.gpio_init_output_pp) for gpio_init_output_pp
    main.o(i.flash_gpio_init) refers to main.o(i.gpio_set) for gpio_set
    main.o(i.flash_test_entry) refers to main.o(i.flash_gpio_init) for flash_gpio_init
    main.o(i.flash_test_entry) refers to drv_spi.o(i.spi_init) for spi_init
    main.o(i.flash_test_entry) refers to ipc.o(i.rt_sem_init) for rt_sem_init
    main.o(i.flash_test_entry) refers to thread.o(i.rt_thread_mdelay) for rt_thread_mdelay
    main.o(i.flash_test_entry) refers to main.o(i.test_read_jedec_id) for test_read_jedec_id
    main.o(i.flash_test_entry) refers to main.o(i.test_dma_read) for test_dma_read
    main.o(i.flash_test_entry) refers to main.o(.data) for flash_spi
    main.o(i.flash_test_entry) refers to main.o(.bss) for flash_rx_sem
    main.o(i.led_entry) refers to drv_gpio.o(i.gpio_init_output_pp) for gpio_init_output_pp
    main.o(i.led_entry) refers to main.o(i.gpio_set) for gpio_set
    main.o(i.led_entry) refers to main.o(i.gpio_toggle) for gpio_toggle
    main.o(i.led_entry) refers to thread.o(i.rt_thread_mdelay) for rt_thread_mdelay
    main.o(i.led_entry) refers to main.o(.data) for dbg_all_pass
    main.o(i.main) refers to thread.o(i.rt_thread_init) for rt_thread_init
    main.o(i.main) refers to thread.o(i.rt_thread_startup) for rt_thread_startup
    main.o(i.main) refers to main.o(.bss) for led_stack
    main.o(i.main) refers to main.o(i.led_entry) for led_entry
    main.o(i.main) refers to main.o(i.flash_test_entry) for flash_test_entry
    main.o(i.test_dma_read) refers to memseta.o(.text) for __aeabi_memclr4
[...]
    thread.o(i._thread_timeout) refers to context_rvds.o(.text) for rt_hw_interrupt_disable
    thread.o(i._thread_timeout) refers to thread.o(i.rt_list_remove) for rt_list_remove
    thread.o(i._thread_timeout) refers to scheduler.o(i.rt_schedule_insert_thread) for rt_schedule_insert_thread
    thread.o(i._thread_timeout) refers to scheduler.o(i.rt_schedule) for rt_schedule
    thread.o(i.rt_thread_control) refers to context_rvds.o(.text) for rt_hw_interrupt_disable
    thread.o(i.rt_thread_control) refers to scheduler.o(i.rt_schedule_remove_thread) for rt_schedule_remove_thread
    thread.o(i.rt_thread_control) refers to scheduler.o(i.rt_schedule_insert_thread) for rt_schedule_insert_thread
    thread.o(i.rt_thread_control) refers to thread.o(i.rt_thread_startup) for rt_thread_startup
    thread.o(i.rt_thread_control) refers to object.o(i.rt_object_is_systemobject) for rt_object_is_systemobject
    thread.o(i.rt_thread_control) refers to thread.o(i.rt_thread_detach) for rt_thread_detach
    thread.o(i.rt_thread_control) refers to thread.o(i.rt_thread_delete) for rt_thread_delete
    thread.o(i.rt_thread_control) refers to scheduler.o(i.rt_schedule) for rt_schedule
    thread.o(i.rt_thread_create) refers to object.o(i.rt_object_allocate) for rt_object_allocate
    thread.o(i.rt_thread_create) refers to kservice.o(i.rt_malloc) for rt_malloc
    thread.o(i.rt_thread_create) refers to object.o(i.rt_object_delete) for rt_object_delete
    thread.o(i.rt_thread_create) refers to thread.o(i._thread_init) for _thread_init
    thread.o(i.rt_thread_delay) refers to thread.o(i.rt_thread_sleep) for rt_thread_sleep
    thread.o(i.rt_thread_delay_until) refers to thread.o(i.rt_thread_self) for rt_thread_self
    thread.o(i.rt_thread_delay_until) refers to context_rvds.o(.text) for rt_hw_interrupt_disable
    thread.o(i.rt_thread_delay_until) refers to clock.o(i.rt_tick_get) for rt_tick_get
    thread.o(i.rt_thread_delay_until) refers to thread.o(i.rt_thread_suspend) for rt_thread_suspend
    thread.o(i.rt_thread_delay_until) refers to timer.o(i.rt_timer_control) for rt_timer_control
    thread.o(i.rt_thread_delay_until) refers to timer.o(i.rt_timer_start) for rt_timer_start
    thread.o(i.rt_thread_delay_until) refers to scheduler.o(i.rt_schedule) for rt_schedule
    thread.o(i.rt_thread_delete) refers to scheduler.o(i.rt_schedule_remove_thread) for rt_schedule_remove_thread
    thread.o(i.rt_thread_delete) refers to context_rvds.o(.text) for rt_hw_interrupt_disable
    thread.o(i.rt_thread_delete) refers to timer.o(i.rt_timer_detach) for rt_timer_detach
    thread.o(i.rt_thread_delete) refers to idle.o(i.rt_thread_defunct_enqueue) for rt_thread_defunct_enqueue
    thread.o(i.rt_thread_detach) refers to scheduler.o(i.rt_schedule_remove_thread) for rt_schedule_remove_thread
    thread.o(i.rt_thread_detach) refers to context_rvds.o(.text) for rt_hw_interrupt_disable
    thread.o(i.rt_thread_detach) refers to timer.o(i.rt_timer_detach) for rt_timer_detach
    thread.o(i.rt_thread_detach) refers to idle.o(i.rt_thread_defunct_enqueue) for rt_thread_defunct_enqueue
    thread.o(i.rt_thread_find) refers to object.o(i.rt_object_find) for rt_object_find
    thread.o(i.rt_thread_init) refers to object.o(i.rt_object_init) for rt_object_init
    thread.o(i.rt_thread_init) refers to thread.o(i._thread_init) for _thread_init
    thread.o(i.rt_thread_mdelay) refers to clock.o(i.rt_tick_from_millisecond) for rt_tick_from_millisecond
    thread.o(i.rt_thread_mdelay) refers to thread.o(i.rt_thread_sleep) for rt_thread_sleep
    thread.o(i.rt_thread_resume) refers to context_rvds.o(.text) for rt_hw_interrupt_disable
    thread.o(i.rt_thread_resume) refers to thread.o(i.rt_list_remove) for rt_list_remove
    thread.o(i.rt_thread_resume) refers to timer.o(i.rt_timer_stop) for rt_timer_stop
    thread.o(i.rt_thread_resume) refers to scheduler.o(i.rt_schedule_insert_thread) for rt_schedule_insert_thread
    thread.o(i.rt_thread_self) refers to scheduler.o(.data) for rt_current_thread
    thread.o(i.rt_thread_sleep) refers to thread.o(i.rt_thread_self) for rt_thread_self
    thread.o(i.rt_thread_sleep) refers to context_rvds.o(.text) for rt_hw_interrupt_disable
    thread.o(i.rt_thread_sleep) refers to thread.o(i.rt_thread_suspend) for rt_thread_suspend
    thread.o(i.rt_thread_sleep) refers to timer.o(i.rt_timer_control) for rt_timer_control
    thread.o(i.rt_thread_sleep) refers to timer.o(i.rt_timer_start) for rt_timer_start
    thread.o(i.rt_thread_sleep) refers to scheduler.o(i.rt_schedule) for rt_schedule
    thread.o(i.rt_thread_startup) refers to thread.o(i.rt_thread_resume) for rt_thread_resume
    thread.o(i.rt_thread_startup) refers to thread.o(i.rt_thread_self) for rt_thread_self
    thread.o(i.rt_thread_startup) refers to scheduler.o(i.rt_schedule) for rt_schedule
    thread.o(i.rt_thread_suspend) refers to context_rvds.o(.text) for rt_hw_interrupt_disable
    thread.o(i.rt_thread_suspend) refers to scheduler.o(i.rt_schedule_remove_thread) for rt_schedule_remove_thread
    thread.o(i.rt_thread_suspend) refers to timer.o(i.rt_timer_stop) for rt_timer_stop
    thread.o(i.rt_thread_yield) refers to thread.o(i.rt_thread_self) for rt_thread_self
    thread.o(i.rt_thread_yield) refers to context_rvds.o(.text) for rt_hw_interrupt_disable
    thread.o(i.rt_thread_yield) refers to scheduler.o(i.rt_schedule) for rt_schedule
    timer.o(i._timer_init) refers to timer.o(i.rt_list_init) for rt_list_init
    timer.o(i._timer_list_next_timeout) refers to context_rvds.o(.text) for rt_hw_interrupt_disable
    timer.o(i._timer_list_next_timeout) refers to timer.o(i.rt_list_isempty) for rt_list_isempty
    timer.o(i._timer_remove) refers to timer.o(i.rt_list_remove) for rt_list_remove
    timer.o(i.rt_system_timer_init) refers to timer.o(i.rt_list_init) for rt_list_init
    timer.o(i.rt_system_timer_init) refers to timer.o(.data) for _timer_list
    timer.o(i.rt_timer_check) refers to timer.o(i.rt_list_init) for rt_list_init
    timer.o(i.rt_timer_check) refers to clock.o(i.rt_tick_get) for rt_tick_get
    timer.o(i.rt_timer_check) refers to context_rvds.o(.text) for rt_hw_interrupt_disable
    timer.o(i.rt_timer_check) refers to timer.o(i._timer_remove) for _timer_remove
    timer.o(i.rt_timer_check) refers to timer.o(i.rt_list_insert_after) for rt_list_insert_after
    timer.o(i.rt_timer_check) refers to timer.o(i.rt_list_isempty) for rt_list_isempty
    timer.o(i.rt_timer_check) refers to timer.o(i.rt_list_remove) for rt_list_remove
    timer.o(i.rt_timer_check) refers to timer.o(i.rt_timer_start) for rt_timer_start
    timer.o(i.rt_timer_check) refers to timer.o(.data) for _timer_list
    timer.o(i.rt_timer_control) refers to context_rvds.o(.text) for rt_hw_interrupt_disable
    timer.o(i.rt_timer_create) refers to object.o(i.rt_object_allocate) for rt_object_allocate
    timer.o(i.rt_timer_create) refers to timer.o(i._timer_init) for _timer_init
    timer.o(i.rt_timer_delete) refers to context_rvds.o(.text) for rt_hw_interrupt_disable
    timer.o(i.rt_timer_delete) refers to timer.o(i._timer_remove) for _timer_remove
    timer.o(i.rt_timer_delete) refers to object.o(i.rt_object_delete) for rt_object_delete
    timer.o(i.rt_timer_detach) refers to context_rvds.o(.text) for rt_hw_interrupt_disable
    timer.o(i.rt_timer_detach) refers to timer.o(i._timer_remove) for _timer_remove
    timer.o(i.rt_timer_detach) refers to object.o(i.rt_object_detach) for rt_object_detach
    timer.o(i.rt_timer_init) refers to object.o(i.rt_object_init) for rt_object_init
    timer.o(i.rt_timer_init) refers to timer.o(i._timer_init) for _timer_init
    timer.o(i.rt_timer_next_timeout_tick) refers to timer.o(i._timer_list_next_timeout) for _timer_list_next_timeout
    timer.o(i.rt_timer_next_timeout_tick) refers to timer.o(.data) for _timer_list
    timer.o(i.rt_timer_start) refers to context_rvds.o(.text) for rt_hw_interrupt_disable
    timer.o(i.rt_timer_start) refers to timer.o(i._timer_remove) for _timer_remove
    timer.o(i.rt_timer_start) refers to clock.o(i.rt_tick_get) for rt_tick_get
    timer.o(i.rt_timer_start) refers to timer.o(i.rt_list_insert_after) for rt_list_insert_after
    timer.o(i.rt_timer_start) refers to scheduler.o(i.rt_schedule) for rt_schedule
    timer.o(i.rt_timer_start) refers to timer.o(.data) for _timer_list
    timer.o(i.rt_timer_stop) refers to context_rvds.o(.text) for rt_hw_interrupt_disable
    timer.o(i.rt_timer_stop) refers to timer.o(i._timer_remove) for _timer_remove
    context_rvds.o(.text) refers to cpuport.o(i.rt_hw_hard_fault_exception) for rt_hw_hard_fault_exception
    context_rvds.o(.text) refers to cpuport.o(.data) for rt_thread_switch_interrupt_flag
    entry.o(.ARM.Collect$$$$00000000) refers (Special) to entry10a.o(.ARM.Collect$$$$0000000D) for __rt_final_cpp
    entry.o(.ARM.Collect$$$$00000000) refers (Special) to entry11a.o(.ARM.Collect$$$$0000000F) for __rt_final_exit
    entry.o(.ARM.Collect$$$$00000000) refers (Special) to entry7b.o(.ARM.Collect$$$$00000008) for _main_clock
    entry.o(.ARM.Collect$$$$00000000) refers (Special) to entry8b.o(.ARM.Collect$$$$0000000A) for _main_cpp_init
    entry.o(.ARM.Collect$$$$00000000) refers (Special) to entry9a.o(.ARM.Collect$$$$0000000B) for _main_init
    entry.o(.ARM.Collect$$$$00000000) refers (Special) to entry5.o(.ARM.Collect$$$$00000004) for _main_scatterload
    entry.o(.ARM.Collect$$$$00000000) refers (Special) to entry2.o(.ARM.Collect$$$$00000001) for _main_stk
    entry2.o(.ARM.Collect$$$$00000001) refers to entry2.o(.ARM.Collect$$$$00002712) for __lit__00000000
    entry2.o(.ARM.Collect$$$$00002712) refers to startup_stm32f407xx.o(STACK) for __initial_sp
    entry2.o(__vectab_stack_and_reset_area) refers to startup_stm32f407xx.o(STACK) for __initial_sp
    entry2.o(__vectab_stack_and_reset_area) refers to entry.o(.ARM.Collect$$$$00000000) for __main
    entry5.o(.ARM.Collect$$$$00000004) refers to init.o(.text) for __scatterload
    entry9a.o(.ARM.Collect$$$$0000000B) refers to components.o(i.$Sub$$main) for main
    entry9b.o(.ARM.Collect$$$$0000000C) refers to components.o(i.$Sub$$main) for main
    init.o(.text) refers to entry5.o(.ARM.Collect$$$$00000004) for __main_after_scatterload


==============================================================================

Removing Unused input sections from the image.

    Removing board.o(.rev16_text), (4 bytes).
    Removing board.o(.revsh_text), (4 bytes).
    Removing board.o(.rrx_text), (6 bytes).
    Removing main.o(.rev16_text), (4 bytes).
    Removing main.o(.revsh_text), (4 bytes).
    Removing main.o(.rrx_text), (6 bytes).
    Removing drv_dma.o(.rev16_text), (4 bytes).
    Removing drv_dma.o(.revsh_text), (4 bytes).
    Removing drv_dma.o(.rrx_text), (6 bytes).
    Removing drv_dma.o(i.dma_get_flag_ht), (32 bytes).
    Removing drv_dma.o(i.dma_get_irqn), (44 bytes).
    Removing drv_dma.o(i.dma_restart), (34 bytes).
    Removing drv_gpio.o(.rev16_text), (4 bytes).
    Removing drv_gpio.o(.revsh_text), (4 bytes).
    Removing drv_gpio.o(.rrx_text), (6 bytes).
    Removing drv_gpio.o(i.gpio_init_analog), (34 bytes).
    Removing drv_gpio.o(i.gpio_init_input), (36 bytes).
    Removing drv_spi.o(.rev16_text), (4 bytes).
    Removing drv_spi.o(.revsh_text), (4 bytes).
    Removing drv_spi.o(.rrx_text), (6 bytes).
    Removing drv_spi.o(i.spi_deinit), (22 bytes).
    Removing drv_spi.o(i.spi_rx_buffer), (30 bytes).
    Removing drv_spi.o(i.spi_set_prescaler), (56 bytes).
    Removing drv_spi.o(i.spi_transfer_frame), (88 bytes).
    Removing drv_spi.o(i.spi_tx_buffer), (54 bytes).
    Removing drv_spi.o(i.spi_txrx_buffer), (32 bytes).
    Removing startup_stm32f407xx.o(HEAP), (0 bytes).
    Removing system_stm32f4xx.o(.rev16_text), (4 bytes).
    Removing system_stm32f4xx.o(.revsh_text), (4 bytes).
    Removing system_stm32f4xx.o(.rrx_text), (6 bytes).
    Removing system_stm32f4xx.o(i.SystemCoreClockUpdate), (192 bytes).
    Removing system_stm32f4xx.o(i.SystemInit), (20 bytes).
    Removing system_stm32f4xx.o(.constdata), (24 bytes).
    Removing cpuport.o(i.rt_hw_cpu_reset), (16 bytes).
    Removing cpuport.o(i.rt_hw_cpu_shutdown), (2 bytes).
    Removing cpuport.o(i.rt_hw_exception_install), (12 bytes).
    Removing clock.o(i.rt_tick_get_millisecond), (8 bytes).
    Removing clock.o(i.rt_tick_set), (28 bytes).
    Removing components.o(i.rt_components_board_init), (28 bytes).
    Removing idle.o(i.rt_thread_idle_gethandler), (20 bytes).
    Removing ipc.o(i._ipc_list_resume_all), (50 bytes).
    Removing ipc.o(i.rt_mb_control), (66 bytes).
    Removing ipc.o(i.rt_mb_create), (82 bytes).
    Removing ipc.o(i.rt_mb_delete), (36 bytes).
    Removing ipc.o(i.rt_mb_detach), (30 bytes).
    Removing ipc.o(i.rt_mb_init), (62 bytes).
    Removing ipc.o(i.rt_mb_recv), (250 bytes).
    Removing ipc.o(i.rt_mb_send), (18 bytes).
    Removing ipc.o(i.rt_mb_send_wait), (270 bytes).
    Removing ipc.o(i.rt_mb_urgent), (108 bytes).
    Removing ipc.o(i.rt_sem_control), (54 bytes).
    Removing ipc.o(i.rt_sem_create), (42 bytes).
    Removing ipc.o(i.rt_sem_delete), (22 bytes).
    Removing ipc.o(i.rt_sem_detach), (22 bytes).
    Removing ipc.o(i.rt_sem_trytake), (14 bytes).
    Removing irq.o(i.rt_interrupt_get_nest), (28 bytes).
    Removing kservice.o(i._rt_errno), (36 bytes).
    Removing kservice.o(i.rt_calloc), (34 bytes).
    Removing kservice.o(i.rt_free_align), (22 bytes).
    Removing kservice.o(i.rt_get_errno), (36 bytes).
    Removing kservice.o(i.rt_hw_us_delay), (2 bytes).
    Removing kservice.o(i.rt_malloc_align), (70 bytes).
    Removing kservice.o(i.rt_memcmp), (38 bytes).
    Removing kservice.o(i.rt_memcpy), (124 bytes).
    Removing kservice.o(i.rt_memmove), (66 bytes).
    Removing kservice.o(i.rt_memory_info), (68 bytes).
    Removing kservice.o(i.rt_realloc), (44 bytes).
    Removing kservice.o(i.rt_set_errno), (40 bytes).
    Removing kservice.o(i.rt_snprintf), (38 bytes).
    Removing kservice.o(i.rt_strcasecmp), (48 bytes).
    Removing kservice.o(i.rt_strcmp), (28 bytes).
    Removing kservice.o(i.rt_strcpy), (24 bytes).
    Removing kservice.o(i.rt_strdup), (40 bytes).
    Removing kservice.o(i.rt_strerror), (32 bytes).
    Removing kservice.o(i.rt_strlen), (18 bytes).
    Removing kservice.o(i.rt_strncmp), (40 bytes).
    Removing kservice.o(i.rt_strnlen), (24 bytes).
    Removing kservice.o(i.rt_strstr), (58 bytes).
    Removing mem.o(i.rt_smem_detach), (14 bytes).
    Removing mem.o(i.rt_smem_realloc), (224 bytes).
    Removing object.o(i.rt_object_find), (82 bytes).
    Removing object.o(i.rt_object_get_length), (58 bytes).
    Removing object.o(i.rt_object_get_pointers), (86 bytes).
    Removing object.o(i.rt_object_get_type), (10 bytes).
    Removing scheduler.o(i.rt_critical_level), (12 bytes).
    Removing thread.o(i.rt_thread_control), (146 bytes).
    Removing thread.o(i.rt_thread_delay), (12 bytes).
    Removing thread.o(i.rt_thread_delay_until), (112 bytes).
    Removing thread.o(i.rt_thread_delete), (72 bytes).
    Removing thread.o(i.rt_thread_detach), (72 bytes).
    Removing thread.o(i.rt_thread_find), (14 bytes).
    Removing thread.o(i.rt_thread_yield), (44 bytes).
    Removing timer.o(i._timer_list_next_timeout), (56 bytes).
    Removing timer.o(i.rt_timer_create), (54 bytes).
    Removing timer.o(i.rt_timer_delete), (40 bytes).
    Removing timer.o(i.rt_timer_next_timeout_tick), (24 bytes).

96 unused section(s) (total 4112 bytes) removed from the image.

==============================================================================

Image Symbol Table

    Local Symbols

    Symbol Name                              Value     Ov Type        Size  Object(Section)

    ../clib/microlib/init/entry.s            0x00000000   Number         0  entry11a.o ABSOLUTE
    ../clib/microlib/init/entry.s            0x00000000   Number         0  entry9a.o ABSOLUTE
    ../clib/microlib/init/entry.s            0x00000000   Number         0  entry10b.o ABSOLUTE
    ../clib/microlib/init/entry.s            0x00000000   Number         0  entry8b.o ABSOLUTE
    ../clib/microlib/init/entry.s            0x00000000   Number         0  entry9b.o ABSOLUTE
    ../clib/microlib/init/entry.s            0x00000000   Number         0  entry8a.o ABSOLUTE
    ../clib/microlib/init/entry.s            0x00000000   Number         0  entry7b.o ABSOLUTE
    ../clib/microlib/init/entry.s            0x00000000   Number         0  entry7a.o ABSOLUTE
    ../clib/microlib/init/entry.s            0x00000000   Number         0  entry10a.o ABSOLUTE
    ../clib/microlib/init/entry.s            0x00000000   Number         0  entry.o ABSOLUTE
    ../clib/microlib/init/entry.s            0x00000000   Number         0  entry11b.o ABSOLUTE
    ../clib/microlib/init/entry.s            0x00000000   Number         0  entry5.o ABSOLUTE
    ../clib/microlib/init/entry.s            0x00000000   Number         0  entry2.o ABSOLUTE
    ../clib/microlib/string/memcpy.c         0x00000000   Number         0  memcpyb.o ABSOLUTE
    ../clib/microlib/string/memcpy.c         0x00000000   Number         0  memcpya.o ABSOLUTE
    ../clib/microlib/string/memset.c         0x00000000   Number         0  memseta.o ABSOLUTE
    Projects\CMSIS\Device\ST\STM32F4xx\Source\Templates\arm\startup_stm32f407xx.s 0x00000000   Number         0  startup_stm32f407xx.o ABSOLUTE
    Projects\CMSIS\Device\ST\STM32F4xx\Source\Templates\system_stm32f4xx.c 0x00000000   Number         0  system_stm32f4xx.o ABSOLUTE
    Projects\\CMSIS\\Device\\ST\\STM32F4xx\\Source\\Templates\\system_stm32f4xx.c 0x00000000   Number         0  system_stm32f4xx.o ABSOLUTE
    Projects\\drivers\\drv_dma.c             0x00000000   Number         0  drv_dma.o ABSOLUTE
    Projects\\drivers\\drv_gpio.c            0x00000000   Number         0  drv_gpio.o ABSOLUTE
    Projects\\drivers\\drv_spi.c             0x00000000   Number         0  drv_spi.o ABSOLUTE
    Projects\\user\\board.c                  0x00000000   Number         0  board.o ABSOLUTE
    Projects\\user\\main.c                   0x00000000   Number         0  main.o ABSOLUTE
    Projects\drivers\drv_dma.c               0x00000000   Number         0  drv_dma.o ABSOLUTE
    Projects\drivers\drv_gpio.c              0x00000000   Number         0  drv_gpio.o ABSOLUTE
    Projects\drivers\drv_sdio.c              0x00000000   Number         0  drv_sdio.o ABSOLUTE
    Projects\drivers\drv_spi.c               0x00000000   Number         0  drv_spi.o ABSOLUTE
    Projects\drivers\drv_tim.c               0x00000000   Number         0  drv_tim.o ABSOLUTE
    Projects\rt-thread\libcpu\arm\cortex-m4\context_rvds.S 0x00000000   Number         0  context_rvds.o ABSOLUTE
    Projects\rt-thread\libcpu\arm\cortex-m4\cpuport.c 0x00000000   Number         0  cpuport.o ABSOLUTE
    Projects\rt-thread\src\clock.c           0x00000000   Number         0  clock.o ABSOLUTE
    Projects\rt-thread\src\components.c      0x00000000   Number         0  components.o ABSOLUTE
    Projects\rt-thread\src\cpu.c             0x00000000   Number         0  cpu.o ABSOLUTE
    Projects\rt-thread\src\device.c          0x00000000   Number         0  device.o ABSOLUTE
    Projects\rt-thread\src\idle.c            0x00000000   Number         0  idle.o ABSOLUTE
    Projects\rt-thread\src\ipc.c             0x00000000   Number         0  ipc.o ABSOLUTE
    Projects\rt-thread\src\irq.c             0x00000000   Number         0  irq.o ABSOLUTE
    Projects\rt-thread\src\kservice.c        0x00000000   Number         0  kservice.o ABSOLUTE
    Projects\rt-thread\src\mem.c             0x00000000   Number         0  mem.o ABSOLUTE
    Projects\rt-thread\src\memheap.c         0x00000000   Number         0  memheap.o ABSOLUTE
    Projects\rt-thread\src\mempool.c         0x00000000   Number         0  mempool.o ABSOLUTE
    Projects\rt-thread\src\object.c          0x00000000   Number         0  object.o ABSOLUTE
    Projects\rt-thread\src\scheduler.c       0x00000000   Number         0  scheduler.o ABSOLUTE
    Projects\rt-thread\src\signal.c          0x00000000   Number         0  signal.o ABSOLUTE
    Projects\rt-thread\src\slab.c            0x00000000   Number         0  slab.o ABSOLUTE
    Projects\rt-thread\src\thread.c          0x00000000   Number         0  thread.o ABSOLUTE
    Projects\rt-thread\src\timer.c           0x00000000   Number         0  timer.o ABSOLUTE
    Projects\user\board.c                    0x00000000   Number         0  board.o ABSOLUTE
    Projects\user\main.c                     0x00000000   Number         0  main.o ABSOLUTE
    dc.s                                     0x00000000   Number         0  dc.o ABSOLUTE
    handlers.s                               0x00000000   Number         0  handlers.o ABSOLUTE
    init.s                                   0x00000000   Number         0  init.o ABSOLUTE
    RESET                                    0x08000000   Section      392  startup_stm32f407xx.o(RESET)
    .ARM.Collect$$$$00000000                 0x08000188   Section        0  entry.o(.ARM.Collect$$$$00000000)
    .ARM.Collect$$$$00000001                 0x08000188   Section        4  entry2.o(.ARM.Collect$$$$00000001)
    .ARM.Collect$$$$00000004                 0x0800018c   Section        4  entry5.o(.ARM.Collect$$$$00000004)
    .ARM.Collect$$$$00000008                 0x08000190   Section        0  entry7b.o(.ARM.Collect$$$$00000008)
    .ARM.Collect$$$$0000000A                 0x08000190   Section        0  entry8b.o(.ARM.Collect$$$$0000000A)
    .ARM.Collect$$$$0000000B                 0x08000190   Section        8  entry9a.o(.ARM.Collect$$$$0000000B)
    .ARM.Collect$$$$0000000D                 0x08000198   Section        0  entry10a.o(.ARM.Collect$$$$0000000D)
    .ARM.Collect$$$$0000000F                 0x08000198   Section        0  entry11a.o(.ARM.Collect$$$$0000000F)
    .ARM.Collect$$$$00002712                 0x08000198   Section        4  entry2.o(.ARM.Collect$$$$00002712)
    __lit__00000000                          0x08000198   Data           4  entry2.o(.ARM.Collect$$$$00002712)
    .text                                    0x0800019c   Section       44  startup_stm32f407xx.o(.text)
    $v0                                      0x0800019c   Number         0  startup_stm32f407xx.o(.text)
    .text                                    0x080001c8   Section      316  context_rvds.o(.text)
    $v0                                      0x080001c8   Number         0  context_rvds.o(.text)
    .text                                    0x08000304   Section        0  memcpya.o(.text)
    .text                                    0x08000328   Section        0  memseta.o(.text)
    .text                                    0x0800034c   Section       36  init.o(.text)
    i.$Sub$$main                             0x08000370   Section        0  components.o(i.$Sub$$main)
    i.DMA2_Stream0_IRQHandler                0x0800037c   Section        0  main.o(i.DMA2_Stream0_IRQHandler)
    i.SysTick_Handler                        0x080003b8   Section        0  board.o(i.SysTick_Handler)
    i.SysTick_Init                           0x080003c8   Section        0  board.o(i.SysTick_Init)
    SysTick_Init                             0x080003c9   Thumb Code    30  board.o(i.SysTick_Init)
    i.SystemClock_Config                     0x080003ec   Section        0  board.o(i.SystemClock_Config)
    SystemClock_Config                       0x080003ed   Thumb Code   200  board.o(i.SystemClock_Config)
    i.__rt_ffs                               0x080004cc   Section        0  kservice.o(i.__rt_ffs)
    i.__scatterload_copy                     0x08000518   Section       14  handlers.o(i.__scatterload_copy)
    i.__scatterload_null                     0x08000526   Section        2  handlers.o(i.__scatterload_null)
    i.__scatterload_zeroinit                 0x08000528   Section       14  handlers.o(i.__scatterload_zeroinit)
    i._heap_lock                             0x08000536   Section        0  kservice.o(i._heap_lock)
    _heap_lock                               0x08000537   Thumb Code    10  kservice.o(i._heap_lock)
    i._heap_unlock                           0x08000540   Section        0  kservice.o(i._heap_unlock)
    _heap_unlock                             0x08000541   Thumb Code    10  kservice.o(i._heap_unlock)
    i._ipc_list_resume                       0x0800054a   Section        0  ipc.o(i._ipc_list_resume)
    _ipc_list_resume                         0x0800054b   Thumb Code    20  ipc.o(i._ipc_list_resume)
    i._ipc_list_suspend                      0x0800055e   Section        0  ipc.o(i._ipc_list_suspend)
    _ipc_list_suspend                        0x0800055f   Thumb Code   110  ipc.o(i._ipc_list_suspend)
    i._ipc_object_init                       0x080005cc   Section        0  ipc.o(i._ipc_object_init)
    _ipc_object_init                         0x080005cd   Thumb Code    16  ipc.o(i._ipc_object_init)
    i._scheduler_get_highest_priority_thread 0x080005dc   Section        0  scheduler.o(i._scheduler_get_highest_priority_thread)
    _scheduler_get_highest_priority_thread   0x080005dd   Thumb Code    30  scheduler.o(i._scheduler_get_highest_priority_thread)
    i._thread_exit                           0x08000604   Section        0  thread.o(i._thread_exit)
    _thread_exit                             0x08000605   Thumb Code    52  thread.o(i._thread_exit)
    i._thread_init                           0x08000638   Section        0  thread.o(i._thread_init)
    _thread_init                             0x08000639   Thumb Code   120  thread.o(i._thread_init)
    i._thread_timeout                        0x080006b8   Section        0  thread.o(i._thread_timeout)
    _thread_timeout                          0x080006b9   Thumb Code    44  thread.o(i._thread_timeout)
    i._timer_init                            0x080006e4   Section        0  timer.o(i._timer_init)
    _timer_init                              0x080006e5   Thumb Code    66  timer.o(i._timer_init)
    i._timer_remove                          0x08000726   Section        0  timer.o(i._timer_remove)
    _timer_remove                            0x08000727   Thumb Code    28  timer.o(i._timer_remove)
    i.dma_clear_flags                        0x08000744   Section        0  drv_dma.o(i.dma_clear_flags)
    i.dma_clk_enable                         0x0800077c   Section        0  drv_dma.o(i.dma_clk_enable)
    i.dma_get_flag_tc                        0x080007b0   Section        0  drv_dma.o(i.dma_get_flag_tc)
    i.dma_get_flag_te                        0x080007d0   Section        0  drv_dma.o(i.dma_get_flag_te)
    i.dma_get_stream_num                     0x080007f0   Section        0  drv_dma.o(i.dma_get_stream_num)
    i.dma_init                               0x08000814   Section        0  drv_dma.o(i.dma_init)
    i.dma_start                              0x080008d4   Section        0  drv_dma.o(i.dma_start)
    i.dma_stop                               0x080008de   Section        0  drv_dma.o(i.dma_stop)
    i.flash_dma_read                         0x080008f4   Section        0  main.o(i.flash_dma_read)
    flash_dma_read                           0x080008f5   Thumb Code   240  main.o(i.flash_dma_read)
    i.flash_gpio_init                        0x08000a00   Section        0  main.o(i.flash_gpio_init)
    flash_gpio_init                          0x08000a01   Thumb Code    86  main.o(i.flash_gpio_init)
    i.flash_test_entry                       0x08000a60   Section        0  main.o(i.flash_test_entry)
    flash_test_entry                         0x08000a61   Thumb Code   150  main.o(i.flash_test_entry)
    i.get_dma_ctrl                           0x08000b28   Section        0  drv_dma.o(i.get_dma_ctrl)
    get_dma_ctrl                             0x08000b29   Thumb Code    18  drv_dma.o(i.get_dma_ctrl)
    i.get_flag_bit                           0x08000b44   Section        0  drv_dma.o(i.get_flag_bit)
    get_flag_bit                             0x08000b45   Thumb Code    30  drv_dma.o(i.get_flag_bit)
    i.gpio_clk_enable                        0x08000b68   Section        0  drv_gpio.o(i.gpio_clk_enable)
    i.gpio_init_af_pp                        0x08000b90   Section        0  drv_gpio.o(i.gpio_init_af_pp)
    i.gpio_init_output_pp                    0x08000bd2   Section        0  drv_gpio.o(i.gpio_init_output_pp)
    i.gpio_set                               0x08000c08   Section        0  main.o(i.gpio_set)
    gpio_set                                 0x08000c09   Thumb Code     8  main.o(i.gpio_set)
    i.gpio_set_af                            0x08000c10   Section        0  drv_gpio.o(i.gpio_set_af)
    i.gpio_set_mode                          0x08000c48   Section        0  drv_gpio.o(i.gpio_set_mode)
    i.gpio_set_otype                         0x08000c64   Section        0  drv_gpio.o(i.gpio_set_otype)
    i.gpio_set_pull                          0x08000c80   Section        0  drv_gpio.o(i.gpio_set_pull)
    i.gpio_set_speed                         0x08000c9c   Section        0  drv_gpio.o(i.gpio_set_speed)
    i.gpio_toggle                            0x08000cb8   Section        0  main.o(i.gpio_toggle)
    gpio_toggle                              0x08000cb9   Thumb Code    12  main.o(i.gpio_toggle)
    i.led_entry                              0x08000cc4   Section        0  main.o(i.led_entry)
    led_entry                                0x08000cc5   Thumb Code   136  main.o(i.led_entry)
    i.main                                   0x08000d60   Section        0  main.o(i.main)
    i.main_thread_entry                      0x08000dd4   Section        0  components.o(i.main_thread_entry)
    i.plug_holes                             0x08000de2   Section        0  mem.o(i.plug_holes)
    plug_holes                               0x08000de3   Thumb Code   102  mem.o(i.plug_holes)
    i.print_number                           0x08000e48   Section        0  kservice.o(i.print_number)
    print_number                             0x08000e49   Thumb Code   400  kservice.o(i.print_number)
    i.read_isr                               0x08000fe0   Section        0  drv_dma.o(i.read_isr)
    read_isr                                 0x08000fe1   Thumb Code    32  drv_dma.o(i.read_isr)
    i.rt_application_init                    0x08001000   Section        0  components.o(i.rt_application_init)
    i.rt_components_init                     0x08001030   Section        0  components.o(i.rt_components_init)
    i.rt_defunct_execute                     0x0800104c   Section        0  idle.o(i.rt_defunct_execute)
    rt_defunct_execute                       0x0800104d   Thumb Code    62  idle.o(i.rt_defunct_execute)
    i.rt_enter_critical                      0x0800108c   Section        0  scheduler.o(i.rt_enter_critical)
    i.rt_exit_critical                       0x080010ac   Section        0  scheduler.o(i.rt_exit_critical)
    i.rt_free                                0x080010f0   Section        0  kservice.o(i.rt_free)
    i.rt_hw_board_init                       0x08001110   Section        0  board.o(i.rt_hw_board_init)
    i.rt_hw_hard_fault_exception             0x0800112c   Section        0  cpuport.o(i.rt_hw_hard_fault_exception)
    i.rt_hw_stack_init                       0x08001158   Section        0  cpuport.o(i.rt_hw_stack_init)
    i.rt_interrupt_enter                     0x080011a8   Section        0  irq.o(i.rt_interrupt_enter)
    i.rt_interrupt_leave                     0x080011c8   Section        0  irq.o(i.rt_interrupt_leave)
    i.rt_list_init                           0x080011e8   Section        0  ipc.o(i.rt_list_init)
    rt_list_init                             0x080011e9   Thumb Code     6  ipc.o(i.rt_list_init)
    i.rt_list_init                           0x080011ee   Section        0  timer.o(i.rt_list_init)
    rt_list_init                             0x080011ef   Thumb Code     6  timer.o(i.rt_list_init)
    i.rt_list_insert_after                   0x080011f4   Section        0  object.o(i.rt_list_insert_after)
    rt_list_insert_after                     0x080011f5   Thumb Code    14  object.o(i.rt_list_insert_after)
    i.rt_list_insert_after                   0x08001202   Section        0  timer.o(i.rt_list_insert_after)
    rt_list_insert_after                     0x08001203   Thumb Code    14  timer.o(i.rt_list_insert_after)
    i.rt_list_insert_before                  0x08001210   Section        0  ipc.o(i.rt_list_insert_before)
    rt_list_insert_before                    0x08001211   Thumb Code    14  ipc.o(i.rt_list_insert_before)
    i.rt_list_isempty                        0x0800121e   Section        0  ipc.o(i.rt_list_isempty)
    rt_list_isempty                          0x0800121f   Thumb Code    16  ipc.o(i.rt_list_isempty)
    i.rt_list_isempty                        0x0800122e   Section        0  timer.o(i.rt_list_isempty)
    rt_list_isempty                          0x0800122f   Thumb Code    16  timer.o(i.rt_list_isempty)
    i.rt_list_remove                         0x0800123e   Section        0  object.o(i.rt_list_remove)
    rt_list_remove                           0x0800123f   Thumb Code    18  object.o(i.rt_list_remove)
    i.rt_list_remove                         0x08001250   Section        0  thread.o(i.rt_list_remove)
    rt_list_remove                           0x08001251   Thumb Code    18  thread.o(i.rt_list_remove)
    i.rt_list_remove                         0x08001262   Section        0  timer.o(i.rt_list_remove)
    rt_list_remove                           0x08001263   Thumb Code    18  timer.o(i.rt_list_remove)
    i.rt_malloc                              0x08001274   Section        0  kservice.o(i.rt_malloc)
    i.rt_memset                              0x08001298   Section        0  kservice.o(i.rt_memset)
    i.rt_object_allocate                     0x080012e0   Section        0  object.o(i.rt_object_allocate)
    i.rt_object_delete                       0x08001334   Section        0  object.o(i.rt_object_delete)
    i.rt_object_detach                       0x08001358   Section        0  object.o(i.rt_object_detach)
    i.rt_object_get_information              0x08001378   Section        0  object.o(i.rt_object_get_information)
    i.rt_object_init                         0x080013a0   Section        0  object.o(i.rt_object_init)
    i.rt_object_is_systemobject              0x080013f6   Section        0  object.o(i.rt_object_is_systemobject)
    i.rt_schedule                            0x08001408   Section        0  scheduler.o(i.rt_schedule)
    i.rt_schedule_insert_thread              0x08001524   Section        0  scheduler.o(i.rt_schedule_insert_thread)
    i.rt_schedule_remove_thread              0x080015c0   Section        0  scheduler.o(i.rt_schedule_remove_thread)
    i.rt_sem_init                            0x08001614   Section        0  ipc.o(i.rt_sem_init)
    i.rt_sem_release                         0x0800163a   Section        0  ipc.o(i.rt_sem_release)
    i.rt_sem_take                            0x0800168c   Section        0  ipc.o(i.rt_sem_take)
    i.rt_show_version                        0x08001700   Section        0  kservice.o(i.rt_show_version)
    i.rt_smem_alloc                          0x08001702   Section        0  mem.o(i.rt_smem_alloc)
    i.rt_smem_free                           0x08001816   Section        0  mem.o(i.rt_smem_free)
    i.rt_smem_init                           0x08001850   Section        0  mem.o(i.rt_smem_init)
    i.rt_sprintf                             0x080018f8   Section        0  kservice.o(i.rt_sprintf)
    i.rt_strncpy                             0x0800191a   Section        0  kservice.o(i.rt_strncpy)
    i.rt_system_heap_init                    0x08001950   Section        0  kservice.o(i.rt_system_heap_init)
    i.rt_system_scheduler_init               0x08001984   Section        0  scheduler.o(i.rt_system_scheduler_init)
    i.rt_system_scheduler_start              0x080019b8   Section        0  scheduler.o(i.rt_system_scheduler_start)
    i.rt_system_timer_init                   0x080019e0   Section        0  timer.o(i.rt_system_timer_init)
    i.rt_system_timer_thread_init            0x080019fc   Section        0  timer.o(i.rt_system_timer_thread_init)
    i.rt_thread_create                       0x080019fe   Section        0  thread.o(i.rt_thread_create)
    i.rt_thread_defunct_dequeue              0x08001a50   Section        0  idle.o(i.rt_thread_defunct_dequeue)
    i.rt_thread_defunct_enqueue              0x08001a8c   Section        0  idle.o(i.rt_thread_defunct_enqueue)
    i.rt_thread_idle_entry                   0x08001aa8   Section        0  idle.o(i.rt_thread_idle_entry)
    rt_thread_idle_entry                     0x08001aa9   Thumb Code     8  idle.o(i.rt_thread_idle_entry)
    i.rt_thread_idle_init                    0x08001ab0   Section        0  idle.o(i.rt_thread_idle_init)
    i.rt_thread_init                         0x08001b18   Section        0  thread.o(i.rt_thread_init)
    i.rt_thread_mdelay                       0x08001b4c   Section        0  thread.o(i.rt_thread_mdelay)
    i.rt_thread_resume                       0x08001b60   Section        0  thread.o(i.rt_thread_resume)
    i.rt_thread_self                         0x08001b9c   Section        0  thread.o(i.rt_thread_self)
    i.rt_thread_sleep                        0x08001ba8   Section        0  thread.o(i.rt_thread_sleep)
    i.rt_thread_startup                      0x08001bec   Section        0  thread.o(i.rt_thread_startup)
    i.rt_thread_suspend                      0x08001c14   Section        0  thread.o(i.rt_thread_suspend)
    i.rt_tick_from_millisecond               0x08001c5c   Section        0  clock.o(i.rt_tick_from_millisecond)
    i.rt_tick_get                            0x08001c94   Section        0  clock.o(i.rt_tick_get)
    i.rt_tick_increase                       0x08001ca0   Section        0  clock.o(i.rt_tick_increase)
    i.rt_timer_check                         0x08001cf0   Section        0  timer.o(i.rt_timer_check)
    i.rt_timer_control                       0x08001d94   Section        0  timer.o(i.rt_timer_control)
    i.rt_timer_detach                        0x08001dfc   Section        0  timer.o(i.rt_timer_detach)
    i.rt_timer_init                          0x08001e24   Section        0  timer.o(i.rt_timer_init)
    i.rt_timer_start                         0x08001e54   Section        0  timer.o(i.rt_timer_start)
    i.rt_timer_stop                          0x08001f4c   Section        0  timer.o(i.rt_timer_stop)
    i.rt_vsnprintf                           0x08001f7c   Section        0  kservice.o(i.rt_vsnprintf)
    i.rt_vsprintf                            0x080022bc   Section        0  kservice.o(i.rt_vsprintf)
    i.rti_board_end                          0x080022d2   Section        0  components.o(i.rti_board_end)
    rti_board_end                            0x080022d3   Thumb Code     4  components.o(i.rti_board_end)
    i.rti_board_start                        0x080022d6   Section        0  components.o(i.rti_board_start)
    rti_board_start                          0x080022d7   Thumb Code     4  components.o(i.rti_board_start)
    i.rti_end                                0x080022da   Section        0  components.o(i.rti_end)
    rti_end                                  0x080022db   Thumb Code     4  components.o(i.rti_end)
    i.rti_start                              0x080022de   Section        0  components.o(i.rti_start)
    rti_start                                0x080022df   Thumb Code     4  components.o(i.rti_start)
    i.rtthread_startup                       0x080022e2   Section        0  components.o(i.rtthread_startup)
    i.skip_atoi                              0x0800230c   Section        0  kservice.o(i.skip_atoi)
    skip_atoi                                0x0800230d   Thumb Code    38  kservice.o(i.skip_atoi)
    i.spi_clk_enable                         0x08002334   Section        0  drv_spi.o(i.spi_clk_enable)
    spi_clk_enable                           0x08002335   Thumb Code    68  drv_spi.o(i.spi_clk_enable)
    i.spi_cs_high                            0x08002388   Section        0  main.o(i.spi_cs_high)
    spi_cs_high                              0x08002389   Thumb Code    12  main.o(i.spi_cs_high)
    i.spi_cs_low                             0x08002394   Section        0  main.o(i.spi_cs_low)
    spi_cs_low                               0x08002395   Thumb Code    14  main.o(i.spi_cs_low)
    i.spi_disable_dma                        0x080023a2   Section        0  drv_spi.o(i.spi_disable_dma)
    i.spi_enable_dma                         0x080023b0   Section        0  drv_spi.o(i.spi_enable_dma)
    i.spi_init                               0x080023ca   Section        0  drv_spi.o(i.spi_init)
    i.spi_txrx_byte                          0x08002432   Section        0  drv_spi.o(i.spi_txrx_byte)
    i.spi_wait_idle                          0x0800245a   Section        0  drv_spi.o(i.spi_wait_idle)
    i.test_dma_read                          0x0800246c   Section        0  main.o(i.test_dma_read)
    test_dma_read                            0x0800246d   Thumb Code   166  main.o(i.test_dma_read)
    i.test_read_jedec_id                     0x08002524   Section        0  main.o(i.test_read_jedec_id)
    test_read_jedec_id                       0x08002525   Thumb Code   132  main.o(i.test_read_jedec_id)
    .constdata                               0x080025b0   Section       72  main.o(.constdata)
    .constdata                               0x080025f8   Section       20  drv_dma.o(.constdata)
    flag_shift                               0x080025f8   Data           4  drv_dma.o(.constdata)
    dma1_irqn                                0x080025fc   Data           8  drv_dma.o(.constdata)
    dma2_irqn                                0x08002604   Data           8  drv_dma.o(.constdata)
    .constdata                               0x0800260c   Section      290  kservice.o(.constdata)
    small_digits                             0x0800270c   Data          17  kservice.o(.constdata)
    large_digits                             0x0800271d   Data          17  kservice.o(.constdata)
    .conststring                             0x08002730   Section       88  kservice.o(.conststring)
    .rti_fn.0                                0x08002788   Section        4  components.o(.rti_fn.0)
    __tagsym$$used                           0x08002788   Number         0  components.o(.rti_fn.0)
    .rti_fn.0.end                            0x0800278c   Section        4  components.o(.rti_fn.0.end)
    __tagsym$$used                           0x0800278c   Number         0  components.o(.rti_fn.0.end)
    .rti_fn.1.end                            0x08002790   Section        4  components.o(.rti_fn.1.end)
    __tagsym$$used                           0x08002790   Number         0  components.o(.rti_fn.1.end)
    .rti_fn.6.end                            0x08002794   Section        4  components.o(.rti_fn.6.end)
    __tagsym$$used                           0x08002794   Number         0  components.o(.rti_fn.6.end)
    .data                                    0x20000000   Section       53  main.o(.data)
    flash_spi                                0x20000024   Data          16  main.o(.data)
    dummy_byte                               0x20000034   Data           1  main.o(.data)
    .data                                    0x20000038   Section        4  system_stm32f4xx.o(.data)
    .data                                    0x2000003c   Section       16  cpuport.o(.data)
    rt_exception_hook                        0x20000048   Data           4  cpuport.o(.data)
    .data                                    0x2000004c   Section        4  clock.o(.data)
    rt_tick                                  0x2000004c   Data           4  clock.o(.data)
    .data                                    0x20000050   Section        8  idle.o(.data)
    _rt_thread_defunct                       0x20000050   Data           8  idle.o(.data)
    .data                                    0x20000058   Section        1  irq.o(.data)
    .data                                    0x2000005c   Section       56  kservice.o(.data)
    __rt_errno                               0x2000005c   Data           4  kservice.o(.data)
    rt_errno_strs                            0x20000060   Data          48  kservice.o(.data)
    system_heap                              0x20000090   Data           4  kservice.o(.data)
    .data                                    0x20000094   Section       80  object.o(.data)
    _object_container                        0x20000094   Data          80  object.o(.data)
    .data                                    0x200000e4   Section       13  scheduler.o(.data)
    rt_scheduler_lock_nest                   0x200000e8   Data           2  scheduler.o(.data)
    .data                                    0x200000f4   Section       12  timer.o(.data)
    _timer_list                              0x200000f4   Data           8  timer.o(.data)
    random_nr                                0x200000fc   Data           4  timer.o(.data)
    .bss                                     0x20000100   Section    20480  board.o(.bss)
    rt_heap                                  0x20000100   Data       20480  board.o(.bss)
    .bss                                     0x20005100   Section     1820  main.o(.bss)
    flash_rx_sem                             0x20005100   Data          32  main.o(.bss)
    dma_rx_buf                               0x20005120   Data         260  main.o(.bss)
    dma_tx_buf                               0x20005224   Data         260  main.o(.bss)
    dma_rx_buf2                              0x20005328   Data         260  main.o(.bss)
    led_thread                               0x2000542c   Data         120  main.o(.bss)
    led_stack                                0x200054a4   Data         256  main.o(.bss)
    flash_test_thread                        0x200055a4   Data         120  main.o(.bss)
    flash_test_stack                         0x2000561c   Data         512  main.o(.bss)
    .bss                                     0x2000581c   Section      376  idle.o(.bss)
    idle                                     0x2000581c   Data         120  idle.o(.bss)
    rt_thread_stack                          0x20005894   Data         256  idle.o(.bss)
    .bss                                     0x20005994   Section      256  scheduler.o(.bss)
    STACK                                    0x20005a98   Section     1024  startup_stm32f407xx.o(STACK)

    Global Symbols

    Symbol Name                              Value     Ov Type        Size  Object(Section)

    BuildAttributes$$THM_ISAv4$E$P$D$K$B$S$7EM$VFPi3$EXTD16$VFPS$VFMA$PE$A:L22UL41UL21$X:L11$S22US41US21$IEEE1$IW$USESV6$~STKCKD$USESV7$~SHL$OSPACE$EBA8$MICROLIB$REQ8$PRES8$EABIv2 0x00000000   Number         0  anon$$obj.o ABSOLUTE
    __ARM_use_no_argv                        0x00000000   Number         0  main.o ABSOLUTE
    __cpp_initialize__aeabi_                  - Undefined Weak Reference
    __cxa_finalize                            - Undefined Weak Reference
    __decompress                              - Undefined Weak Reference
    _clock_init                               - Undefined Weak Reference
    _microlib_exit                            - Undefined Weak Reference
    __Vectors_Size                           0x00000188   Number         0  startup_stm32f407xx.o ABSOLUTE
    __Vectors                                0x08000000   Data           4  startup_stm32f407xx.o(RESET)
    __Vectors_End                            0x08000188   Data           0  startup_stm32f407xx.o(RESET)
    __main                                   0x08000189   Thumb Code     0  entry.o(.ARM.Collect$$$$00000000)
    _main_stk                                0x08000189   Thumb Code     0  entry2.o(.ARM.Collect$$$$00000001)
    _main_scatterload                        0x0800018d   Thumb Code     0  entry5.o(.ARM.Collect$$$$00000004)
    __main_after_scatterload                 0x08000191   Thumb Code     0  entry5.o(.ARM.Collect$$$$00000004)
    _main_clock                              0x08000191   Thumb Code     0  entry7b.o(.ARM.Collect$$$$00000008)
    _main_cpp_init                           0x08000191   Thumb Code     0  entry8b.o(.ARM.Collect$$$$0000000A)
    _main_init                               0x08000191   Thumb Code     0  entry9a.o(.ARM.Collect$$$$0000000B)
    __rt_final_cpp                           0x08000199   Thumb Code     0  entry10a.o(.ARM.Collect$$$$0000000D)
    __rt_final_exit                          0x08000199   Thumb Code     0  entry11a.o(.ARM.Collect$$$$0000000F)
    Reset_Handler                            0x0800019d   Thumb Code    14  startup_stm32f407xx.o(.text)
    NMI_Handler                              0x080001ab   Thumb Code     2  startup_stm32f407xx.o(.text)
    MemManage_Handler                        0x080001af   Thumb Code     2  startup_stm32f407xx.o(.text)
    BusFault_Handler                         0x080001b1   Thumb Code     2  startup_stm32f407xx.o(.text)
    UsageFault_Handler                       0x080001b3   Thumb Code     2  startup_stm32f407xx.o(.text)
    SVC_Handler                              0x080001b5   Thumb Code     2  startup_stm32f407xx.o(.text)
    DebugMon_Handler                         0x080001b7   Thumb Code     2  startup_stm32f407xx.o(.text)
    ADC_IRQHandler                           0x080001bd   Thumb Code     0  startup_stm32f407xx.o(.text)
    CAN1_RX0_IRQHandler                      0x080001bd   Thumb Code     0  startup_stm32f407xx.o(.text)
    CAN1_RX1_IRQHandler                      0x080001bd   Thumb Code     0  startup_stm32f407xx.o(.text)
    CAN1_SCE_IRQHandler                      0x080001bd   Thumb Code     0  startup_stm32f407xx.o(.text)
    CAN1_TX_IRQHandler                       0x080001bd   Thumb Code     0  startup_stm32f407xx.o(.text)
    CAN2_RX0_IRQHandler                      0x080001bd   Thumb Code     0  startup_stm32f407xx.o(.text)
    CAN2_RX1_IRQHandler                      0x080001bd   Thumb Code     0  startup_stm32f407xx.o(.text)
    CAN2_SCE_IRQHandler                      0x080001bd   Thumb Code     0  startup_stm32f407xx.o(.text)
    CAN2_TX_IRQHandler                       0x080001bd   Thumb Code     0  startup_stm32f407xx.o(.text)
    DCMI_IRQHandler                          0x080001bd   Thumb Code     0  startup_stm32f407xx.o(.text)
    DMA1_Stream0_IRQHandler                  0x080001bd   Thumb Code     0  startup_stm32f407xx.o(.text)
    DMA1_Stream1_IRQHandler                  0x080001bd   Thumb Code     0  startup_stm32f407xx.o(.text)
    DMA1_Stream2_IRQHandler                  0x080001bd   Thumb Code     0  startup_stm32f407xx.o(.text)
    DMA1_Stream3_IRQHandler                  0x080001bd   Thumb Code     0  startup_stm32f407xx.o(.text)
    DMA1_Stream4_IRQHandler                  0x080001bd   Thumb Code     0  startup_stm32f407xx.o(.text)
    DMA1_Stream5_IRQHandler                  0x080001bd   Thumb Code     0  startup_stm32f407xx.o(.text)
    DMA1_Stream6_IRQHandler                  0x080001bd   Thumb Code     0  startup_stm32f407xx.o(.text)
    DMA1_Stream7_IRQHandler                  0x080001bd   Thumb Code     0  startup_stm32f407xx.o(.text)
    DMA2_Stream1_IRQHandler                  0x080001bd   Thumb Code     0  startup_stm32f407xx.o(.text)
    DMA2_Stream2_IRQHandler                  0x080001bd   Thumb Code     0  startup_stm32f407xx.o(.text)
    DMA2_Stream3_IRQHandler                  0x080001bd   Thumb Code     0  startup_stm32f407xx.o(.text)
    DMA2_Stream4_IRQHandler                  0x080001bd   Thumb Code     0  startup_stm32f407xx.o(.text)
    DMA2_Stream5_IRQHandler                  0x080001bd   Thumb Code     0  startup_stm32f407xx.o(.text)
    DMA2_Stream6_IRQHandler                  0x080001bd   Thumb Code     0  startup_stm32f407xx.o(.text)
    DMA2_Stream7_IRQHandler                  0x080001bd   Thumb Code     0  startup_stm32f407xx.o(.text)
    ETH_IRQHandler                           0x080001bd   Thumb Code     0  startup_stm32f407xx.o(.text)
    ETH_WKUP_IRQHandler                      0x080001bd   Thumb Code     0  startup_stm32f407xx.o(.text)
    EXTI0_IRQHandler                         0x080001bd   Thumb Code     0  startup_stm32f407xx.o(.text)
    EXTI15_10_IRQHandler                     0x080001bd   Thumb Code     0  startup_stm32f407xx.o(.text)
    EXTI1_IRQHandler                         0x080001bd   Thumb Code     0  startup_stm32f407xx.o(.text)
    EXTI2_IRQHandler                         0x080001bd   Thumb Code     0  startup_stm32f407xx.o(.text)
    EXTI3_IRQHandler                         0x080001bd   Thumb Code     0  startup_stm32f407xx.o(.text)
    EXTI4_IRQHandler                         0x080001bd   Thumb Code     0  startup_stm32f407xx.o(.text)
    EXTI9_5_IRQHandler                       0x080001bd   Thumb Code     0  startup_stm32f407xx.o(.text)
    FLASH_IRQHandler                         0x080001bd   Thumb Code     0  startup_stm32f407xx.o(.text)
    FMC_IRQHandler                           0x080001bd   Thumb Code     0  startup_stm32f407xx.o(.text)
    FPU_IRQHandler                           0x080001bd   Thumb Code     0  startup_stm32f407xx.o(.text)
    HASH_RNG_IRQHandler                      0x080001bd   Thumb Code     0  startup_stm32f407xx.o(.text)
    I2C1_ER_IRQHandler                       0x080001bd   Thumb Code     0  startup_stm32f407xx.o(.text)
    I2C1_EV_IRQHandler                       0x080001bd   Thumb Code     0  startup_stm32f407xx.o(.text)
    I2C2_ER_IRQHandler                       0x080001bd   Thumb Code     0  startup_stm32f407xx.o(.text)
    I2C2_EV_IRQHandler                       0x080001bd   Thumb Code     0  startup_stm32f407xx.o(.text)
    I2C3_ER_IRQHandler                       0x080001bd   Thumb Code     0  startup_stm32f407xx.o(.text)
    I2C3_EV_IRQHandler                       0x080001bd   Thumb Code     0  startup_stm32f407xx.o(.text)
    OTG_FS_IRQHandler                        0x080001bd   Thumb Code     0  startup_stm32f407xx.o(.text)
    OTG_FS_WKUP_IRQHandler                   0x080001bd   Thumb Code     0  startup_stm32f407xx.o(.text)
    OTG_HS_EP1_IN_IRQHandler                 0x080001bd   Thumb Code     0  startup_stm32f407xx.o(.text)
    OTG_HS_EP1_OUT_IRQHandler                0x080001bd   Thumb Code     0  startup_stm32f407xx.o(.text)
    OTG_HS_IRQHandler                        0x080001bd   Thumb Code     0  startup_stm32f407xx.o(.text)
    OTG_HS_WKUP_IRQHandler                   0x080001bd   Thumb Code     0  startup_stm32f407xx.o(.text)
    PVD_IRQHandler                           0x080001bd   Thumb Code     0  startup_stm32f407xx.o(.text)
    RCC_IRQHandler                           0x080001bd   Thumb Code     0  startup_stm32f407xx.o(.text)
    RTC_Alarm_IRQHandler                     0x080001bd   Thumb Code     0  startup_stm32f407xx.o(.text)
    RTC_WKUP_IRQHandler                      0x080001bd   Thumb Code     0  startup_stm32f407xx.o(.text)
    SDIO_IRQHandler                          0x080001bd   Thumb Code     0  startup_stm32f407xx.o(.text)
    SPI1_IRQHandler                          0x080001bd   Thumb Code     0  startup_stm32f407xx.o(.text)
    SPI2_IRQHandler                          0x080001bd   Thumb Code     0  startup_stm32f407xx.o(.text)
    SPI3_IRQHandler                          0x080001bd   Thumb Code     0  startup_stm32f407xx.o(.text)
    TAMP_STAMP_IRQHandler                    0x080001bd   Thumb Code     0  startup_stm32f407xx.o(.text)
    TIM1_BRK_TIM9_IRQHandler                 0x080001bd   Thumb Code     0  startup_stm32f407xx.o(.text)
    TIM1_CC_IRQHandler                       0x080001bd   Thumb Code     0  startup_stm32f407xx.o(.text)
    TIM1_TRG_COM_TIM11_IRQHandler            0x080001bd   Thumb Code     0  startup_stm32f407xx.o(.text)
    TIM1_UP_TIM10_IRQHandler                 0x080001bd   Thumb Code     0  startup_stm32f407xx.o(.text)
    TIM2_IRQHandler                          0x080001bd   Thumb Code     0  startup_stm32f407xx.o(.text)
    TIM3_IRQHandler                          0x080001bd   Thumb Code     0  startup_stm32f407xx.o(.text)
    TIM4_IRQHandler                          0x080001bd   Thumb Code     0  startup_stm32f407xx.o(.text)
    TIM5_IRQHandler                          0x080001bd   Thumb Code     0  startup_stm32f407xx.o(.text)
    TIM6_DAC_IRQHandler                      0x080001bd   Thumb Code     0  startup_stm32f407xx.o(.text)
    TIM7_IRQHandler                          0x080001bd   Thumb Code     0  startup_stm32f407xx.o(.text)
    TIM8_BRK_TIM12_IRQHandler                0x080001bd   Thumb Code     0  startup_stm32f407xx.o(.text)
    TIM8_CC_IRQHandler                       0x080001bd   Thumb Code     0  startup_stm32f407xx.o(.text)
    TIM8_TRG_COM_TIM14_IRQHandler            0x080001bd   Thumb Code     0  startup_stm32f407xx.o(.text)
    TIM8_UP_TIM13_IRQHandler                 0x080001bd   Thumb Code     0  startup_stm32f407xx.o(.text)
    UART4_IRQHandler                         0x080001bd   Thumb Code     0  startup_stm32f407xx.o(.text)
    UART5_IRQHandler                         0x080001bd   Thumb Code     0  startup_stm32f407xx.o(.text)
    USART1_IRQHandler                        0x080001bd   Thumb Code     0  startup_stm32f407xx.o(.text)
    USART2_IRQHandler                        0x080001bd   Thumb Code     0  startup_stm32f407xx.o(.text)
    USART3_IRQHandler                        0x080001bd   Thumb Code     0  startup_stm32f407xx.o(.text)
    USART6_IRQHandler                        0x080001bd   Thumb Code     0  startup_stm32f407xx.o(.text)
    WWDG_IRQHandler                          0x080001bd   Thumb Code     0  startup_stm32f407xx.o(.text)
    rt_hw_interrupt_disable                  0x080001c9   Thumb Code     8  context_rvds.o(.text)
    rt_hw_interrupt_enable                   0x080001d1   Thumb Code     6  context_rvds.o(.text)
    rt_hw_context_switch                     0x080001d7   Thumb Code    32  context_rvds.o(.text)
    rt_hw_context_switch_interrupt           0x080001d7   Thumb Code     0  context_rvds.o(.text)
    PendSV_Handler                           0x080001f7   Thumb Code   108  context_rvds.o(.text)
    rt_hw_context_switch_to                  0x08000263   Thumb Code    76  context_rvds.o(.text)
    rt_hw_interrupt_thread_switch            0x080002af   Thumb Code     2  context_rvds.o(.text)
    HardFault_Handler                        0x080002b1   Thumb Code    56  context_rvds.o(.text)
    __aeabi_memcpy                           0x08000305   Thumb Code    36  memcpya.o(.text)
    __aeabi_memcpy4                          0x08000305   Thumb Code     0  memcpya.o(.text)
    __aeabi_memcpy8                          0x08000305   Thumb Code     0  memcpya.o(.text)
    __aeabi_memset                           0x08000329   Thumb Code    14  memseta.o(.text)
    __aeabi_memset4                          0x08000329   Thumb Code     0  memseta.o(.text)
    __aeabi_memset8                          0x08000329   Thumb Code     0  memseta.o(.text)
    __aeabi_memclr                           0x08000337   Thumb Code     4  memseta.o(.text)
    __aeabi_memclr4                          0x08000337   Thumb Code     0  memseta.o(.text)
    __aeabi_memclr8                          0x08000337   Thumb Code     0  memseta.o(.text)
    _memset$wrapper                          0x0800033b   Thumb Code    18  memseta.o(.text)
    __scatterload                            0x0800034d   Thumb Code    28  init.o(.text)
    __scatterload_rt2                        0x0800034d   Thumb Code     0  init.o(.text)
    main                                     0x08000371   Thumb Code    10  components.o(i.$Sub$$main)
    DMA2_Stream0_IRQHandler                  0x0800037d   Thumb Code    52  main.o(i.DMA2_Stream0_IRQHandler)
    SysTick_Handler                          0x080003b9   Thumb Code    16  board.o(i.SysTick_Handler)
    __rt_ffs                                 0x080004cd   Thumb Code    70  kservice.o(i.__rt_ffs)
    __scatterload_copy                       0x08000519   Thumb Code    14  handlers.o(i.__scatterload_copy)
    __scatterload_null                       0x08000527   Thumb Code     2  handlers.o(i.__scatterload_null)
    __scatterload_zeroinit                   0x08000529   Thumb Code    14  handlers.o(i.__scatterload_zeroinit)
    dma_clear_flags                          0x08000745   Thumb Code    50  drv_dma.o(i.dma_clear_flags)
    dma_clk_enable                           0x0800077d   Thumb Code    44  drv_dma.o(i.dma_clk_enable)
    dma_get_flag_tc                          0x080007b1   Thumb Code    32  drv_dma.o(i.dma_get_flag_tc)
    dma_get_flag_te                          0x080007d1   Thumb Code    32  drv_dma.o(i.dma_get_flag_te)
    dma_get_stream_num                       0x080007f1   Thumb Code    26  drv_dma.o(i.dma_get_stream_num)
    dma_init                                 0x08000815   Thumb Code   192  drv_dma.o(i.dma_init)
    dma_start                                0x080008d5   Thumb Code    10  drv_dma.o(i.dma_start)
    dma_stop                                 0x080008df   Thumb Code    22  drv_dma.o(i.dma_stop)
    gpio_clk_enable                          0x08000b69   Thumb Code    32  drv_gpio.o(i.gpio_clk_enable)
    gpio_init_af_pp                          0x08000b91   Thumb Code    66  drv_gpio.o(i.gpio_init_af_pp)
    gpio_init_output_pp                      0x08000bd3   Thumb Code    54  drv_gpio.o(i.gpio_init_output_pp)
    gpio_set_af                              0x08000c11   Thumb Code    56  drv_gpio.o(i.gpio_set_af)
    gpio_set_mode                            0x08000c49   Thumb Code    28  drv_gpio.o(i.gpio_set_mode)
    gpio_set_otype                           0x08000c65   Thumb Code    28  drv_gpio.o(i.gpio_set_otype)
    gpio_set_pull                            0x08000c81   Thumb Code    28  drv_gpio.o(i.gpio_set_pull)
    gpio_set_speed                           0x08000c9d   Thumb Code    28  drv_gpio.o(i.gpio_set_speed)
    $Super$$main                             0x08000d61   Thumb Code    80  main.o(i.main)
    main_thread_entry                        0x08000dd5   Thumb Code    14  components.o(i.main_thread_entry)
    rt_application_init                      0x08001001   Thumb Code    34  components.o(i.rt_application_init)
    rt_components_init                       0x08001031   Thumb Code    20  components.o(i.rt_components_init)
    rt_enter_critical                        0x0800108d   Thumb Code    28  scheduler.o(i.rt_enter_critical)
    rt_exit_critical                         0x080010ad   Thumb Code    60  scheduler.o(i.rt_exit_critical)
    rt_free                                  0x080010f1   Thumb Code    30  kservice.o(i.rt_free)
    rt_hw_board_init                         0x08001111   Thumb Code    22  board.o(i.rt_hw_board_init)
    rt_hw_hard_fault_exception               0x0800112d   Thumb Code    40  cpuport.o(i.rt_hw_hard_fault_exception)
    rt_hw_stack_init                         0x08001159   Thumb Code    74  cpuport.o(i.rt_hw_stack_init)
    rt_interrupt_enter                       0x080011a9   Thumb Code    26  irq.o(i.rt_interrupt_enter)
    rt_interrupt_leave                       0x080011c9   Thumb Code    26  irq.o(i.rt_interrupt_leave)
    rt_malloc                                0x08001275   Thumb Code    32  kservice.o(i.rt_malloc)
    rt_memset                                0x08001299   Thumb Code    72  kservice.o(i.rt_memset)
    rt_object_allocate                       0x080012e1   Thumb Code    84  object.o(i.rt_object_allocate)
    rt_object_delete                         0x08001335   Thumb Code    36  object.o(i.rt_object_delete)
    rt_object_detach                         0x08001359   Thumb Code    30  object.o(i.rt_object_detach)
    rt_object_get_information                0x08001379   Thumb Code    36  object.o(i.rt_object_get_information)
    rt_object_init                           0x080013a1   Thumb Code    86  object.o(i.rt_object_init)
    rt_object_is_systemobject                0x080013f7   Thumb Code    18  object.o(i.rt_object_is_systemobject)
    rt_schedule                              0x08001409   Thumb Code   262  scheduler.o(i.rt_schedule)
    rt_schedule_insert_thread                0x08001525   Thumb Code   142  scheduler.o(i.rt_schedule_insert_thread)
    rt_schedule_remove_thread                0x080015c1   Thumb Code    76  scheduler.o(i.rt_schedule_remove_thread)
    rt_sem_init                              0x08001615   Thumb Code    38  ipc.o(i.rt_sem_init)
    rt_sem_release                           0x0800163b   Thumb Code    82  ipc.o(i.rt_sem_release)
    rt_sem_take                              0x0800168d   Thumb Code   116  ipc.o(i.rt_sem_take)
    rt_show_version                          0x08001701   Thumb Code     2  kservice.o(i.rt_show_version)
    rt_smem_alloc                            0x08001703   Thumb Code   276  mem.o(i.rt_smem_alloc)
    rt_smem_free                             0x08001817   Thumb Code    58  mem.o(i.rt_smem_free)
    rt_smem_init                             0x08001851   Thumb Code   160  mem.o(i.rt_smem_init)
    rt_sprintf                               0x080018f9   Thumb Code    34  kservice.o(i.rt_sprintf)
    rt_strncpy                               0x0800191b   Thumb Code    52  kservice.o(i.rt_strncpy)
    rt_system_heap_init                      0x08001951   Thumb Code    40  kservice.o(i.rt_system_heap_init)
    rt_system_scheduler_init                 0x08001985   Thumb Code    38  scheduler.o(i.rt_system_scheduler_init)
    rt_system_scheduler_start                0x080019b9   Thumb Code    36  scheduler.o(i.rt_system_scheduler_start)
    rt_system_timer_init                     0x080019e1   Thumb Code    24  timer.o(i.rt_system_timer_init)
    rt_system_timer_thread_init              0x080019fd   Thumb Code     2  timer.o(i.rt_system_timer_thread_init)
    rt_thread_create                         0x080019ff   Thumb Code    80  thread.o(i.rt_thread_create)
    rt_thread_defunct_dequeue                0x08001a51   Thumb Code    56  idle.o(i.rt_thread_defunct_dequeue)
    rt_thread_defunct_enqueue                0x08001a8d   Thumb Code    24  idle.o(i.rt_thread_defunct_enqueue)
    rt_thread_idle_init                      0x08001ab1   Thumb Code    82  idle.o(i.rt_thread_idle_init)
    rt_thread_init                           0x08001b19   Thumb Code    52  thread.o(i.rt_thread_init)
    rt_thread_mdelay                         0x08001b4d   Thumb Code    20  thread.o(i.rt_thread_mdelay)
    rt_thread_resume                         0x08001b61   Thumb Code    60  thread.o(i.rt_thread_resume)
    rt_thread_self                           0x08001b9d   Thumb Code     6  thread.o(i.rt_thread_self)
    rt_thread_sleep                          0x08001ba9   Thumb Code    68  thread.o(i.rt_thread_sleep)
    rt_thread_startup                        0x08001bed   Thumb Code    40  thread.o(i.rt_thread_startup)
    rt_thread_suspend                        0x08001c15   Thumb Code    72  thread.o(i.rt_thread_suspend)
    rt_tick_from_millisecond                 0x08001c5d   Thumb Code    56  clock.o(i.rt_tick_from_millisecond)
    rt_tick_get                              0x08001c95   Thumb Code     6  clock.o(i.rt_tick_get)
    rt_tick_increase                         0x08001ca1   Thumb Code    74  clock.o(i.rt_tick_increase)
    rt_timer_check                           0x08001cf1   Thumb Code   160  timer.o(i.rt_timer_check)
    rt_timer_control                         0x08001d95   Thumb Code   104  timer.o(i.rt_timer_control)
    rt_timer_detach                          0x08001dfd   Thumb Code    40  timer.o(i.rt_timer_detach)
    rt_timer_init                            0x08001e25   Thumb Code    46  timer.o(i.rt_timer_init)
    rt_timer_start                           0x08001e55   Thumb Code   240  timer.o(i.rt_timer_start)
    rt_timer_stop                            0x08001f4d   Thumb Code    48  timer.o(i.rt_timer_stop)
    rt_vsnprintf                             0x08001f7d   Thumb Code   824  kservice.o(i.rt_vsnprintf)
    rt_vsprintf                              0x080022bd   Thumb Code    22  kservice.o(i.rt_vsprintf)
    rtthread_startup                         0x080022e3   Thumb Code    42  components.o(i.rtthread_startup)
    spi_disable_dma                          0x080023a3   Thumb Code    14  drv_spi.o(i.spi_disable_dma)
    spi_enable_dma                           0x080023b1   Thumb Code    26  drv_spi.o(i.spi_enable_dma)
    spi_init                                 0x080023cb   Thumb Code   104  drv_spi.o(i.spi_init)
    spi_txrx_byte                            0x08002433   Thumb Code    40  drv_spi.o(i.spi_txrx_byte)
    spi_wait_idle                            0x0800245b   Thumb Code    16  drv_spi.o(i.spi_wait_idle)
    __lowest_bit_bitmap                      0x0800260c   Data         256  kservice.o(.constdata)
    __rt_init_rti_start                      0x08002788   Data           4  components.o(.rti_fn.0)
    __rt_init_rti_board_start                0x0800278c   Data           4  components.o(.rti_fn.0.end)
    __rt_init_rti_board_end                  0x08002790   Data           4  components.o(.rti_fn.1.end)
    __rt_init_rti_end                        0x08002794   Data           4  components.o(.rti_fn.6.end)
    Region$$Table$$Base                      0x08002798   Number         0  anon$$obj.o(Region$$Table)
    Region$$Table$$Limit                     0x080027b8   Number         0  anon$$obj.o(Region$$Table)
    dbg_jedec_id                             0x20000000   Data           4  main.o(.data)
    dbg_poll_pass                            0x20000004   Data           4  main.o(.data)
    dbg_poll_fail                            0x20000008   Data           4  main.o(.data)
    dbg_dma_pass                             0x2000000c   Data           4  main.o(.data)
    dbg_dma_fail                             0x20000010   Data           4  main.o(.data)
    dbg_dma_timeout                          0x20000014   Data           4  main.o(.data)
    dbg_test_round                           0x20000018   Data           4  main.o(.data)
    dbg_all_pass                             0x2000001c   Data           4  main.o(.data)
    dbg_data_mismatch                        0x20000020   Data           4  main.o(.data)
    SystemCoreClock                          0x20000038   Data           4  system_stm32f4xx.o(.data)
    rt_interrupt_from_thread                 0x2000003c   Data           4  cpuport.o(.data)
    rt_interrupt_to_thread                   0x20000040   Data           4  cpuport.o(.data)
    rt_thread_switch_interrupt_flag          0x20000044   Data           4  cpuport.o(.data)
    rt_interrupt_nest                        0x20000058   Data           1  irq.o(.data)
    rt_thread_ready_priority_group           0x200000e4   Data           4  scheduler.o(.data)
    rt_current_thread                        0x200000ec   Data           4  scheduler.o(.data)
    rt_current_priority                      0x200000f0   Data           1  scheduler.o(.data)
    rt_thread_priority_table                 0x20005994   Data         256  scheduler.o(.bss)
    __initial_sp                             0x20005e98   Data           0  startup_stm32f407xx.o(STACK)



==============================================================================

Memory Map of the image

  Image Entry point : 0x08000189

  Load Region LR_IROM1 (Base: 0x08000000, Size: 0x000028b8, Max: 0x00100000, ABSOLUTE)

    Execution Region ER_IROM1 (Exec base: 0x08000000, Load base: 0x08000000, Size: 0x000027b8, Max: 0x00100000, ABSOLUTE)

    Exec Addr    Load Addr    Size         Type   Attr      Idx    E Section Name        Object

    0x08000000   0x08000000   0x00000188   Data   RO          514    RESET               startup_stm32f407xx.o
    0x08000188   0x08000188   0x00000000   Code   RO         1616  * .ARM.Collect$$$$00000000  mc_w.l(entry.o)
    0x08000188   0x08000188   0x00000004   Code   RO         1625    .ARM.Collect$$$$00000001  mc_w.l(entry2.o)
    0x0800018c   0x0800018c   0x00000004   Code   RO         1628    .ARM.Collect$$$$00000004  mc_w.l(entry5.o)
    0x08000190   0x08000190   0x00000000   Code   RO         1630    .ARM.Collect$$$$00000008  mc_w.l(entry7b.o)
    0x08000190   0x08000190   0x00000000   Code   RO         1632    .ARM.Collect$$$$0000000A  mc_w.l(entry8b.o)
    0x08000190   0x08000190   0x00000008   Code   RO         1633    .ARM.Collect$$$$0000000B  mc_w.l(entry9a.o)
    0x08000198   0x08000198   0x00000000   Code   RO         1635    .ARM.Collect$$$$0000000D  mc_w.l(entry10a.o)
    0x08000198   0x08000198   0x00000000   Code   RO         1637    .ARM.Collect$$$$0000000F  mc_w.l(entry11a.o)
    0x08000198   0x08000198   0x00000004   Code   RO         1626    .ARM.Collect$$$$00002712  mc_w.l(entry2.o)
    0x0800019c   0x0800019c   0x0000002c   Code   RO          515    .text               startup_stm32f407xx.o
    0x080001c8   0x080001c8   0x0000013c   Code   RO         1612    .text               context_rvds.o
    0x08000304   0x08000304   0x00000024   Code   RO         1619    .text               mc_w.l(memcpya.o)
    0x08000328   0x08000328   0x00000024   Code   RO         1621    .text               mc_w.l(memseta.o)
    0x0800034c   0x0800034c   0x00000024   Code   RO         1639    .text               mc_w.l(init.o)
    0x08000370   0x08000370   0x0000000a   Code   RO          633    i.$Sub$$main        components.o
    0x0800037a   0x0800037a   0x00000002   PAD
    0x0800037c   0x0800037c   0x0000003c   Code   RO          113    i.DMA2_Stream0_IRQHandler  main.o
    0x080003b8   0x080003b8   0x00000010   Code   RO            4    i.SysTick_Handler   board.o
    0x080003c8   0x080003c8   0x00000024   Code   RO            5    i.SysTick_Init      board.o
    0x080003ec   0x080003ec   0x000000e0   Code   RO            6    i.SystemClock_Config  board.o
    0x080004cc   0x080004cc   0x0000004c   Code   RO          932    i.__rt_ffs          kservice.o
    0x08000518   0x08000518   0x0000000e   Code   RO         1643    i.__scatterload_copy  mc_w.l(handlers.o)
    0x08000526   0x08000526   0x00000002   Code   RO         1644    i.__scatterload_null  mc_w.l(handlers.o)
    0x08000528   0x08000528   0x0000000e   Code   RO         1645    i.__scatterload_zeroinit  mc_w.l(handlers.o)
    0x08000536   0x08000536   0x0000000a   Code   RO          933    i._heap_lock        kservice.o
    0x08000540   0x08000540   0x0000000a   Code   RO          934    i._heap_unlock      kservice.o
    0x0800054a   0x0800054a   0x00000014   Code   RO          759    i._ipc_list_resume  ipc.o
    0x0800055e   0x0800055e   0x0000006e   Code   RO          761    i._ipc_list_suspend  ipc.o
    0x080005cc   0x080005cc   0x00000010   Code   RO          762    i._ipc_object_init  ipc.o
    0x080005dc   0x080005dc   0x00000028   Code   RO         1289    i._scheduler_get_highest_priority_thread  scheduler.o
    0x08000604   0x08000604   0x00000034   Code   RO         1380    i._thread_exit      thread.o
    0x08000638   0x08000638   0x00000080   Code   RO         1381    i._thread_init      thread.o
    0x080006b8   0x080006b8   0x0000002c   Code   RO         1382    i._thread_timeout   thread.o
    0x080006e4   0x080006e4   0x00000042   Code   RO         1500    i._timer_init       timer.o
    0x08000726   0x08000726   0x0000001c   Code   RO         1502    i._timer_remove     timer.o
    0x08000742   0x08000742   0x00000002   PAD
    0x08000744   0x08000744   0x00000038   Code   RO          214    i.dma_clear_flags   drv_dma.o
    0x0800077c   0x0800077c   0x00000034   Code   RO          215    i.dma_clk_enable    drv_dma.o
    0x080007b0   0x080007b0   0x00000020   Code   RO          217    i.dma_get_flag_tc   drv_dma.o
    0x080007d0   0x080007d0   0x00000020   Code   RO          218    i.dma_get_flag_te   drv_dma.o
    0x080007f0   0x080007f0   0x00000024   Code   RO          220    i.dma_get_stream_num  drv_dma.o
    0x08000814   0x08000814   0x000000c0   Code   RO          221    i.dma_init          drv_dma.o
    0x080008d4   0x080008d4   0x0000000a   Code   RO          223    i.dma_start         drv_dma.o
    0x080008de   0x080008de   0x00000016   Code   RO          224    i.dma_stop          drv_dma.o
    0x080008f4   0x080008f4   0x0000010c   Code   RO          114    i.flash_dma_read    main.o
    0x08000a00   0x08000a00   0x00000060   Code   RO          115    i.flash_gpio_init   main.o
    0x08000a60   0x08000a60   0x000000c8   Code   RO          116    i.flash_test_entry  main.o
    0x08000b28   0x08000b28   0x0000001c   Code   RO          225    i.get_dma_ctrl      drv_dma.o
    0x08000b44   0x08000b44   0x00000024   Code   RO          226    i.get_flag_bit      drv_dma.o
    0x08000b68   0x08000b68   0x00000028   Code   RO          321    i.gpio_clk_enable   drv_gpio.o
    0x08000b90   0x08000b90   0x00000042   Code   RO          322    i.gpio_init_af_pp   drv_gpio.o
    0x08000bd2   0x08000bd2   0x00000036   Code   RO          325    i.gpio_init_output_pp  drv_gpio.o
    0x08000c08   0x08000c08   0x00000008   Code   RO          117    i.gpio_set          main.o
    0x08000c10   0x08000c10   0x00000038   Code   RO          326    i.gpio_set_af       drv_gpio.o
    0x08000c48   0x08000c48   0x0000001c   Code   RO          327    i.gpio_set_mode     drv_gpio.o
    0x08000c64   0x08000c64   0x0000001c   Code   RO          328    i.gpio_set_otype    drv_gpio.o
    0x08000c80   0x08000c80   0x0000001c   Code   RO          329    i.gpio_set_pull     drv_gpio.o
    0x08000c9c   0x08000c9c   0x0000001c   Code   RO          330    i.gpio_set_speed    drv_gpio.o
    0x08000cb8   0x08000cb8   0x0000000c   Code   RO          118    i.gpio_toggle       main.o
    0x08000cc4   0x08000cc4   0x0000009c   Code   RO          119    i.led_entry         main.o
    0x08000d60   0x08000d60   0x00000074   Code   RO          120    i.main              main.o
    0x08000dd4   0x08000dd4   0x0000000e   Code   RO          634    i.main_thread_entry  components.o
    0x08000de2   0x08000de2   0x00000066   Code   RO         1155    i.plug_holes        mem.o
    0x08000e48   0x08000e48   0x00000198   Code   RO          936    i.print_number      kservice.o
    0x08000fe0   0x08000fe0   0x00000020   Code   RO          227    i.read_isr          drv_dma.o
    0x08001000   0x08001000   0x00000030   Code   RO          635    i.rt_application_init  components.o
    0x08001030   0x08001030   0x0000001c   Code   RO          637    i.rt_components_init  components.o
    0x0800104c   0x0800104c   0x0000003e   Code   RO          713    i.rt_defunct_execute  idle.o
    0x0800108a   0x0800108a   0x00000002   PAD
    0x0800108c   0x0800108c   0x00000020   Code   RO         1291    i.rt_enter_critical  scheduler.o
    0x080010ac   0x080010ac   0x00000044   Code   RO         1292    i.rt_exit_critical  scheduler.o
    0x080010f0   0x080010f0   0x0000001e   Code   RO          938    i.rt_free           kservice.o
    0x0800110e   0x0800110e   0x00000002   PAD
    0x08001110   0x08001110   0x0000001c   Code   RO            7    i.rt_hw_board_init  board.o
    0x0800112c   0x0800112c   0x0000002c   Code   RO          559    i.rt_hw_hard_fault_exception  cpuport.o
    0x08001158   0x08001158   0x00000050   Code   RO          560    i.rt_hw_stack_init  cpuport.o
    0x080011a8   0x080011a8   0x00000020   Code   RO          905    i.rt_interrupt_enter  irq.o
    0x080011c8   0x080011c8   0x00000020   Code   RO          907    i.rt_interrupt_leave  irq.o
    0x080011e8   0x080011e8   0x00000006   Code   RO          763    i.rt_list_init      ipc.o
    0x080011ee   0x080011ee   0x00000006   Code   RO         1503    i.rt_list_init      timer.o
    0x080011f4   0x080011f4   0x0000000e   Code   RO         1208    i.rt_list_insert_after  object.o
    0x08001202   0x08001202   0x0000000e   Code   RO         1504    i.rt_list_insert_after  timer.o
    0x08001210   0x08001210   0x0000000e   Code   RO          764    i.rt_list_insert_before  ipc.o
    0x0800121e   0x0800121e   0x00000010   Code   RO          765    i.rt_list_isempty   ipc.o
    0x0800122e   0x0800122e   0x00000010   Code   RO         1505    i.rt_list_isempty   timer.o
    0x0800123e   0x0800123e   0x00000012   Code   RO         1209    i.rt_list_remove    object.o
    0x08001250   0x08001250   0x00000012   Code   RO         1383    i.rt_list_remove    thread.o
    0x08001262   0x08001262   0x00000012   Code   RO         1506    i.rt_list_remove    timer.o
    0x08001274   0x08001274   0x00000024   Code   RO          942    i.rt_malloc         kservice.o
    0x08001298   0x08001298   0x00000048   Code   RO          948    i.rt_memset         kservice.o
    0x080012e0   0x080012e0   0x00000054   Code   RO         1210    i.rt_object_allocate  object.o
    0x08001334   0x08001334   0x00000024   Code   RO         1211    i.rt_object_delete  object.o
    0x08001358   0x08001358   0x0000001e   Code   RO         1212    i.rt_object_detach  object.o
    0x08001376   0x08001376   0x00000002   PAD
    0x08001378   0x08001378   0x00000028   Code   RO         1214    i.rt_object_get_information  object.o
    0x080013a0   0x080013a0   0x00000056   Code   RO         1218    i.rt_object_init    object.o
    0x080013f6   0x080013f6   0x00000012   Code   RO         1219    i.rt_object_is_systemobject  object.o
    0x08001408   0x08001408   0x0000011c   Code   RO         1293    i.rt_schedule       scheduler.o
    0x08001524   0x08001524   0x0000009c   Code   RO         1294    i.rt_schedule_insert_thread  scheduler.o
    0x080015c0   0x080015c0   0x00000054   Code   RO         1295    i.rt_schedule_remove_thread  scheduler.o
    0x08001614   0x08001614   0x00000026   Code   RO          779    i.rt_sem_init       ipc.o
    0x0800163a   0x0800163a   0x00000052   Code   RO          780    i.rt_sem_release    ipc.o
    0x0800168c   0x0800168c   0x00000074   Code   RO          781    i.rt_sem_take       ipc.o
    0x08001700   0x08001700   0x00000002   Code   RO          951    i.rt_show_version   kservice.o
    0x08001702   0x08001702   0x00000114   Code   RO         1156    i.rt_smem_alloc     mem.o
    0x08001816   0x08001816   0x0000003a   Code   RO         1158    i.rt_smem_free      mem.o
    0x08001850   0x08001850   0x000000a8   Code   RO         1159    i.rt_smem_init      mem.o
    0x080018f8   0x080018f8   0x00000022   Code   RO          953    i.rt_sprintf        kservice.o
    0x0800191a   0x0800191a   0x00000034   Code   RO          961    i.rt_strncpy        kservice.o
    0x0800194e   0x0800194e   0x00000002   PAD
    0x08001950   0x08001950   0x00000034   Code   RO          964    i.rt_system_heap_init  kservice.o
    0x08001984   0x08001984   0x00000034   Code   RO         1296    i.rt_system_scheduler_init  scheduler.o
    0x080019b8   0x080019b8   0x00000028   Code   RO         1297    i.rt_system_scheduler_start  scheduler.o
    0x080019e0   0x080019e0   0x0000001c   Code   RO         1507    i.rt_system_timer_init  timer.o
    0x080019fc   0x080019fc   0x00000002   Code   RO         1508    i.rt_system_timer_thread_init  timer.o
    0x080019fe   0x080019fe   0x00000050   Code   RO         1385    i.rt_thread_create  thread.o
    0x08001a4e   0x08001a4e   0x00000002   PAD
    0x08001a50   0x08001a50   0x0000003c   Code   RO          714    i.rt_thread_defunct_dequeue  idle.o
    0x08001a8c   0x08001a8c   0x0000001c   Code   RO          715    i.rt_thread_defunct_enqueue  idle.o
    0x08001aa8   0x08001aa8   0x00000008   Code   RO          716    i.rt_thread_idle_entry  idle.o
    0x08001ab0   0x08001ab0   0x00000068   Code   RO          718    i.rt_thread_idle_init  idle.o
    0x08001b18   0x08001b18   0x00000034   Code   RO         1391    i.rt_thread_init    thread.o
    0x08001b4c   0x08001b4c   0x00000014   Code   RO         1392    i.rt_thread_mdelay  thread.o
    0x08001b60   0x08001b60   0x0000003c   Code   RO         1393    i.rt_thread_resume  thread.o
    0x08001b9c   0x08001b9c   0x0000000c   Code   RO         1394    i.rt_thread_self    thread.o
    0x08001ba8   0x08001ba8   0x00000044   Code   RO         1395    i.rt_thread_sleep   thread.o
    0x08001bec   0x08001bec   0x00000028   Code   RO         1396    i.rt_thread_startup  thread.o
    0x08001c14   0x08001c14   0x00000048   Code   RO         1397    i.rt_thread_suspend  thread.o
    0x08001c5c   0x08001c5c   0x00000038   Code   RO          595    i.rt_tick_from_millisecond  clock.o
    0x08001c94   0x08001c94   0x0000000c   Code   RO          596    i.rt_tick_get       clock.o
    0x08001ca0   0x08001ca0   0x00000050   Code   RO          598    i.rt_tick_increase  clock.o
    0x08001cf0   0x08001cf0   0x000000a4   Code   RO         1509    i.rt_timer_check    timer.o
    0x08001d94   0x08001d94   0x00000068   Code   RO         1510    i.rt_timer_control  timer.o
    0x08001dfc   0x08001dfc   0x00000028   Code   RO         1513    i.rt_timer_detach   timer.o
    0x08001e24   0x08001e24   0x0000002e   Code   RO         1514    i.rt_timer_init     timer.o
    0x08001e52   0x08001e52   0x00000002   PAD
    0x08001e54   0x08001e54   0x000000f8   Code   RO         1516    i.rt_timer_start    timer.o
    0x08001f4c   0x08001f4c   0x00000030   Code   RO         1517    i.rt_timer_stop     timer.o
    0x08001f7c   0x08001f7c   0x00000340   Code   RO          965    i.rt_vsnprintf      kservice.o
    0x080022bc   0x080022bc   0x00000016   Code   RO          966    i.rt_vsprintf       kservice.o
    0x080022d2   0x080022d2   0x00000004   Code   RO          638    i.rti_board_end     components.o
    0x080022d6   0x080022d6   0x00000004   Code   RO          639    i.rti_board_start   components.o
    0x080022da   0x080022da   0x00000004   Code   RO          640    i.rti_end           components.o
    0x080022de   0x080022de   0x00000004   Code   RO          641    i.rti_start         components.o
    0x080022e2   0x080022e2   0x0000002a   Code   RO          642    i.rtthread_startup  components.o
    0x0800230c   0x0800230c   0x00000026   Code   RO          967    i.skip_atoi         kservice.o
    0x08002332   0x08002332   0x00000002   PAD
    0x08002334   0x08002334   0x00000054   Code   RO          411    i.spi_clk_enable    drv_spi.o
    0x08002388   0x08002388   0x0000000c   Code   RO          121    i.spi_cs_high       main.o
    0x08002394   0x08002394   0x0000000e   Code   RO          122    i.spi_cs_low        main.o
    0x080023a2   0x080023a2   0x0000000e   Code   RO          413    i.spi_disable_dma   drv_spi.o
    0x080023b0   0x080023b0   0x0000001a   Code   RO          414    i.spi_enable_dma    drv_spi.o
    0x080023ca   0x080023ca   0x00000068   Code   RO          415    i.spi_init          drv_spi.o
    0x08002432   0x08002432   0x00000028   Code   RO          421    i.spi_txrx_byte     drv_spi.o
    0x0800245a   0x0800245a   0x00000010   Code   RO          422    i.spi_wait_idle     drv_spi.o
    0x0800246a   0x0800246a   0x00000002   PAD
    0x0800246c   0x0800246c   0x000000b8   Code   RO          123    i.test_dma_read     main.o
    0x08002524   0x08002524   0x0000008c   Code   RO          124    i.test_read_jedec_id  main.o
    0x080025b0   0x080025b0   0x00000048   Data   RO          126    .constdata          main.o
    0x080025f8   0x080025f8   0x00000014   Data   RO          228    .constdata          drv_dma.o
    0x0800260c   0x0800260c   0x00000122   Data   RO          968    .constdata          kservice.o
    0x0800272e   0x0800272e   0x00000002   PAD
    0x08002730   0x08002730   0x00000058   Data   RO          969    .conststring        kservice.o
    0x08002788   0x08002788   0x00000004   Data   RO          643    .rti_fn.0           components.o
    0x0800278c   0x0800278c   0x00000004   Data   RO          644    .rti_fn.0.end       components.o
    0x08002790   0x08002790   0x00000004   Data   RO          645    .rti_fn.1.end       components.o
    0x08002794   0x08002794   0x00000004   Data   RO          646    .rti_fn.6.end       components.o
    0x08002798   0x08002798   0x00000020   Data   RO         1641    Region$$Table       anon$$obj.o


    Execution Region RW_IRAM1 (Exec base: 0x20000000, Load base: 0x080027b8, Size: 0x00005e98, Max: 0x00020000, ABSOLUTE)

    Exec Addr    Load Addr    Size         Type   Attr      Idx    E Section Name        Object

    0x20000000   0x080027b8   0x00000035   Data   RW          127    .data               main.o
    0x20000035   0x080027ed   0x00000003   PAD
    0x20000038   0x080027f0   0x00000004   Data   RW          525    .data               system_stm32f4xx.o
    0x2000003c   0x080027f4   0x00000010   Data   RW          561    .data               cpuport.o
    0x2000004c   0x08002804   0x00000004   Data   RW          600    .data               clock.o
    0x20000050   0x08002808   0x00000008   Data   RW          720    .data               idle.o
    0x20000058   0x08002810   0x00000001   Data   RW          908    .data               irq.o
    0x20000059   0x08002811   0x00000003   PAD
    0x2000005c   0x08002814   0x00000038   Data   RW          970    .data               kservice.o
    0x20000094   0x0800284c   0x00000050   Data   RW         1220    .data               object.o
    0x200000e4   0x0800289c   0x0000000d   Data   RW         1299    .data               scheduler.o
    0x200000f1   0x080028a9   0x00000003   PAD
    0x200000f4   0x080028ac   0x0000000c   Data   RW         1518    .data               timer.o
    0x20000100        -       0x00005000   Zero   RW            8    .bss                board.o
    0x20005100        -       0x0000071c   Zero   RW          125    .bss                main.o
    0x2000581c        -       0x00000178   Zero   RW          719    .bss                idle.o
    0x20005994        -       0x00000100   Zero   RW         1298    .bss                scheduler.o
    0x20005a94   0x080028b8   0x00000004   PAD
    0x20005a98        -       0x00000400   Zero   RW          512    STACK               startup_stm32f407xx.o


==============================================================================

Image component sizes


      Code (inc. data)   RO Data    RW Data    ZI Data      Debug   Object Name

       304         36          0          0      20480     572813   board.o
       148         12          0          4          0       2344   clock.o
       158         22         16          0          0       5649   components.o
       316         28          0          0          0        848   context_rvds.o
       124         10          0         16          0       4186   cpuport.o
       528         40         20          0          0       8965   drv_dma.o
       328          8          0          0          0       6258   drv_gpio.o
       284         16          0          0          0       5434   drv_spi.o
       262         30          0          8        376       6566   idle.o
       418          0          0          0          0       8917   ipc.o
        64         12          0          1          0       1866   irq.o
      1674         38        378         56          0      12738   kservice.o
      1266        178         72         53       1820      41899   main.o
       604          8          0          0          0       4734   mem.o
       326          4          0         80          0       8972   object.o
       756         84          0         13        256       9404   scheduler.o
        44         10        392          0       1024        924   startup_stm32f407xx.o
         0          0          0          4          0        974   system_stm32f4xx.o
       646         14          0          0          0      10893   thread.o
       828         22          0         12          0      12400   timer.o

    ----------------------------------------------------------------------
      9098        572        912        256      23960     726784   Object Totals
         0          0         32          0          0          0   (incl. Generated)
        20          0          2          9          4          0   (incl. Padding)

    ----------------------------------------------------------------------

      Code (inc. data)   RO Data    RW Data    ZI Data      Debug   Library Member Name

         0          0          0          0          0          0   entry.o
         0          0          0          0          0          0   entry10a.o
         0          0          0          0          0          0   entry11a.o
         8          4          0          0          0          0   entry2.o
         4          0          0          0          0          0   entry5.o
         0          0          0          0          0          0   entry7b.o
         0          0          0          0          0          0   entry8b.o
         8          4          0          0          0          0   entry9a.o
        30          0          0          0          0          0   handlers.o
        36          8          0          0          0         68   init.o
        36          0          0          0          0         68   memcpya.o
        36          0          0          0          0        108   memseta.o

    ----------------------------------------------------------------------
       158         16          0          0          0        244   Library Totals
         0          0          0          0          0          0   (incl. Padding)

    ----------------------------------------------------------------------

      Code (inc. data)   RO Data    RW Data    ZI Data      Debug   Library Name

       158         16          0          0          0        244   mc_w.l

    ----------------------------------------------------------------------
       158         16          0          0          0        244   Library Totals

    ----------------------------------------------------------------------

==============================================================================


      Code (inc. data)   RO Data    RW Data    ZI Data      Debug   

      9256        588        912        256      23960     714580   Grand Totals
      9256        588        912        256      23960     714580   ELF Image Totals
      9256        588        912        256          0          0   ROM Totals

==============================================================================

    Total RO  Size (Code + RO Data)                10168 (   9.93kB)
    Total RW  Size (RW Data + ZI Data)             24216 (  23.65kB)
    Total ROM Size (Code + RO Data + RW Data)      10424 (  10.18kB)

==============================================================================

