Component: ARM Compiler 5.06 update 1 (build 61) Tool: armlink [4d35a8]

==============================================================================

Section Cross References

    main.o(i.app_thread_entry) refers to thread.o(i.rt_thread_mdelay) for rt_thread_mdelay
    main.o(i.main) refers to thread.o(i.rt_thread_init) for rt_thread_init
    main.o(i.main) refers to thread.o(i.rt_thread_startup) for rt_thread_startup
    main.o(i.main) refers to main.o(.bss) for app_thread_stack
    main.o(i.main) refers to main.o(i.app_thread_entry) for app_thread_entry
    board.o(i.SysTick_Handler) refers to irq.o(i.rt_interrupt_enter) for rt_interrupt_enter
    board.o(i.SysTick_Handler) refers to clock.o(i.rt_tick_increase) for rt_tick_increase
    board.o(i.SysTick_Handler) refers to irq.o(i.rt_interrupt_leave) for rt_interrupt_leave
    board.o(i.SysTick_Init) refers to system_stm32f4xx.o(.data) for SystemCoreClock
    board.o(i.SystemClock_Config) refers to system_stm32f4xx.o(.data) for SystemCoreClock
    board.o(i.rt_hw_board_init) refers to board.o(i.SystemClock_Config) for SystemClock_Config
    board.o(i.rt_hw_board_init) refers to board.o(i.SysTick_Init) for SysTick_Init
    board.o(i.rt_hw_board_init) refers to kservice.o(i.rt_system_heap_init) for rt_system_heap_init
    board.o(i.rt_hw_board_init) refers to board.o(.bss) for rt_heap
    drv_adc.o(i.adc_clear_flag_awd) refers to drv_adc.o(i.adc_is_valid_instance) for adc_is_valid_instance
    drv_adc.o(i.adc_clear_flag_eoc) refers to drv_adc.o(i.adc_is_valid_instance) for adc_is_valid_instance
    drv_adc.o(i.adc_clear_flag_ovr) refers to drv_adc.o(i.adc_is_valid_instance) for adc_is_valid_instance
    drv_adc.o(i.adc_clk_enable) refers to drv_adc.o(i.adc_is_valid_instance) for adc_is_valid_instance
    drv_adc.o(i.adc_clk_enable) refers to drv_rcc.o(i.rcc_enable_adc_clk) for rcc_enable_adc_clk
    drv_adc.o(i.adc_disable) refers to drv_adc.o(i.adc_is_valid_instance) for adc_is_valid_instance
    drv_adc.o(i.adc_disable_analog_watchdog) refers to drv_adc.o(i.adc_is_valid_instance) for adc_is_valid_instance
    drv_adc.o(i.adc_disable_awd_irq) refers to drv_adc.o(i.adc_is_valid_instance) for adc_is_valid_instance
    drv_adc.o(i.adc_disable_dma) refers to drv_adc.o(i.adc_is_valid_instance) for adc_is_valid_instance
    drv_adc.o(i.adc_disable_dma_continuous) refers to drv_adc.o(i.adc_is_valid_instance) for adc_is_valid_instance
    drv_adc.o(i.adc_disable_eoc_irq) refers to drv_adc.o(i.adc_is_valid_instance) for adc_is_valid_instance
    drv_adc.o(i.adc_disable_ovr_irq) refers to drv_adc.o(i.adc_is_valid_instance) for adc_is_valid_instance
    drv_adc.o(i.adc_enable) refers to drv_adc.o(i.adc_is_valid_instance) for adc_is_valid_instance
    drv_adc.o(i.adc_enable_analog_watchdog) refers to drv_adc.o(i.adc_is_valid_instance) for adc_is_valid_instance
    drv_adc.o(i.adc_enable_awd_irq) refers to drv_adc.o(i.adc_is_valid_instance) for adc_is_valid_instance
    drv_adc.o(i.adc_enable_dma) refers to drv_adc.o(i.adc_is_valid_instance) for adc_is_valid_instance
    drv_adc.o(i.adc_enable_dma_continuous) refers to drv_adc.o(i.adc_is_valid_instance) for adc_is_valid_instance
    drv_adc.o(i.adc_enable_eoc_irq) refers to drv_adc.o(i.adc_is_valid_instance) for adc_is_valid_instance
    drv_adc.o(i.adc_enable_ovr_irq) refers to drv_adc.o(i.adc_is_valid_instance) for adc_is_valid_instance
    drv_adc.o(i.adc_get_flag_awd) refers to drv_adc.o(i.adc_is_valid_instance) for adc_is_valid_instance
    drv_adc.o(i.adc_get_flag_eoc) refers to drv_adc.o(i.adc_is_valid_instance) for adc_is_valid_instance
    drv_adc.o(i.adc_get_flag_ovr) refers to drv_adc.o(i.adc_is_valid_instance) for adc_is_valid_instance
    drv_adc.o(i.adc_init) refers to drv_adc.o(i.adc_is_valid_instance) for adc_is_valid_instance
    drv_adc.o(i.adc_init) refers to drv_adc.o(i.adc_clk_enable) for adc_clk_enable
    drv_adc.o(i.adc_read_channel) refers to drv_adc.o(i.adc_is_valid_instance) for adc_is_valid_instance
    drv_adc.o(i.adc_read_channel) refers to drv_adc.o(i.adc_clear_flag_ovr) for adc_clear_flag_ovr
    drv_adc.o(i.adc_read_channel) refers to drv_adc.o(i.adc_set_sample_time) for adc_set_sample_time
    drv_adc.o(i.adc_read_channel) refers to drv_adc.o(i.adc_set_regular_length) for adc_set_regular_length
    drv_adc.o(i.adc_read_channel) refers to drv_adc.o(i.adc_set_regular_channel) for adc_set_regular_channel
    drv_adc.o(i.adc_read_channel) refers to drv_adc.o(i.adc_start) for adc_start
    drv_adc.o(i.adc_read_channel) refers to drv_adc.o(i.adc_read_data) for adc_read_data
    drv_adc.o(i.adc_read_data) refers to drv_adc.o(i.adc_is_valid_instance) for adc_is_valid_instance
    drv_adc.o(i.adc_set_analog_watchdog_channel) refers to drv_adc.o(i.adc_is_valid_instance) for adc_is_valid_instance
    drv_adc.o(i.adc_set_analog_watchdog_threshold) refers to drv_adc.o(i.adc_is_valid_instance) for adc_is_valid_instance
[...]
    Removing drv_dma.o(i.dma_stream_enabled), (10 bytes).
    Removing drv_dma.o(i.dma_stream_valid), (144 bytes).
    Removing drv_dma.o(.constdata), (20 bytes).
    Removing drv_exti.o(.rev16_text), (4 bytes).
    Removing drv_exti.o(.revsh_text), (4 bytes).
    Removing drv_exti.o(.rrx_text), (6 bytes).
    Removing drv_exti.o(i.exti_clear_pending), (32 bytes).
    Removing drv_exti.o(i.exti_disable_event), (36 bytes).
    Removing drv_exti.o(i.exti_disable_interrupt), (36 bytes).
    Removing drv_exti.o(i.exti_enable_event), (36 bytes).
    Removing drv_exti.o(i.exti_enable_interrupt), (36 bytes).
    Removing drv_exti.o(i.exti_get_irqn), (64 bytes).
    Removing drv_exti.o(i.exti_get_pending), (32 bytes).
    Removing drv_exti.o(i.exti_gpio_line_valid), (14 bytes).
    Removing drv_exti.o(i.exti_gpio_route_valid), (60 bytes).
    Removing drv_exti.o(i.exti_init_gpio_interrupt), (56 bytes).
    Removing drv_exti.o(i.exti_line_valid), (14 bytes).
    Removing drv_exti.o(i.exti_map_gpio), (84 bytes).
    Removing drv_exti.o(i.exti_port_code), (132 bytes).
    Removing drv_exti.o(i.exti_set_trigger), (100 bytes).
    Removing drv_exti.o(i.exti_software_trigger), (36 bytes).
    Removing drv_exti.o(i.exti_syscfg_clk_enable), (24 bytes).
    Removing drv_exti.o(i.exti_trigger_valid), (20 bytes).
    Removing drv_gpio.o(.rev16_text), (4 bytes).
    Removing drv_gpio.o(.revsh_text), (4 bytes).
    Removing drv_gpio.o(.rrx_text), (6 bytes).
    Removing drv_gpio.o(i.gpio_clk_enable), (18 bytes).
    Removing drv_gpio.o(i.gpio_init_af_od), (72 bytes).
    Removing drv_gpio.o(i.gpio_init_af_pp), (66 bytes).
    Removing drv_gpio.o(i.gpio_init_analog), (34 bytes).
    Removing drv_gpio.o(i.gpio_init_input), (36 bytes).
    Removing drv_gpio.o(i.gpio_init_output_od), (56 bytes).
    Removing drv_gpio.o(i.gpio_init_output_pp), (54 bytes).
    Removing drv_gpio.o(i.gpio_lock), (40 bytes).
    Removing drv_gpio.o(i.gpio_pin_shift2), (6 bytes).
    Removing drv_gpio.o(i.gpio_set_af), (68 bytes).
    Removing drv_gpio.o(i.gpio_set_mode), (52 bytes).
    Removing drv_gpio.o(i.gpio_set_mode_mask), (70 bytes).
    Removing drv_gpio.o(i.gpio_set_otype), (34 bytes).
    Removing drv_gpio.o(i.gpio_set_pull), (52 bytes).
    Removing drv_gpio.o(i.gpio_set_speed), (52 bytes).
    Removing drv_i2c.o(.rev16_text), (4 bytes).
    Removing drv_i2c.o(.revsh_text), (4 bytes).
    Removing drv_i2c.o(.rrx_text), (6 bytes).
    Removing drv_i2c.o(i.i2c_clk_enable), (18 bytes).
    Removing drv_i2c.o(i.i2c_deinit), (22 bytes).
    Removing drv_i2c.o(i.i2c_disable), (16 bytes).
    Removing drv_i2c.o(i.i2c_disable_ack), (16 bytes).
    Removing drv_i2c.o(i.i2c_disable_buf_irq), (16 bytes).
    Removing drv_i2c.o(i.i2c_disable_dma), (16 bytes).
    Removing drv_i2c.o(i.i2c_disable_dma_last), (16 bytes).
    Removing drv_i2c.o(i.i2c_disable_err_irq), (16 bytes).
    Removing drv_i2c.o(i.i2c_disable_evt_irq), (16 bytes).
    Removing drv_i2c.o(i.i2c_disable_pos), (16 bytes).
    Removing drv_i2c.o(i.i2c_enable), (16 bytes).
    Removing drv_i2c.o(i.i2c_enable_ack), (16 bytes).
    Removing drv_i2c.o(i.i2c_enable_buf_irq), (16 bytes).
    Removing drv_i2c.o(i.i2c_enable_dma), (16 bytes).
    Removing drv_i2c.o(i.i2c_enable_dma_last), (16 bytes).
    Removing drv_i2c.o(i.i2c_enable_err_irq), (16 bytes).
    Removing drv_i2c.o(i.i2c_enable_evt_irq), (16 bytes).
    Removing drv_i2c.o(i.i2c_enable_pos), (16 bytes).
    Removing drv_i2c.o(i.i2c_get_clock), (10 bytes).
    Removing drv_i2c.o(i.i2c_get_er_irqn), (36 bytes).
    Removing drv_i2c.o(i.i2c_get_ev_irqn), (36 bytes).
    Removing drv_i2c.o(i.i2c_get_pclk1), (56 bytes).
    Removing drv_i2c.o(i.i2c_get_sr1), (12 bytes).
    Removing drv_i2c.o(i.i2c_get_sr2), (12 bytes).
    Removing drv_i2c.o(i.i2c_init), (232 bytes).
    Removing drv_i2c.o(i.i2c_mem_read), (66 bytes).
    Removing drv_i2c.o(i.i2c_mem_write), (62 bytes).
    Removing drv_i2c.o(i.i2c_recv_byte_ack), (34 bytes).
    Removing drv_i2c.o(i.i2c_recv_byte_nack), (40 bytes).
    Removing drv_i2c.o(i.i2c_send_addr), (158 bytes).
    Removing drv_i2c.o(i.i2c_send_byte), (36 bytes).
    Removing drv_i2c.o(i.i2c_start), (30 bytes).
    Removing drv_i2c.o(i.i2c_stop), (16 bytes).
    Removing drv_i2c.o(i.i2c_wait_flag_set), (12 bytes).
    Removing drv_i2c.o(.constdata), (24 bytes).
    Removing drv_pwr.o(.rev16_text), (4 bytes).
    Removing drv_pwr.o(.revsh_text), (4 bytes).
    Removing drv_pwr.o(.rrx_text), (6 bytes).
    Removing drv_pwr.o(i.pwr_clear_standby_flag), (20 bytes).
    Removing drv_pwr.o(i.pwr_clear_wakeup_flag), (20 bytes).
    Removing drv_pwr.o(i.pwr_clk_enable), (24 bytes).
    Removing drv_pwr.o(i.pwr_disable_pvd), (20 bytes).
    Removing drv_pwr.o(i.pwr_enable_backup_access), (24 bytes).
    Removing drv_pwr.o(i.pwr_enable_pvd), (24 bytes).
    Removing drv_pwr.o(i.pwr_enter_sleep), (20 bytes).
    Removing drv_pwr.o(i.pwr_enter_standby), (52 bytes).
    Removing drv_pwr.o(i.pwr_enter_stop), (52 bytes).
    Removing drv_pwr.o(i.pwr_get_pvd_output), (16 bytes).
    Removing drv_pwr.o(i.pwr_set_pvd_level), (44 bytes).
    Removing drv_rcc.o(.rev16_text), (4 bytes).
    Removing drv_rcc.o(.revsh_text), (4 bytes).
    Removing drv_rcc.o(.rrx_text), (6 bytes).
    Removing drv_rcc.o(i.rcc_ahb_presc_shift), (16 bytes).
    Removing drv_rcc.o(i.rcc_apb_presc_shift), (16 bytes).
    Removing drv_rcc.o(i.rcc_clear_reset_flags), (20 bytes).
    Removing drv_rcc.o(i.rcc_enable_adc_clk), (88 bytes).
    Removing drv_rcc.o(i.rcc_enable_can_clk), (64 bytes).
    Removing drv_rcc.o(i.rcc_enable_dma_clk), (64 bytes).
    Removing drv_rcc.o(i.rcc_enable_gpio_clk), (232 bytes).
    Removing drv_rcc.o(i.rcc_enable_i2c_clk), (88 bytes).
    Removing drv_rcc.o(i.rcc_enable_spi_clk), (100 bytes).
    Removing drv_rcc.o(i.rcc_enable_tim_clk), (388 bytes).
    Removing drv_rcc.o(i.rcc_enable_usart_clk), (180 bytes).
    Removing drv_rcc.o(i.rcc_get_hclk), (32 bytes).
    Removing drv_rcc.o(i.rcc_get_hse_hz), (8 bytes).
    Removing drv_rcc.o(i.rcc_get_pclk1), (32 bytes).
    Removing drv_rcc.o(i.rcc_get_pclk2), (32 bytes).
    Removing drv_rcc.o(i.rcc_get_plli2s_clk), (88 bytes).
    Removing drv_rcc.o(i.rcc_get_reset_flags), (16 bytes).
    Removing drv_rcc.o(i.rcc_get_sysclk), (116 bytes).
    Removing drv_rcc.o(i.rcc_get_timclk1), (36 bytes).
    Removing drv_rcc.o(i.rcc_get_timclk2), (36 bytes).
    Removing drv_rcc.o(.constdata), (24 bytes).
    Removing drv_rtc.o(.rev16_text), (4 bytes).
    Removing drv_rtc.o(.revsh_text), (4 bytes).
    Removing drv_rtc.o(.rrx_text), (6 bytes).
    Removing drv_rtc.o(i.rtc_backup_access_enable), (24 bytes).
    Removing drv_rtc.o(i.rtc_backup_reg_addr), (16 bytes).
    Removing drv_rtc.o(i.rtc_bcd_to_bin), (20 bytes).
    Removing drv_rtc.o(i.rtc_bin_to_bcd), (26 bytes).
    Removing drv_rtc.o(i.rtc_build_alrm), (104 bytes).
    Removing drv_rtc.o(i.rtc_clear_alarm_a_flag), (16 bytes).
    Removing drv_rtc.o(i.rtc_clear_alarm_b_flag), (16 bytes).
    Removing drv_rtc.o(i.rtc_clear_wakeup_flag), (16 bytes).
    Removing drv_rtc.o(i.rtc_disable_alarm_a), (28 bytes).
    Removing drv_rtc.o(i.rtc_disable_alarm_b), (28 bytes).
    Removing drv_rtc.o(i.rtc_disable_wakeup), (28 bytes).
    Removing drv_rtc.o(i.rtc_enable_alarm_a), (28 bytes).
    Removing drv_rtc.o(i.rtc_enable_alarm_a_irq), (28 bytes).
    Removing drv_rtc.o(i.rtc_enable_alarm_b), (28 bytes).
    Removing drv_rtc.o(i.rtc_enable_alarm_b_irq), (28 bytes).
    Removing drv_rtc.o(i.rtc_enable_wakeup), (28 bytes).
    Removing drv_rtc.o(i.rtc_enable_wakeup_irq), (28 bytes).
    Removing drv_rtc.o(i.rtc_enter_init_mode), (40 bytes).
    Removing drv_rtc.o(i.rtc_exit_init_mode), (24 bytes).
    Removing drv_rtc.o(i.rtc_get_date), (56 bytes).
    Removing drv_rtc.o(i.rtc_get_time), (52 bytes).
    Removing drv_rtc.o(i.rtc_init), (224 bytes).
    Removing drv_rtc.o(i.rtc_pwr_clk_enable), (24 bytes).
    Removing drv_rtc.o(i.rtc_read_backup), (22 bytes).
    Removing drv_rtc.o(i.rtc_set_alarm_a), (64 bytes).
    Removing drv_rtc.o(i.rtc_set_alarm_b), (64 bytes).
    Removing drv_rtc.o(i.rtc_set_date), (64 bytes).
    Removing drv_rtc.o(i.rtc_set_time), (56 bytes).
    Removing drv_rtc.o(i.rtc_set_wakeup_reload), (84 bytes).
    Removing drv_rtc.o(i.rtc_wait_sync), (32 bytes).
    Removing drv_rtc.o(i.rtc_write_backup), (28 bytes).
    Removing drv_rtc.o(i.rtc_write_protect_disable), (16 bytes).
    Removing drv_rtc.o(i.rtc_write_protect_enable), (12 bytes).
    Removing drv_sdio.o(.rev16_text), (4 bytes).
    Removing drv_sdio.o(.revsh_text), (4 bytes).
    Removing drv_sdio.o(.rrx_text), (6 bytes).
    Removing drv_sdio.o(i.sdio_clear_flags), (12 bytes).
    Removing drv_sdio.o(i.sdio_clk_enable), (24 bytes).
    Removing drv_sdio.o(i.sdio_data_config), (52 bytes).
    Removing drv_sdio.o(i.sdio_disable_clk_output), (20 bytes).
    Removing drv_sdio.o(i.sdio_disable_dma), (20 bytes).
    Removing drv_sdio.o(i.sdio_disable_irq), (16 bytes).
    Removing drv_sdio.o(i.sdio_enable_clk_output), (20 bytes).
    Removing drv_sdio.o(i.sdio_enable_dma), (20 bytes).
    Removing drv_sdio.o(i.sdio_enable_irq), (16 bytes).
    Removing drv_sdio.o(i.sdio_get_cmd_status), (16 bytes).
    Removing drv_sdio.o(i.sdio_get_data_status), (16 bytes).
    Removing drv_sdio.o(i.sdio_get_resp1), (12 bytes).
    Removing drv_sdio.o(i.sdio_get_resp2), (12 bytes).
    Removing drv_sdio.o(i.sdio_get_resp3), (12 bytes).
    Removing drv_sdio.o(i.sdio_get_resp4), (12 bytes).
    Removing drv_sdio.o(i.sdio_init), (92 bytes).
    Removing drv_sdio.o(i.sdio_power_off), (12 bytes).
    Removing drv_sdio.o(i.sdio_power_on), (12 bytes).
    Removing drv_sdio.o(i.sdio_send_cmd), (44 bytes).
    Removing drv_sdio.o(i.sdio_set_bus_width), (52 bytes).
    Removing drv_spi.o(.rev16_text), (4 bytes).
    Removing drv_spi.o(.revsh_text), (4 bytes).
    Removing drv_spi.o(.rrx_text), (6 bytes).
    Removing drv_spi.o(i.spi_clk_enable), (18 bytes).
    Removing drv_spi.o(i.spi_cs_high), (28 bytes).
    Removing drv_spi.o(i.spi_deinit), (34 bytes).
    Removing drv_spi.o(i.spi_disable), (24 bytes).
    Removing drv_spi.o(i.spi_disable_crc), (24 bytes).
    Removing drv_spi.o(i.spi_disable_dma), (24 bytes).
    Removing drv_spi.o(i.spi_disable_err_irq), (24 bytes).
    Removing drv_spi.o(i.spi_disable_rxne_irq), (24 bytes).
    Removing drv_spi.o(i.spi_disable_ti_mode), (24 bytes).
    Removing drv_spi.o(i.spi_disable_txe_irq), (24 bytes).
    Removing drv_spi.o(i.spi_enable), (24 bytes).
    Removing drv_spi.o(i.spi_enable_bidirectional_rx), (36 bytes).
    Removing drv_spi.o(i.spi_enable_bidirectional_tx), (36 bytes).
    Removing drv_spi.o(i.spi_enable_crc), (52 bytes).
    Removing drv_spi.o(i.spi_enable_dma), (42 bytes).
    Removing drv_spi.o(i.spi_enable_err_irq), (24 bytes).
    Removing drv_spi.o(i.spi_enable_rxne_irq), (24 bytes).
    Removing drv_spi.o(i.spi_enable_ti_mode), (24 bytes).
    Removing drv_spi.o(i.spi_enable_txe_irq), (24 bytes).
    Removing drv_spi.o(i.spi_init), (136 bytes).
    Removing drv_spi.o(i.spi_rx_buffer), (42 bytes).
    Removing drv_spi.o(i.spi_set_prescaler), (70 bytes).
    Removing drv_spi.o(i.spi_set_software_nss), (40 bytes).
    Removing drv_spi.o(i.spi_transfer_frame), (104 bytes).
    Removing drv_spi.o(i.spi_tx_buffer), (40 bytes).
    Removing drv_spi.o(i.spi_txrx_buffer), (60 bytes).
    Removing drv_spi.o(i.spi_txrx_byte), (50 bytes).
    Removing drv_spi.o(i.spi_txrx_halfword), (52 bytes).
    Removing drv_spi.o(i.spi_wait_idle), (26 bytes).
    Removing drv_tim.o(.rev16_text), (4 bytes).
    Removing drv_tim.o(.revsh_text), (4 bytes).
    Removing drv_tim.o(.rrx_text), (6 bytes).
    Removing drv_tim.o(i.tim_base_init), (66 bytes).
    Removing drv_tim.o(i.tim_clear_cc_flag), (24 bytes).
    Removing drv_tim.o(i.tim_clk_enable), (18 bytes).
    Removing drv_tim.o(i.tim_config_frequency), (96 bytes).
    Removing drv_tim.o(i.tim_disable_cc_irq), (24 bytes).
    Removing drv_tim.o(i.tim_disable_update_irq), (16 bytes).
    Removing drv_tim.o(i.tim_enable_cc_irq), (24 bytes).
    Removing drv_tim.o(i.tim_enable_update_irq), (16 bytes).
    Removing drv_tim.o(i.tim_encoder_init), (90 bytes).
    Removing drv_tim.o(i.tim_get_apb_timer_clock), (84 bytes).
    Removing drv_tim.o(i.tim_get_capture), (46 bytes).
    Removing drv_tim.o(i.tim_get_cc_flag), (32 bytes).
    Removing drv_tim.o(i.tim_get_clock), (32 bytes).
    Removing drv_tim.o(i.tim_get_irqn), (184 bytes).
    Removing drv_tim.o(i.tim_ic_init), (406 bytes).
    Removing drv_tim.o(i.tim_is_apb2), (60 bytes).
    Removing drv_tim.o(i.tim_main_output_disable), (36 bytes).
    Removing drv_tim.o(i.tim_main_output_enable), (36 bytes).
    Removing drv_tim.o(i.tim_oc_init), (308 bytes).
    Removing drv_tim.o(i.tim_one_pulse_enable), (16 bytes).
    Removing drv_tim.o(i.tim_set_compare), (46 bytes).
    Removing drv_tim.o(i.tim_set_deadtime), (44 bytes).
    Removing drv_tim.o(i.tim_set_master_mode), (28 bytes).
    Removing drv_tim.o(i.tim_set_slave_mode), (40 bytes).
    Removing drv_tim.o(.constdata), (24 bytes).
    Removing drv_usart.o(.rev16_text), (4 bytes).
    Removing drv_usart.o(.revsh_text), (4 bytes).
    Removing drv_usart.o(.rrx_text), (6 bytes).
    Removing drv_usart.o(i.usart_calc_brr), (140 bytes).
    Removing drv_usart.o(i.usart_clear_idle_flag), (20 bytes).
    Removing drv_usart.o(i.usart_clk_enable), (18 bytes).
    Removing drv_usart.o(i.usart_deinit), (16 bytes).
    Removing drv_usart.o(i.usart_disable), (16 bytes).
    Removing drv_usart.o(i.usart_disable_clock), (16 bytes).
    Removing drv_usart.o(i.usart_disable_dma), (16 bytes).
    Removing drv_usart.o(i.usart_disable_half_duplex), (16 bytes).
    Removing drv_usart.o(i.usart_disable_idle_irq), (16 bytes).
    Removing drv_usart.o(i.usart_disable_irda), (16 bytes).
    Removing drv_usart.o(i.usart_disable_lin), (16 bytes).
    Removing drv_usart.o(i.usart_disable_rxne_irq), (16 bytes).
    Removing drv_usart.o(i.usart_disable_smartcard), (16 bytes).
    Removing drv_usart.o(i.usart_disable_tc_irq), (16 bytes).
    Removing drv_usart.o(i.usart_disable_txe_irq), (16 bytes).
    Removing drv_usart.o(i.usart_enable), (16 bytes).
    Removing drv_usart.o(i.usart_enable_clock), (78 bytes).
    Removing drv_usart.o(i.usart_enable_dma), (28 bytes).
    Removing drv_usart.o(i.usart_enable_half_duplex), (16 bytes).
    Removing drv_usart.o(i.usart_enable_idle_irq), (16 bytes).
    Removing drv_usart.o(i.usart_enable_irda), (36 bytes).
    Removing drv_usart.o(i.usart_enable_lin), (16 bytes).
    Removing drv_usart.o(i.usart_enable_rxne_irq), (16 bytes).
    Removing drv_usart.o(i.usart_enable_smartcard), (36 bytes).
    Removing drv_usart.o(i.usart_enable_tc_irq), (16 bytes).
    Removing drv_usart.o(i.usart_enable_txe_irq), (16 bytes).
    Removing drv_usart.o(i.usart_get_clock), (32 bytes).
    Removing drv_usart.o(i.usart_get_irqn), (76 bytes).
    Removing drv_usart.o(i.usart_get_pclk), (76 bytes).
    Removing drv_usart.o(i.usart_init), (142 bytes).
    Removing drv_usart.o(i.usart_is_apb2), (32 bytes).
    Removing drv_usart.o(i.usart_recv_byte), (26 bytes).
    Removing drv_usart.o(i.usart_send_buffer), (52 bytes).
    Removing drv_usart.o(i.usart_send_byte), (22 bytes).
    Removing drv_usart.o(i.usart_send_string), (48 bytes).
    Removing drv_usart.o(.constdata), (24 bytes).
    Removing drv_wdg.o(.rev16_text), (4 bytes).
    Removing drv_wdg.o(.revsh_text), (4 bytes).
    Removing drv_wdg.o(.rrx_text), (6 bytes).
    Removing drv_wdg.o(i.iwdg_init), (60 bytes).
    Removing drv_wdg.o(i.iwdg_reload), (16 bytes).
    Removing drv_wdg.o(i.iwdg_wait_ready), (20 bytes).
    Removing drv_can.o(.rev16_text), (4 bytes).
    Removing drv_can.o(.revsh_text), (4 bytes).
    Removing drv_can.o(.rrx_text), (6 bytes).
    Removing drv_can.o(i.can_abort_tx), (26 bytes).
    Removing drv_can.o(i.can_clk_enable), (76 bytes).
    Removing drv_can.o(i.can_disable_busoff_irq), (16 bytes).
    Removing drv_can.o(i.can_disable_err_irq), (16 bytes).
    Removing drv_can.o(i.can_disable_fifo0_irq), (16 bytes).
    Removing drv_can.o(i.can_disable_fifo1_irq), (16 bytes).
    Removing drv_can.o(i.can_disable_tx_irq), (16 bytes).
    Removing drv_can.o(i.can_disable_wakeup_irq), (16 bytes).
    Removing drv_can.o(i.can_enable_busoff_irq), (16 bytes).
    Removing drv_can.o(i.can_enable_err_irq), (16 bytes).
    Removing drv_can.o(i.can_enable_fifo0_irq), (16 bytes).
    Removing drv_can.o(i.can_enable_fifo1_irq), (16 bytes).
    Removing drv_can.o(i.can_enable_tx_irq), (16 bytes).
    Removing drv_can.o(i.can_enable_wakeup_irq), (16 bytes).
    Removing drv_can.o(i.can_enter_sleep), (16 bytes).
    Removing drv_can.o(i.can_exit_sleep), (16 bytes).
    Removing drv_can.o(i.can_filter_init), (224 bytes).
    Removing drv_can.o(i.can_get_esr), (12 bytes).
    Removing drv_can.o(i.can_get_rf0r), (12 bytes).
    Removing drv_can.o(i.can_get_rf1r), (12 bytes).
    Removing drv_can.o(i.can_get_rx0_irqn), (20 bytes).
    Removing drv_can.o(i.can_get_rx1_irqn), (20 bytes).
    Removing drv_can.o(i.can_get_sce_irqn), (20 bytes).
    Removing drv_can.o(i.can_get_tsr), (12 bytes).
    Removing drv_can.o(i.can_get_tx_irqn), (20 bytes).
    Removing drv_can.o(i.can_init), (156 bytes).
    Removing drv_can.o(i.can_recv), (194 bytes).
    Removing drv_can.o(i.can_send), (178 bytes).
    Removing drv_crc.o(.rev16_text), (4 bytes).
    Removing drv_crc.o(.revsh_text), (4 bytes).
    Removing drv_crc.o(.rrx_text), (6 bytes).
    Removing drv_crc.o(i.crc_calc32), (46 bytes).
    Removing drv_crc.o(i.crc_clk_enable), (24 bytes).
    Removing drv_crc.o(i.crc_read), (12 bytes).
    Removing drv_crc.o(i.crc_reset), (12 bytes).
    Removing drv_crc.o(i.crc_write), (12 bytes).
    Removing drv_dbgmcu.o(.rev16_text), (4 bytes).
    Removing drv_dbgmcu.o(.revsh_text), (4 bytes).
    Removing drv_dbgmcu.o(.rrx_text), (6 bytes).
    Removing drv_dbgmcu.o(i.dbgmcu_freeze_iwdg), (20 bytes).
    Removing drv_dbgmcu.o(i.dbgmcu_freeze_tim2), (20 bytes).
    Removing drv_dbgmcu.o(i.dbgmcu_freeze_tim3), (20 bytes).
    Removing drv_dbgmcu.o(i.dbgmcu_freeze_tim4), (20 bytes).
    Removing drv_dbgmcu.o(i.dbgmcu_freeze_tim5), (20 bytes).
    Removing drv_dbgmcu.o(i.dbgmcu_freeze_wwdg), (20 bytes).
    Removing drv_dbgmcu.o(i.dbgmcu_get_dev_id), (16 bytes).
    Removing drv_dbgmcu.o(i.dbgmcu_get_rev_id), (20 bytes).
    Removing drv_dcmi.o(.rev16_text), (4 bytes).
    Removing drv_dcmi.o(.revsh_text), (4 bytes).
    Removing drv_dcmi.o(.rrx_text), (6 bytes).
    Removing drv_dcmi.o(i.dcmi_clk_enable), (24 bytes).
    Removing drv_dcmi.o(i.dcmi_disable), (20 bytes).
    Removing drv_dcmi.o(i.dcmi_enable), (20 bytes).
    Removing drv_dcmi.o(i.dcmi_init), (80 bytes).
    Removing drv_dcmi.o(i.dcmi_start), (28 bytes).
    Removing drv_dcmi.o(i.dcmi_stop), (28 bytes).
    Removing drv_eth.o(.rev16_text), (4 bytes).
    Removing drv_eth.o(.revsh_text), (4 bytes).
    Removing drv_eth.o(.rrx_text), (6 bytes).
    Removing drv_eth.o(i.eth_clear_dma_status), (12 bytes).
    Removing drv_eth.o(i.eth_clk_enable), (24 bytes).
    Removing drv_eth.o(i.eth_enable_rx_irq), (24 bytes).
    Removing drv_eth.o(i.eth_enable_tx_irq), (20 bytes).
    Removing drv_eth.o(i.eth_get_dma_status), (12 bytes).
    Removing drv_eth.o(i.eth_init), (192 bytes).
    Removing drv_eth.o(i.eth_mii_read), (48 bytes).
    Removing drv_eth.o(i.eth_mii_wait_busy), (20 bytes).
    Removing drv_eth.o(i.eth_mii_write), (48 bytes).
    Removing drv_eth.o(i.eth_resume_rx), (12 bytes).
    Removing drv_eth.o(i.eth_resume_tx), (12 bytes).
    Removing drv_eth.o(i.eth_set_mac_addr), (92 bytes).
    Removing drv_eth.o(i.eth_start), (36 bytes).
    Removing drv_eth.o(i.eth_stop), (36 bytes).
    Removing drv_flash.o(.rev16_text), (4 bytes).
    Removing drv_flash.o(.revsh_text), (4 bytes).
    Removing drv_flash.o(.rrx_text), (6 bytes).
    Removing drv_flash.o(i.flash_clear_flags), (12 bytes).
    Removing drv_flash.o(i.flash_dcache_disable), (20 bytes).
    Removing drv_flash.o(i.flash_dcache_enable), (20 bytes).
    Removing drv_flash.o(i.flash_erase_sector), (124 bytes).
    Removing drv_flash.o(i.flash_get_sector_addr), (24 bytes).
    Removing drv_flash.o(i.flash_get_status), (80 bytes).
    Removing drv_flash.o(i.flash_icache_disable), (20 bytes).
    Removing drv_flash.o(i.flash_icache_enable), (20 bytes).
    Removing drv_flash.o(i.flash_lock), (20 bytes).
    Removing drv_flash.o(i.flash_opt_lock), (20 bytes).
    Removing drv_flash.o(i.flash_opt_start), (24 bytes).
    Removing drv_flash.o(i.flash_opt_unlock), (36 bytes).
    Removing drv_flash.o(i.flash_prefetch_disable), (20 bytes).
    Removing drv_flash.o(i.flash_prefetch_enable), (20 bytes).
    Removing drv_flash.o(i.flash_program_byte), (76 bytes).
    Removing drv_flash.o(i.flash_program_halfword), (84 bytes).
    Removing drv_flash.o(i.flash_program_word), (84 bytes).
    Removing drv_flash.o(i.flash_set_latency), (28 bytes).
    Removing drv_flash.o(i.flash_unlock), (36 bytes).
    Removing drv_flash.o(i.flash_wait_done), (14 bytes).
    Removing drv_flash.o(.constdata), (48 bytes).
    Removing drv_fsmc.o(.rev16_text), (4 bytes).
    Removing drv_fsmc.o(.revsh_text), (4 bytes).
    Removing drv_fsmc.o(.rrx_text), (6 bytes).
    Removing drv_fsmc.o(i.fsmc_clk_enable), (24 bytes).
    Removing drv_fsmc.o(i.fsmc_get_btcr), (12 bytes).
    Removing drv_fsmc.o(i.fsmc_get_bwtr), (16 bytes).
    Removing drv_fsmc.o(i.fsmc_norsram_init), (154 bytes).
    Removing drv_nvic.o(.rev16_text), (4 bytes).
    Removing drv_nvic.o(.revsh_text), (4 bytes).
    Removing drv_nvic.o(.rrx_text), (6 bytes).
    Removing drv_nvic.o(i.nvic_clear_pending), (36 bytes).
    Removing drv_nvic.o(i.nvic_disable_irq), (68 bytes).
    Removing drv_nvic.o(i.nvic_enable_irq), (32 bytes).
    Removing drv_nvic.o(i.nvic_get_active), (48 bytes).
    Removing drv_nvic.o(i.nvic_set_pending), (36 bytes).
    Removing drv_nvic.o(i.nvic_set_priority), (176 bytes).
    Removing drv_nvic.o(i.nvic_set_priority_grouping), (40 bytes).
    Removing drv_rng.o(.rev16_text), (4 bytes).
    Removing drv_rng.o(.revsh_text), (4 bytes).
    Removing drv_rng.o(.rrx_text), (6 bytes).
    Removing drv_rng.o(i.rng_check_error), (24 bytes).
    Removing drv_rng.o(i.rng_clk_enable), (24 bytes).
    Removing drv_rng.o(i.rng_data_ready), (16 bytes).
    Removing drv_rng.o(i.rng_deinit), (20 bytes).
    Removing drv_rng.o(i.rng_get), (28 bytes).
    Removing drv_rng.o(i.rng_init), (24 bytes).
    Removing drv_scb.o(.rev16_text), (4 bytes).
    Removing drv_scb.o(.revsh_text), (4 bytes).
    Removing drv_scb.o(.rrx_text), (6 bytes).
    Removing drv_scb.o(i.scb_get_aircr), (12 bytes).
    Removing drv_scb.o(i.scb_get_icsr), (12 bytes).
    Removing drv_scb.o(i.scb_set_sleepdeep), (36 bytes).
    Removing drv_scb.o(i.scb_set_sleeponexit), (36 bytes).
    Removing drv_scb.o(i.scb_set_vector_table), (20 bytes).
    Removing drv_scb.o(i.scb_system_reset), (68 bytes).
    Removing drv_syscfg.o(.rev16_text), (4 bytes).
    Removing drv_syscfg.o(.revsh_text), (4 bytes).
    Removing drv_syscfg.o(.rrx_text), (6 bytes).
    Removing drv_syscfg.o(i.syscfg_clk_enable), (24 bytes).
    Removing drv_syscfg.o(i.syscfg_set_exti_port), (68 bytes).
    Removing drv_systick.o(.rev16_text), (4 bytes).
    Removing drv_systick.o(.revsh_text), (4 bytes).
    Removing drv_systick.o(.rrx_text), (6 bytes).
    Removing drv_systick.o(i.systick_disable), (18 bytes).
    Removing drv_systick.o(i.systick_disable_irq), (18 bytes).
    Removing drv_systick.o(i.systick_enable), (18 bytes).
    Removing drv_systick.o(i.systick_enable_irq), (18 bytes).
    Removing drv_systick.o(i.systick_get_countflag), (12 bytes).
    Removing drv_systick.o(i.systick_get_current), (8 bytes).
    Removing drv_systick.o(i.systick_init), (84 bytes).
    Removing drv_systick.o(i.systick_set_clock_source), (38 bytes).
    Removing drv_wwdg.o(.rev16_text), (4 bytes).
    Removing drv_wwdg.o(.revsh_text), (4 bytes).
    Removing drv_wwdg.o(.rrx_text), (6 bytes).
    Removing drv_wwdg.o(i.wwdg_clear_ewi_flag), (12 bytes).
    Removing drv_wwdg.o(i.wwdg_clk_enable), (24 bytes).
    Removing drv_wwdg.o(i.wwdg_init), (68 bytes).
    Removing drv_wwdg.o(i.wwdg_refresh), (20 bytes).
    Removing system_stm32f4xx.o(.rev16_text), (4 bytes).
    Removing system_stm32f4xx.o(.revsh_text), (4 bytes).
    Removing system_stm32f4xx.o(.rrx_text), (6 bytes).
    Removing system_stm32f4xx.o(i.SystemCoreClockUpdate), (2 bytes).
    Removing system_stm32f4xx.o(i.SystemInit), (2 bytes).
    Removing clock.o(i.rt_tick_get_millisecond), (8 bytes).
    Removing clock.o(i.rt_tick_set), (28 bytes).
    Removing components.o(i.rt_components_board_init), (28 bytes).
    Removing idle.o(i.rt_thread_idle_gethandler), (20 bytes).
    Removing ipc.o(i._ipc_list_resume), (20 bytes).
    Removing ipc.o(i._ipc_list_resume_all), (50 bytes).
    Removing ipc.o(i._ipc_list_suspend), (110 bytes).
    Removing ipc.o(i._ipc_object_init), (16 bytes).
    Removing ipc.o(i.rt_list_init), (6 bytes).
    Removing ipc.o(i.rt_list_insert_before), (14 bytes).
    Removing ipc.o(i.rt_list_isempty), (16 bytes).
    Removing ipc.o(i.rt_mb_control), (66 bytes).
    Removing ipc.o(i.rt_mb_create), (82 bytes).
    Removing ipc.o(i.rt_mb_delete), (36 bytes).
    Removing ipc.o(i.rt_mb_detach), (30 bytes).
    Removing ipc.o(i.rt_mb_init), (62 bytes).
    Removing ipc.o(i.rt_mb_recv), (250 bytes).
    Removing ipc.o(i.rt_mb_send), (18 bytes).
    Removing ipc.o(i.rt_mb_send_wait), (270 bytes).
    Removing ipc.o(i.rt_mb_urgent), (108 bytes).
    Removing ipc.o(i.rt_sem_control), (54 bytes).
    Removing ipc.o(i.rt_sem_create), (42 bytes).
    Removing ipc.o(i.rt_sem_delete), (22 bytes).
    Removing ipc.o(i.rt_sem_detach), (22 bytes).
    Removing ipc.o(i.rt_sem_init), (38 bytes).
    Removing ipc.o(i.rt_sem_release), (82 bytes).
    Removing ipc.o(i.rt_sem_take), (116 bytes).
    Removing ipc.o(i.rt_sem_trytake), (14 bytes).
    Removing irq.o(i.rt_interrupt_get_nest), (28 bytes).
    Removing kservice.o(i._rt_errno), (36 bytes).
    Removing kservice.o(i.rt_calloc), (34 bytes).
    Removing kservice.o(i.rt_free_align), (22 bytes).
    Removing kservice.o(i.rt_get_errno), (36 bytes).
    Removing kservice.o(i.rt_hw_us_delay), (2 bytes).
    Removing kservice.o(i.rt_malloc_align), (70 bytes).
    Removing kservice.o(i.rt_memcmp), (38 bytes).
    Removing kservice.o(i.rt_memcpy), (124 bytes).
    Removing kservice.o(i.rt_memmove), (66 bytes).
    Removing kservice.o(i.rt_memory_info), (68 bytes).
    Removing kservice.o(i.rt_realloc), (44 bytes).
    Removing kservice.o(i.rt_set_errno), (40 bytes).
    Removing kservice.o(i.rt_snprintf), (38 bytes).
    Removing kservice.o(i.rt_strcasecmp), (48 bytes).
    Removing kservice.o(i.rt_strcmp), (28 bytes).
    Removing kservice.o(i.rt_strcpy), (24 bytes).
    Removing kservice.o(i.rt_strdup), (40 bytes).
    Removing kservice.o(i.rt_strerror), (32 bytes).
    Removing kservice.o(i.rt_strlen), (18 bytes).
    Removing kservice.o(i.rt_strncmp), (40 bytes).
    Removing kservice.o(i.rt_strnlen), (24 bytes).
    Removing kservice.o(i.rt_strstr), (58 bytes).
    Removing mem.o(i.rt_smem_detach), (14 bytes).
    Removing mem.o(i.rt_smem_realloc), (224 bytes).
    Removing object.o(i.rt_object_find), (82 bytes).
    Removing object.o(i.rt_object_get_length), (58 bytes).
    Removing object.o(i.rt_object_get_pointers), (86 bytes).
    Removing object.o(i.rt_object_get_type), (10 bytes).
    Removing scheduler.o(i.rt_critical_level), (12 bytes).
    Removing thread.o(i.rt_thread_control), (146 bytes).
    Removing thread.o(i.rt_thread_delay), (12 bytes).
    Removing thread.o(i.rt_thread_delay_until), (112 bytes).
    Removing thread.o(i.rt_thread_delete), (72 bytes).
    Removing thread.o(i.rt_thread_detach), (72 bytes).
    Removing thread.o(i.rt_thread_find), (14 bytes).
    Removing thread.o(i.rt_thread_yield), (44 bytes).
    Removing timer.o(i._timer_list_next_timeout), (56 bytes).
    Removing timer.o(i.rt_timer_create), (54 bytes).
    Removing timer.o(i.rt_timer_delete), (40 bytes).
    Removing timer.o(i.rt_timer_next_timeout_tick), (24 bytes).
    Removing cpuport.o(i.rt_hw_cpu_reset), (16 bytes).
    Removing cpuport.o(i.rt_hw_cpu_shutdown), (2 bytes).
    Removing cpuport.o(i.rt_hw_exception_install), (12 bytes).
    Removing startup_stm32f407xx.o(HEAP), (0 bytes).

625 unused section(s) (total 23798 bytes) removed from the image.

==============================================================================

Image Symbol Table

    Local Symbols

    Symbol Name                              Value     Ov Type        Size  Object(Section)

    ../clib/microlib/init/entry.s            0x00000000   Number         0  entry10a.o ABSOLUTE
    ../clib/microlib/init/entry.s            0x00000000   Number         0  entry10b.o ABSOLUTE
    ../clib/microlib/init/entry.s            0x00000000   Number         0  entry11a.o ABSOLUTE
    ../clib/microlib/init/entry.s            0x00000000   Number         0  entry11b.o ABSOLUTE
    ../clib/microlib/init/entry.s            0x00000000   Number         0  entry.o ABSOLUTE
    ../clib/microlib/init/entry.s            0x00000000   Number         0  entry2.o ABSOLUTE
    ../clib/microlib/init/entry.s            0x00000000   Number         0  entry5.o ABSOLUTE
    ../clib/microlib/init/entry.s            0x00000000   Number         0  entry7a.o ABSOLUTE
    ../clib/microlib/init/entry.s            0x00000000   Number         0  entry7b.o ABSOLUTE
    ../clib/microlib/init/entry.s            0x00000000   Number         0  entry8a.o ABSOLUTE
    ../clib/microlib/init/entry.s            0x00000000   Number         0  entry8b.o ABSOLUTE
    ../clib/microlib/init/entry.s            0x00000000   Number         0  entry9a.o ABSOLUTE
    ../clib/microlib/init/entry.s            0x00000000   Number         0  entry9b.o ABSOLUTE
    Projects\CMSIS\src\system_stm32f4xx.c    0x00000000   Number         0  system_stm32f4xx.o ABSOLUTE
    Projects\\CMSIS\\src\\system_stm32f4xx.c 0x00000000   Number         0  system_stm32f4xx.o ABSOLUTE
    Projects\\app\\src\\main.c               0x00000000   Number         0  main.o ABSOLUTE
    Projects\\board\\src\\board.c            0x00000000   Number         0  board.o ABSOLUTE
    Projects\\bsp\\src\\drv_adc.c            0x00000000   Number         0  drv_adc.o ABSOLUTE
    Projects\\bsp\\src\\drv_can.c            0x00000000   Number         0  drv_can.o ABSOLUTE
    Projects\\bsp\\src\\drv_crc.c            0x00000000   Number         0  drv_crc.o ABSOLUTE
    Projects\\bsp\\src\\drv_dac.c            0x00000000   Number         0  drv_dac.o ABSOLUTE
    Projects\\bsp\\src\\drv_dbgmcu.c         0x00000000   Number         0  drv_dbgmcu.o ABSOLUTE
    Projects\\bsp\\src\\drv_dcmi.c           0x00000000   Number         0  drv_dcmi.o ABSOLUTE
    Projects\\bsp\\src\\drv_dma.c            0x00000000   Number         0  drv_dma.o ABSOLUTE
    Projects\\bsp\\src\\drv_eth.c            0x00000000   Number         0  drv_eth.o ABSOLUTE
    Projects\\bsp\\src\\drv_exti.c           0x00000000   Number         0  drv_exti.o ABSOLUTE
    Projects\\bsp\\src\\drv_flash.c          0x00000000   Number         0  drv_flash.o ABSOLUTE
    Projects\\bsp\\src\\drv_fsmc.c           0x00000000   Number         0  drv_fsmc.o ABSOLUTE
    Projects\\bsp\\src\\drv_gpio.c           0x00000000   Number         0  drv_gpio.o ABSOLUTE
    Projects\\bsp\\src\\drv_i2c.c            0x00000000   Number         0  drv_i2c.o ABSOLUTE
    Projects\\bsp\\src\\drv_nvic.c           0x00000000   Number         0  drv_nvic.o ABSOLUTE
    Projects\\bsp\\src\\drv_pwr.c            0x00000000   Number         0  drv_pwr.o ABSOLUTE
    Projects\\bsp\\src\\drv_rcc.c            0x00000000   Number         0  drv_rcc.o ABSOLUTE
    Projects\\bsp\\src\\drv_rng.c            0x00000000   Number         0  drv_rng.o ABSOLUTE
    Projects\\bsp\\src\\drv_rtc.c            0x00000000   Number         0  drv_rtc.o ABSOLUTE
    Projects\\bsp\\src\\drv_scb.c            0x00000000   Number         0  drv_scb.o ABSOLUTE
    Projects\\bsp\\src\\drv_sdio.c           0x00000000   Number         0  drv_sdio.o ABSOLUTE
    Projects\\bsp\\src\\drv_spi.c            0x00000000   Number         0  drv_spi.o ABSOLUTE
    Projects\\bsp\\src\\drv_syscfg.c         0x00000000   Number         0  drv_syscfg.o ABSOLUTE
    Projects\\bsp\\src\\drv_systick.c        0x00000000   Number         0  drv_systick.o ABSOLUTE
    Projects\\bsp\\src\\drv_tim.c            0x00000000   Number         0  drv_tim.o ABSOLUTE
    Projects\\bsp\\src\\drv_usart.c          0x00000000   Number         0  drv_usart.o ABSOLUTE
    Projects\\bsp\\src\\drv_wdg.c            0x00000000   Number         0  drv_wdg.o ABSOLUTE
    Projects\\bsp\\src\\drv_wwdg.c           0x00000000   Number         0  drv_wwdg.o ABSOLUTE
    Projects\app\src\main.c                  0x00000000   Number         0  main.o ABSOLUTE
    Projects\board\src\board.c               0x00000000   Number         0  board.o ABSOLUTE
    Projects\bsp\src\drv_adc.c               0x00000000   Number         0  drv_adc.o ABSOLUTE
    Projects\bsp\src\drv_can.c               0x00000000   Number         0  drv_can.o ABSOLUTE
    Projects\bsp\src\drv_crc.c               0x00000000   Number         0  drv_crc.o ABSOLUTE
    Projects\bsp\src\drv_cryp.c              0x00000000   Number         0  drv_cryp.o ABSOLUTE
    Projects\bsp\src\drv_dac.c               0x00000000   Number         0  drv_dac.o ABSOLUTE
    Projects\bsp\src\drv_dbgmcu.c            0x00000000   Number         0  drv_dbgmcu.o ABSOLUTE
    Projects\bsp\src\drv_dcmi.c              0x00000000   Number         0  drv_dcmi.o ABSOLUTE
    Projects\bsp\src\drv_dma.c               0x00000000   Number         0  drv_dma.o ABSOLUTE
    Projects\bsp\src\drv_eth.c               0x00000000   Number         0  drv_eth.o ABSOLUTE
    Projects\bsp\src\drv_exti.c              0x00000000   Number         0  drv_exti.o ABSOLUTE
    Projects\bsp\src\drv_flash.c             0x00000000   Number         0  drv_flash.o ABSOLUTE
    Projects\bsp\src\drv_fsmc.c              0x00000000   Number         0  drv_fsmc.o ABSOLUTE
    Projects\bsp\src\drv_gpio.c              0x00000000   Number         0  drv_gpio.o ABSOLUTE
    Projects\bsp\src\drv_hash.c              0x00000000   Number         0  drv_hash.o ABSOLUTE
    Projects\bsp\src\drv_i2c.c               0x00000000   Number         0  drv_i2c.o ABSOLUTE
    Projects\bsp\src\drv_i2s.c               0x00000000   Number         0  drv_i2s.o ABSOLUTE
    Projects\bsp\src\drv_nvic.c              0x00000000   Number         0  drv_nvic.o ABSOLUTE
    Projects\bsp\src\drv_pwr.c               0x00000000   Number         0  drv_pwr.o ABSOLUTE
    Projects\bsp\src\drv_rcc.c               0x00000000   Number         0  drv_rcc.o ABSOLUTE
    Projects\bsp\src\drv_rng.c               0x00000000   Number         0  drv_rng.o ABSOLUTE
    Projects\bsp\src\drv_rtc.c               0x00000000   Number         0  drv_rtc.o ABSOLUTE
    Projects\bsp\src\drv_scb.c               0x00000000   Number         0  drv_scb.o ABSOLUTE
    Projects\bsp\src\drv_sdio.c              0x00000000   Number         0  drv_sdio.o ABSOLUTE
    Projects\bsp\src\drv_spi.c               0x00000000   Number         0  drv_spi.o ABSOLUTE
    Projects\bsp\src\drv_syscfg.c            0x00000000   Number         0  drv_syscfg.o ABSOLUTE
    Projects\bsp\src\drv_systick.c           0x00000000   Number         0  drv_systick.o ABSOLUTE
    Projects\bsp\src\drv_tim.c               0x00000000   Number         0  drv_tim.o ABSOLUTE
    Projects\bsp\src\drv_usart.c             0x00000000   Number         0  drv_usart.o ABSOLUTE
    Projects\bsp\src\drv_usb_otg_fs.c        0x00000000   Number         0  drv_usb_otg_fs.o ABSOLUTE
    Projects\bsp\src\drv_usb_otg_hs.c        0x00000000   Number         0  drv_usb_otg_hs.o ABSOLUTE
    Projects\bsp\src\drv_wdg.c               0x00000000   Number         0  drv_wdg.o ABSOLUTE
    Projects\bsp\src\drv_wwdg.c              0x00000000   Number         0  drv_wwdg.o ABSOLUTE
    Projects\kernel\libcpu\arm\cortex-m4\context_rvds.S 0x00000000   Number         0  context_rvds.o ABSOLUTE
    Projects\kernel\libcpu\arm\cortex-m4\cpuport.c 0x00000000   Number         0  cpuport.o ABSOLUTE
    Projects\kernel\src\clock.c              0x00000000   Number         0  clock.o ABSOLUTE
    Projects\kernel\src\components.c         0x00000000   Number         0  components.o ABSOLUTE
    Projects\kernel\src\cpu.c                0x00000000   Number         0  cpu.o ABSOLUTE
    Projects\kernel\src\device.c             0x00000000   Number         0  device.o ABSOLUTE
    Projects\kernel\src\idle.c               0x00000000   Number         0  idle.o ABSOLUTE
    Projects\kernel\src\ipc.c                0x00000000   Number         0  ipc.o ABSOLUTE
    Projects\kernel\src\irq.c                0x00000000   Number         0  irq.o ABSOLUTE
    Projects\kernel\src\kservice.c           0x00000000   Number         0  kservice.o ABSOLUTE
    Projects\kernel\src\mem.c                0x00000000   Number         0  mem.o ABSOLUTE
    Projects\kernel\src\memheap.c            0x00000000   Number         0  memheap.o ABSOLUTE
    Projects\kernel\src\mempool.c            0x00000000   Number         0  mempool.o ABSOLUTE
    Projects\kernel\src\object.c             0x00000000   Number         0  object.o ABSOLUTE
    Projects\kernel\src\scheduler.c          0x00000000   Number         0  scheduler.o ABSOLUTE
    Projects\kernel\src\signal.c             0x00000000   Number         0  signal.o ABSOLUTE
    Projects\kernel\src\slab.c               0x00000000   Number         0  slab.o ABSOLUTE
    Projects\kernel\src\thread.c             0x00000000   Number         0  thread.o ABSOLUTE
    Projects\kernel\src\timer.c              0x00000000   Number         0  timer.o ABSOLUTE
    Projects\startup\startup_stm32f407xx.s   0x00000000   Number         0  startup_stm32f407xx.o ABSOLUTE
    dc.s                                     0x00000000   Number         0  dc.o ABSOLUTE
    handlers.s                               0x00000000   Number         0  handlers.o ABSOLUTE
    init.s                                   0x00000000   Number         0  init.o ABSOLUTE
    RESET                                    0x08000000   Section      392  startup_stm32f407xx.o(RESET)
    .ARM.Collect$$$$00000000                 0x08000188   Section        0  entry.o(.ARM.Collect$$$$00000000)
    .ARM.Collect$$$$00000001                 0x08000188   Section        4  entry2.o(.ARM.Collect$$$$00000001)
    .ARM.Collect$$$$00000004                 0x0800018c   Section        4  entry5.o(.ARM.Collect$$$$00000004)
    .ARM.Collect$$$$00000008                 0x08000190   Section        0  entry7b.o(.ARM.Collect$$$$00000008)
    .ARM.Collect$$$$0000000A                 0x08000190   Section        0  entry8b.o(.ARM.Collect$$$$0000000A)
    .ARM.Collect$$$$0000000B                 0x08000190   Section        8  entry9a.o(.ARM.Collect$$$$0000000B)
    .ARM.Collect$$$$0000000D                 0x08000198   Section        0  entry10a.o(.ARM.Collect$$$$0000000D)
    .ARM.Collect$$$$0000000F                 0x08000198   Section        0  entry11a.o(.ARM.Collect$$$$0000000F)
    .ARM.Collect$$$$00002712                 0x08000198   Section        4  entry2.o(.ARM.Collect$$$$00002712)
    __lit__00000000                          0x08000198   Data           4  entry2.o(.ARM.Collect$$$$00002712)
    .text                                    0x0800019c   Section      316  context_rvds.o(.text)
    $v0                                      0x0800019c   Number         0  context_rvds.o(.text)
    .text                                    0x080002d8   Section       44  startup_stm32f407xx.o(.text)
    $v0                                      0x080002d8   Number         0  startup_stm32f407xx.o(.text)
    .text                                    0x08000304   Section       36  init.o(.text)
    i.$Sub$$main                             0x08000328   Section        0  components.o(i.$Sub$$main)
    i.SysTick_Handler                        0x08000332   Section        0  board.o(i.SysTick_Handler)
    i.SysTick_Init                           0x08000344   Section        0  board.o(i.SysTick_Init)
    SysTick_Init                             0x08000345   Thumb Code    30  board.o(i.SysTick_Init)
    i.SystemClock_Config                     0x08000368   Section        0  board.o(i.SystemClock_Config)
    SystemClock_Config                       0x08000369   Thumb Code   200  board.o(i.SystemClock_Config)
    i.__rt_ffs                               0x08000448   Section        0  kservice.o(i.__rt_ffs)
    i.__scatterload_copy                     0x08000494   Section       14  handlers.o(i.__scatterload_copy)
    i.__scatterload_null                     0x080004a2   Section        2  handlers.o(i.__scatterload_null)
    i.__scatterload_zeroinit                 0x080004a4   Section       14  handlers.o(i.__scatterload_zeroinit)
    i._heap_lock                             0x080004b2   Section        0  kservice.o(i._heap_lock)
    _heap_lock                               0x080004b3   Thumb Code    10  kservice.o(i._heap_lock)
    i._heap_unlock                           0x080004bc   Section        0  kservice.o(i._heap_unlock)
    _heap_unlock                             0x080004bd   Thumb Code    10  kservice.o(i._heap_unlock)
    i._scheduler_get_highest_priority_thread 0x080004c8   Section        0  scheduler.o(i._scheduler_get_highest_priority_thread)
    _scheduler_get_highest_priority_thread   0x080004c9   Thumb Code    30  scheduler.o(i._scheduler_get_highest_priority_thread)
    i._thread_exit                           0x080004f0   Section        0  thread.o(i._thread_exit)
    _thread_exit                             0x080004f1   Thumb Code    52  thread.o(i._thread_exit)
    i._thread_init                           0x08000524   Section        0  thread.o(i._thread_init)
    _thread_init                             0x08000525   Thumb Code   120  thread.o(i._thread_init)
    i._thread_timeout                        0x080005a4   Section        0  thread.o(i._thread_timeout)
    _thread_timeout                          0x080005a5   Thumb Code    44  thread.o(i._thread_timeout)
    i._timer_init                            0x080005d0   Section        0  timer.o(i._timer_init)
    _timer_init                              0x080005d1   Thumb Code    66  timer.o(i._timer_init)
    i._timer_remove                          0x08000612   Section        0  timer.o(i._timer_remove)
    _timer_remove                            0x08000613   Thumb Code    28  timer.o(i._timer_remove)
    i.app_thread_entry                       0x0800062e   Section        0  main.o(i.app_thread_entry)
    app_thread_entry                         0x0800062f   Thumb Code    12  main.o(i.app_thread_entry)
    i.main                                   0x0800063c   Section        0  main.o(i.main)
    i.main_thread_entry                      0x08000678   Section        0  components.o(i.main_thread_entry)
    i.plug_holes                             0x08000686   Section        0  mem.o(i.plug_holes)
    plug_holes                               0x08000687   Thumb Code   102  mem.o(i.plug_holes)
    i.print_number                           0x080006ec   Section        0  kservice.o(i.print_number)
    print_number                             0x080006ed   Thumb Code   400  kservice.o(i.print_number)
    i.rt_application_init                    0x08000884   Section        0  components.o(i.rt_application_init)
    i.rt_components_init                     0x080008b4   Section        0  components.o(i.rt_components_init)
    i.rt_defunct_execute                     0x080008d0   Section        0  idle.o(i.rt_defunct_execute)
    rt_defunct_execute                       0x080008d1   Thumb Code    62  idle.o(i.rt_defunct_execute)
    i.rt_enter_critical                      0x08000910   Section        0  scheduler.o(i.rt_enter_critical)
    i.rt_exit_critical                       0x08000930   Section        0  scheduler.o(i.rt_exit_critical)
    i.rt_free                                0x08000974   Section        0  kservice.o(i.rt_free)
    i.rt_hw_board_init                       0x08000994   Section        0  board.o(i.rt_hw_board_init)
    i.rt_hw_hard_fault_exception             0x080009b0   Section        0  cpuport.o(i.rt_hw_hard_fault_exception)
    i.rt_hw_stack_init                       0x080009dc   Section        0  cpuport.o(i.rt_hw_stack_init)
    i.rt_interrupt_enter                     0x08000a2c   Section        0  irq.o(i.rt_interrupt_enter)
    i.rt_interrupt_leave                     0x08000a4c   Section        0  irq.o(i.rt_interrupt_leave)
    i.rt_list_init                           0x08000a6c   Section        0  timer.o(i.rt_list_init)
    rt_list_init                             0x08000a6d   Thumb Code     6  timer.o(i.rt_list_init)
    i.rt_list_insert_after                   0x08000a72   Section        0  object.o(i.rt_list_insert_after)
    rt_list_insert_after                     0x08000a73   Thumb Code    14  object.o(i.rt_list_insert_after)
    i.rt_list_insert_after                   0x08000a80   Section        0  timer.o(i.rt_list_insert_after)
    rt_list_insert_after                     0x08000a81   Thumb Code    14  timer.o(i.rt_list_insert_after)
    i.rt_list_isempty                        0x08000a8e   Section        0  timer.o(i.rt_list_isempty)
    rt_list_isempty                          0x08000a8f   Thumb Code    16  timer.o(i.rt_list_isempty)
    i.rt_list_remove                         0x08000a9e   Section        0  object.o(i.rt_list_remove)
    rt_list_remove                           0x08000a9f   Thumb Code    18  object.o(i.rt_list_remove)
    i.rt_list_remove                         0x08000ab0   Section        0  thread.o(i.rt_list_remove)
    rt_list_remove                           0x08000ab1   Thumb Code    18  thread.o(i.rt_list_remove)
    i.rt_list_remove                         0x08000ac2   Section        0  timer.o(i.rt_list_remove)
    rt_list_remove                           0x08000ac3   Thumb Code    18  timer.o(i.rt_list_remove)
    i.rt_malloc                              0x08000ad4   Section        0  kservice.o(i.rt_malloc)
    i.rt_memset                              0x08000af8   Section        0  kservice.o(i.rt_memset)
    i.rt_object_allocate                     0x08000b40   Section        0  object.o(i.rt_object_allocate)
    i.rt_object_delete                       0x08000b94   Section        0  object.o(i.rt_object_delete)
    i.rt_object_detach                       0x08000bb8   Section        0  object.o(i.rt_object_detach)
    i.rt_object_get_information              0x08000bd8   Section        0  object.o(i.rt_object_get_information)
    i.rt_object_init                         0x08000c00   Section        0  object.o(i.rt_object_init)
    i.rt_object_is_systemobject              0x08000c56   Section        0  object.o(i.rt_object_is_systemobject)
    i.rt_schedule                            0x08000c68   Section        0  scheduler.o(i.rt_schedule)
    i.rt_schedule_insert_thread              0x08000d84   Section        0  scheduler.o(i.rt_schedule_insert_thread)
    i.rt_schedule_remove_thread              0x08000e20   Section        0  scheduler.o(i.rt_schedule_remove_thread)
    i.rt_show_version                        0x08000e74   Section        0  kservice.o(i.rt_show_version)
    i.rt_smem_alloc                          0x08000e76   Section        0  mem.o(i.rt_smem_alloc)
    i.rt_smem_free                           0x08000f8a   Section        0  mem.o(i.rt_smem_free)
    i.rt_smem_init                           0x08000fc4   Section        0  mem.o(i.rt_smem_init)
    i.rt_sprintf                             0x0800106c   Section        0  kservice.o(i.rt_sprintf)
    i.rt_strncpy                             0x0800108e   Section        0  kservice.o(i.rt_strncpy)
    i.rt_system_heap_init                    0x080010c4   Section        0  kservice.o(i.rt_system_heap_init)
    i.rt_system_scheduler_init               0x080010f8   Section        0  scheduler.o(i.rt_system_scheduler_init)
    i.rt_system_scheduler_start              0x0800112c   Section        0  scheduler.o(i.rt_system_scheduler_start)
    i.rt_system_timer_init                   0x08001154   Section        0  timer.o(i.rt_system_timer_init)
    i.rt_system_timer_thread_init            0x08001170   Section        0  timer.o(i.rt_system_timer_thread_init)
    i.rt_thread_create                       0x08001172   Section        0  thread.o(i.rt_thread_create)
    i.rt_thread_defunct_dequeue              0x080011c4   Section        0  idle.o(i.rt_thread_defunct_dequeue)
    i.rt_thread_defunct_enqueue              0x08001200   Section        0  idle.o(i.rt_thread_defunct_enqueue)
    i.rt_thread_idle_entry                   0x0800121c   Section        0  idle.o(i.rt_thread_idle_entry)
    rt_thread_idle_entry                     0x0800121d   Thumb Code     8  idle.o(i.rt_thread_idle_entry)
    i.rt_thread_idle_init                    0x08001224   Section        0  idle.o(i.rt_thread_idle_init)
    i.rt_thread_init                         0x0800128c   Section        0  thread.o(i.rt_thread_init)
    i.rt_thread_mdelay                       0x080012c0   Section        0  thread.o(i.rt_thread_mdelay)
    i.rt_thread_resume                       0x080012d4   Section        0  thread.o(i.rt_thread_resume)
    i.rt_thread_self                         0x08001310   Section        0  thread.o(i.rt_thread_self)
    i.rt_thread_sleep                        0x0800131c   Section        0  thread.o(i.rt_thread_sleep)
    i.rt_thread_startup                      0x08001360   Section        0  thread.o(i.rt_thread_startup)
    i.rt_thread_suspend                      0x08001388   Section        0  thread.o(i.rt_thread_suspend)
    i.rt_tick_from_millisecond               0x080013d0   Section        0  clock.o(i.rt_tick_from_millisecond)
    i.rt_tick_get                            0x08001408   Section        0  clock.o(i.rt_tick_get)
    i.rt_tick_increase                       0x08001414   Section        0  clock.o(i.rt_tick_increase)
    i.rt_timer_check                         0x08001464   Section        0  timer.o(i.rt_timer_check)
    i.rt_timer_control                       0x08001508   Section        0  timer.o(i.rt_timer_control)
    i.rt_timer_detach                        0x08001570   Section        0  timer.o(i.rt_timer_detach)
    i.rt_timer_init                          0x08001598   Section        0  timer.o(i.rt_timer_init)
    i.rt_timer_start                         0x080015c8   Section        0  timer.o(i.rt_timer_start)
    i.rt_timer_stop                          0x080016c0   Section        0  timer.o(i.rt_timer_stop)
    i.rt_vsnprintf                           0x080016f0   Section        0  kservice.o(i.rt_vsnprintf)
    i.rt_vsprintf                            0x08001a30   Section        0  kservice.o(i.rt_vsprintf)
    i.rti_board_end                          0x08001a46   Section        0  components.o(i.rti_board_end)
    rti_board_end                            0x08001a47   Thumb Code     4  components.o(i.rti_board_end)
    i.rti_board_start                        0x08001a4a   Section        0  components.o(i.rti_board_start)
    rti_board_start                          0x08001a4b   Thumb Code     4  components.o(i.rti_board_start)
    i.rti_end                                0x08001a4e   Section        0  components.o(i.rti_end)
    rti_end                                  0x08001a4f   Thumb Code     4  components.o(i.rti_end)
    i.rti_start                              0x08001a52   Section        0  components.o(i.rti_start)
    rti_start                                0x08001a53   Thumb Code     4  components.o(i.rti_start)
    i.rtthread_startup                       0x08001a56   Section        0  components.o(i.rtthread_startup)
    i.skip_atoi                              0x08001a80   Section        0  kservice.o(i.skip_atoi)
    skip_atoi                                0x08001a81   Thumb Code    38  kservice.o(i.skip_atoi)
    .constdata                               0x08001aa6   Section      290  kservice.o(.constdata)
    small_digits                             0x08001ba6   Data          17  kservice.o(.constdata)
    large_digits                             0x08001bb7   Data          17  kservice.o(.constdata)
    .conststring                             0x08001bc8   Section       88  kservice.o(.conststring)
    .rti_fn.0                                0x08001c20   Section        4  components.o(.rti_fn.0)
    __tagsym$$used                           0x08001c20   Number         0  components.o(.rti_fn.0)
    .rti_fn.0.end                            0x08001c24   Section        4  components.o(.rti_fn.0.end)
    __tagsym$$used                           0x08001c24   Number         0  components.o(.rti_fn.0.end)
    .rti_fn.1.end                            0x08001c28   Section        4  components.o(.rti_fn.1.end)
    __tagsym$$used                           0x08001c28   Number         0  components.o(.rti_fn.1.end)
    .rti_fn.6.end                            0x08001c2c   Section        4  components.o(.rti_fn.6.end)
    __tagsym$$used                           0x08001c2c   Number         0  components.o(.rti_fn.6.end)
    .data                                    0x20000000   Section        4  system_stm32f4xx.o(.data)
    .data                                    0x20000004   Section        4  clock.o(.data)
    rt_tick                                  0x20000004   Data           4  clock.o(.data)
    .data                                    0x20000008   Section        8  idle.o(.data)
    _rt_thread_defunct                       0x20000008   Data           8  idle.o(.data)
    .data                                    0x20000010   Section        1  irq.o(.data)
    .data                                    0x20000014   Section       56  kservice.o(.data)
    __rt_errno                               0x20000014   Data           4  kservice.o(.data)
    rt_errno_strs                            0x20000018   Data          48  kservice.o(.data)
    system_heap                              0x20000048   Data           4  kservice.o(.data)
    .data                                    0x2000004c   Section       80  object.o(.data)
    _object_container                        0x2000004c   Data          80  object.o(.data)
    .data                                    0x2000009c   Section       13  scheduler.o(.data)
    rt_scheduler_lock_nest                   0x200000a0   Data           2  scheduler.o(.data)
    .data                                    0x200000ac   Section       12  timer.o(.data)
    _timer_list                              0x200000ac   Data           8  timer.o(.data)
    random_nr                                0x200000b4   Data           4  timer.o(.data)
    .data                                    0x200000b8   Section       16  cpuport.o(.data)
    rt_exception_hook                        0x200000c4   Data           4  cpuport.o(.data)
    .bss                                     0x200000c8   Section      632  main.o(.bss)
    app_thread                               0x200000c8   Data         120  main.o(.bss)
    app_thread_stack                         0x20000140   Data         512  main.o(.bss)
    .bss                                     0x20000340   Section     4096  board.o(.bss)
    rt_heap                                  0x20000340   Data        4096  board.o(.bss)
    .bss                                     0x20001340   Section      376  idle.o(.bss)
    idle                                     0x20001340   Data         120  idle.o(.bss)
    rt_thread_stack                          0x200013b8   Data         256  idle.o(.bss)
    .bss                                     0x200014b8   Section      256  scheduler.o(.bss)
    STACK                                    0x200015b8   Section     1024  startup_stm32f407xx.o(STACK)

    Global Symbols

    Symbol Name                              Value     Ov Type        Size  Object(Section)

    BuildAttributes$$THM_ISAv4$E$P$D$K$B$S$7EM$VFPi3$EXTD16$VFPS$VFMA$PE$A:L22UL41UL21$X:L11$S22US41US21$IEEE1$IW$USESV6$~STKCKD$USESV7$~SHL$OSPACE$EBA8$MICROLIB$REQ8$PRES8$EABIv2 0x00000000   Number         0  anon$$obj.o ABSOLUTE
    __ARM_use_no_argv                        0x00000000   Number         0  main.o ABSOLUTE
    __cpp_initialize__aeabi_                  - Undefined Weak Reference
    __cxa_finalize                            - Undefined Weak Reference
    __decompress                              - Undefined Weak Reference
    _clock_init                               - Undefined Weak Reference
    _microlib_exit                            - Undefined Weak Reference
    __Vectors_Size                           0x00000188   Number         0  startup_stm32f407xx.o ABSOLUTE
    __Vectors                                0x08000000   Data           4  startup_stm32f407xx.o(RESET)
    __Vectors_End                            0x08000188   Data           0  startup_stm32f407xx.o(RESET)
    __main                                   0x08000189   Thumb Code     0  entry.o(.ARM.Collect$$$$00000000)
    _main_stk                                0x08000189   Thumb Code     0  entry2.o(.ARM.Collect$$$$00000001)
    _main_scatterload                        0x0800018d   Thumb Code     0  entry5.o(.ARM.Collect$$$$00000004)
    __main_after_scatterload                 0x08000191   Thumb Code     0  entry5.o(.ARM.Collect$$$$00000004)
    _main_clock                              0x08000191   Thumb Code     0  entry7b.o(.ARM.Collect$$$$00000008)
    _main_cpp_init                           0x08000191   Thumb Code     0  entry8b.o(.ARM.Collect$$$$0000000A)
    _main_init                               0x08000191   Thumb Code     0  entry9a.o(.ARM.Collect$$$$0000000B)
    __rt_final_cpp                           0x08000199   Thumb Code     0  entry10a.o(.ARM.Collect$$$$0000000D)
    __rt_final_exit                          0x08000199   Thumb Code     0  entry11a.o(.ARM.Collect$$$$0000000F)
    rt_hw_interrupt_disable                  0x0800019d   Thumb Code     8  context_rvds.o(.text)
    rt_hw_interrupt_enable                   0x080001a5   Thumb Code     6  context_rvds.o(.text)
    rt_hw_context_switch                     0x080001ab   Thumb Code    32  context_rvds.o(.text)
    rt_hw_context_switch_interrupt           0x080001ab   Thumb Code     0  context_rvds.o(.text)
    PendSV_Handler                           0x080001cb   Thumb Code   108  context_rvds.o(.text)
    rt_hw_context_switch_to                  0x08000237   Thumb Code    76  context_rvds.o(.text)
    rt_hw_interrupt_thread_switch            0x08000283   Thumb Code     2  context_rvds.o(.text)
    HardFault_Handler                        0x08000285   Thumb Code    56  context_rvds.o(.text)
    Reset_Handler                            0x080002d9   Thumb Code    14  startup_stm32f407xx.o(.text)
    NMI_Handler                              0x080002e7   Thumb Code     2  startup_stm32f407xx.o(.text)
    MemManage_Handler                        0x080002eb   Thumb Code     2  startup_stm32f407xx.o(.text)
    BusFault_Handler                         0x080002ed   Thumb Code     2  startup_stm32f407xx.o(.text)
    UsageFault_Handler                       0x080002ef   Thumb Code     2  startup_stm32f407xx.o(.text)
    SVC_Handler                              0x080002f1   Thumb Code     2  startup_stm32f407xx.o(.text)
    DebugMon_Handler                         0x080002f3   Thumb Code     2  startup_stm32f407xx.o(.text)
    ADC_IRQHandler                           0x080002f9   Thumb Code     0  startup_stm32f407xx.o(.text)
    CAN1_RX0_IRQHandler                      0x080002f9   Thumb Code     0  startup_stm32f407xx.o(.text)
    CAN1_RX1_IRQHandler                      0x080002f9   Thumb Code     0  startup_stm32f407xx.o(.text)
    CAN1_SCE_IRQHandler                      0x080002f9   Thumb Code     0  startup_stm32f407xx.o(.text)
    CAN1_TX_IRQHandler                       0x080002f9   Thumb Code     0  startup_stm32f407xx.o(.text)
    CAN2_RX0_IRQHandler                      0x080002f9   Thumb Code     0  startup_stm32f407xx.o(.text)
    CAN2_RX1_IRQHandler                      0x080002f9   Thumb Code     0  startup_stm32f407xx.o(.text)
    CAN2_SCE_IRQHandler                      0x080002f9   Thumb Code     0  startup_stm32f407xx.o(.text)
    CAN2_TX_IRQHandler                       0x080002f9   Thumb Code     0  startup_stm32f407xx.o(.text)
    DCMI_IRQHandler                          0x080002f9   Thumb Code     0  startup_stm32f407xx.o(.text)
    DMA1_Stream0_IRQHandler                  0x080002f9   Thumb Code     0  startup_stm32f407xx.o(.text)
    DMA1_Stream1_IRQHandler                  0x080002f9   Thumb Code     0  startup_stm32f407xx.o(.text)
    DMA1_Stream2_IRQHandler                  0x080002f9   Thumb Code     0  startup_stm32f407xx.o(.text)
    DMA1_Stream3_IRQHandler                  0x080002f9   Thumb Code     0  startup_stm32f407xx.o(.text)
    DMA1_Stream4_IRQHandler                  0x080002f9   Thumb Code     0  startup_stm32f407xx.o(.text)
    DMA1_Stream5_IRQHandler                  0x080002f9   Thumb Code     0  startup_stm32f407xx.o(.text)
    DMA1_Stream6_IRQHandler                  0x080002f9   Thumb Code     0  startup_stm32f407xx.o(.text)
    DMA1_Stream7_IRQHandler                  0x080002f9   Thumb Code     0  startup_stm32f407xx.o(.text)
    DMA2_Stream0_IRQHandler                  0x080002f9   Thumb Code     0  startup_stm32f407xx.o(.text)
    DMA2_Stream1_IRQHandler                  0x080002f9   Thumb Code     0  startup_stm32f407xx.o(.text)
    DMA2_Stream2_IRQHandler                  0x080002f9   Thumb Code     0  startup_stm32f407xx.o(.text)
    DMA2_Stream3_IRQHandler                  0x080002f9   Thumb Code     0  startup_stm32f407xx.o(.text)
    DMA2_Stream4_IRQHandler                  0x080002f9   Thumb Code     0  startup_stm32f407xx.o(.text)
    DMA2_Stream5_IRQHandler                  0x080002f9   Thumb Code     0  startup_stm32f407xx.o(.text)
    DMA2_Stream6_IRQHandler                  0x080002f9   Thumb Code     0  startup_stm32f407xx.o(.text)
    DMA2_Stream7_IRQHandler                  0x080002f9   Thumb Code     0  startup_stm32f407xx.o(.text)
    ETH_IRQHandler                           0x080002f9   Thumb Code     0  startup_stm32f407xx.o(.text)
    ETH_WKUP_IRQHandler                      0x080002f9   Thumb Code     0  startup_stm32f407xx.o(.text)
    EXTI0_IRQHandler                         0x080002f9   Thumb Code     0  startup_stm32f407xx.o(.text)
    EXTI15_10_IRQHandler                     0x080002f9   Thumb Code     0  startup_stm32f407xx.o(.text)
    EXTI1_IRQHandler                         0x080002f9   Thumb Code     0  startup_stm32f407xx.o(.text)
    EXTI2_IRQHandler                         0x080002f9   Thumb Code     0  startup_stm32f407xx.o(.text)
    EXTI3_IRQHandler                         0x080002f9   Thumb Code     0  startup_stm32f407xx.o(.text)
    EXTI4_IRQHandler                         0x080002f9   Thumb Code     0  startup_stm32f407xx.o(.text)
    EXTI9_5_IRQHandler                       0x080002f9   Thumb Code     0  startup_stm32f407xx.o(.text)
    FLASH_IRQHandler                         0x080002f9   Thumb Code     0  startup_stm32f407xx.o(.text)
    FMC_IRQHandler                           0x080002f9   Thumb Code     0  startup_stm32f407xx.o(.text)
    FPU_IRQHandler                           0x080002f9   Thumb Code     0  startup_stm32f407xx.o(.text)
    HASH_RNG_IRQHandler                      0x080002f9   Thumb Code     0  startup_stm32f407xx.o(.text)
    I2C1_ER_IRQHandler                       0x080002f9   Thumb Code     0  startup_stm32f407xx.o(.text)
    I2C1_EV_IRQHandler                       0x080002f9   Thumb Code     0  startup_stm32f407xx.o(.text)
    I2C2_ER_IRQHandler                       0x080002f9   Thumb Code     0  startup_stm32f407xx.o(.text)
    I2C2_EV_IRQHandler                       0x080002f9   Thumb Code     0  startup_stm32f407xx.o(.text)
    I2C3_ER_IRQHandler                       0x080002f9   Thumb Code     0  startup_stm32f407xx.o(.text)
    I2C3_EV_IRQHandler                       0x080002f9   Thumb Code     0  startup_stm32f407xx.o(.text)
    OTG_FS_IRQHandler                        0x080002f9   Thumb Code     0  startup_stm32f407xx.o(.text)
    OTG_FS_WKUP_IRQHandler                   0x080002f9   Thumb Code     0  startup_stm32f407xx.o(.text)
    OTG_HS_EP1_IN_IRQHandler                 0x080002f9   Thumb Code     0  startup_stm32f407xx.o(.text)
    OTG_HS_EP1_OUT_IRQHandler                0x080002f9   Thumb Code     0  startup_stm32f407xx.o(.text)
    OTG_HS_IRQHandler                        0x080002f9   Thumb Code     0  startup_stm32f407xx.o(.text)
    OTG_HS_WKUP_IRQHandler                   0x080002f9   Thumb Code     0  startup_stm32f407xx.o(.text)
    PVD_IRQHandler                           0x080002f9   Thumb Code     0  startup_stm32f407xx.o(.text)
    RCC_IRQHandler                           0x080002f9   Thumb Code     0  startup_stm32f407xx.o(.text)
    RTC_Alarm_IRQHandler                     0x080002f9   Thumb Code     0  startup_stm32f407xx.o(.text)
    RTC_WKUP_IRQHandler                      0x080002f9   Thumb Code     0  startup_stm32f407xx.o(.text)
    SDIO_IRQHandler                          0x080002f9   Thumb Code     0  startup_stm32f407xx.o(.text)
    SPI1_IRQHandler                          0x080002f9   Thumb Code     0  startup_stm32f407xx.o(.text)
    SPI2_IRQHandler                          0x080002f9   Thumb Code     0  startup_stm32f407xx.o(.text)
    SPI3_IRQHandler                          0x080002f9   Thumb Code     0  startup_stm32f407xx.o(.text)
    TAMP_STAMP_IRQHandler                    0x080002f9   Thumb Code     0  startup_stm32f407xx.o(.text)
    TIM1_BRK_TIM9_IRQHandler                 0x080002f9   Thumb Code     0  startup_stm32f407xx.o(.text)
    TIM1_CC_IRQHandler                       0x080002f9   Thumb Code     0  startup_stm32f407xx.o(.text)
    TIM1_TRG_COM_TIM11_IRQHandler            0x080002f9   Thumb Code     0  startup_stm32f407xx.o(.text)
    TIM1_UP_TIM10_IRQHandler                 0x080002f9   Thumb Code     0  startup_stm32f407xx.o(.text)
    TIM2_IRQHandler                          0x080002f9   Thumb Code     0  startup_stm32f407xx.o(.text)
    TIM3_IRQHandler                          0x080002f9   Thumb Code     0  startup_stm32f407xx.o(.text)
    TIM4_IRQHandler                          0x080002f9   Thumb Code     0  startup_stm32f407xx.o(.text)
    TIM5_IRQHandler                          0x080002f9   Thumb Code     0  startup_stm32f407xx.o(.text)
    TIM6_DAC_IRQHandler                      0x080002f9   Thumb Code     0  startup_stm32f407xx.o(.text)
    TIM7_IRQHandler                          0x080002f9   Thumb Code     0  startup_stm32f407xx.o(.text)
    TIM8_BRK_TIM12_IRQHandler                0x080002f9   Thumb Code     0  startup_stm32f407xx.o(.text)
    TIM8_CC_IRQHandler                       0x080002f9   Thumb Code     0  startup_stm32f407xx.o(.text)
    TIM8_TRG_COM_TIM14_IRQHandler            0x080002f9   Thumb Code     0  startup_stm32f407xx.o(.text)
    TIM8_UP_TIM13_IRQHandler                 0x080002f9   Thumb Code     0  startup_stm32f407xx.o(.text)
    UART4_IRQHandler                         0x080002f9   Thumb Code     0  startup_stm32f407xx.o(.text)
    UART5_IRQHandler                         0x080002f9   Thumb Code     0  startup_stm32f407xx.o(.text)
    USART1_IRQHandler                        0x080002f9   Thumb Code     0  startup_stm32f407xx.o(.text)
    USART2_IRQHandler                        0x080002f9   Thumb Code     0  startup_stm32f407xx.o(.text)
    USART3_IRQHandler                        0x080002f9   Thumb Code     0  startup_stm32f407xx.o(.text)
    USART6_IRQHandler                        0x080002f9   Thumb Code     0  startup_stm32f407xx.o(.text)
    WWDG_IRQHandler                          0x080002f9   Thumb Code     0  startup_stm32f407xx.o(.text)
    __scatterload                            0x08000305   Thumb Code    28  init.o(.text)
    __scatterload_rt2                        0x08000305   Thumb Code     0  init.o(.text)
    main                                     0x08000329   Thumb Code    10  components.o(i.$Sub$$main)
    SysTick_Handler                          0x08000333   Thumb Code    16  board.o(i.SysTick_Handler)
    __rt_ffs                                 0x08000449   Thumb Code    70  kservice.o(i.__rt_ffs)
    __scatterload_copy                       0x08000495   Thumb Code    14  handlers.o(i.__scatterload_copy)
    __scatterload_null                       0x080004a3   Thumb Code     2  handlers.o(i.__scatterload_null)
    __scatterload_zeroinit                   0x080004a5   Thumb Code    14  handlers.o(i.__scatterload_zeroinit)
    $Super$$main                             0x0800063d   Thumb Code    44  main.o(i.main)
    main_thread_entry                        0x08000679   Thumb Code    14  components.o(i.main_thread_entry)
    rt_application_init                      0x08000885   Thumb Code    34  components.o(i.rt_application_init)
    rt_components_init                       0x080008b5   Thumb Code    20  components.o(i.rt_components_init)
    rt_enter_critical                        0x08000911   Thumb Code    28  scheduler.o(i.rt_enter_critical)
    rt_exit_critical                         0x08000931   Thumb Code    60  scheduler.o(i.rt_exit_critical)
    rt_free                                  0x08000975   Thumb Code    30  kservice.o(i.rt_free)
    rt_hw_board_init                         0x08000995   Thumb Code    22  board.o(i.rt_hw_board_init)
    rt_hw_hard_fault_exception               0x080009b1   Thumb Code    40  cpuport.o(i.rt_hw_hard_fault_exception)
    rt_hw_stack_init                         0x080009dd   Thumb Code    74  cpuport.o(i.rt_hw_stack_init)
    rt_interrupt_enter                       0x08000a2d   Thumb Code    26  irq.o(i.rt_interrupt_enter)
    rt_interrupt_leave                       0x08000a4d   Thumb Code    26  irq.o(i.rt_interrupt_leave)
    rt_malloc                                0x08000ad5   Thumb Code    32  kservice.o(i.rt_malloc)
    rt_memset                                0x08000af9   Thumb Code    72  kservice.o(i.rt_memset)
    rt_object_allocate                       0x08000b41   Thumb Code    84  object.o(i.rt_object_allocate)
    rt_object_delete                         0x08000b95   Thumb Code    36  object.o(i.rt_object_delete)
    rt_object_detach                         0x08000bb9   Thumb Code    30  object.o(i.rt_object_detach)
    rt_object_get_information                0x08000bd9   Thumb Code    36  object.o(i.rt_object_get_information)
    rt_object_init                           0x08000c01   Thumb Code    86  object.o(i.rt_object_init)
    rt_object_is_systemobject                0x08000c57   Thumb Code    18  object.o(i.rt_object_is_systemobject)
    rt_schedule                              0x08000c69   Thumb Code   262  scheduler.o(i.rt_schedule)
    rt_schedule_insert_thread                0x08000d85   Thumb Code   142  scheduler.o(i.rt_schedule_insert_thread)
    rt_schedule_remove_thread                0x08000e21   Thumb Code    76  scheduler.o(i.rt_schedule_remove_thread)
    rt_show_version                          0x08000e75   Thumb Code     2  kservice.o(i.rt_show_version)
    rt_smem_alloc                            0x08000e77   Thumb Code   276  mem.o(i.rt_smem_alloc)
    rt_smem_free                             0x08000f8b   Thumb Code    58  mem.o(i.rt_smem_free)
    rt_smem_init                             0x08000fc5   Thumb Code   160  mem.o(i.rt_smem_init)
    rt_sprintf                               0x0800106d   Thumb Code    34  kservice.o(i.rt_sprintf)
    rt_strncpy                               0x0800108f   Thumb Code    52  kservice.o(i.rt_strncpy)
    rt_system_heap_init                      0x080010c5   Thumb Code    40  kservice.o(i.rt_system_heap_init)
    rt_system_scheduler_init                 0x080010f9   Thumb Code    38  scheduler.o(i.rt_system_scheduler_init)
    rt_system_scheduler_start                0x0800112d   Thumb Code    36  scheduler.o(i.rt_system_scheduler_start)
    rt_system_timer_init                     0x08001155   Thumb Code    24  timer.o(i.rt_system_timer_init)
    rt_system_timer_thread_init              0x08001171   Thumb Code     2  timer.o(i.rt_system_timer_thread_init)
    rt_thread_create                         0x08001173   Thumb Code    80  thread.o(i.rt_thread_create)
    rt_thread_defunct_dequeue                0x080011c5   Thumb Code    56  idle.o(i.rt_thread_defunct_dequeue)
    rt_thread_defunct_enqueue                0x08001201   Thumb Code    24  idle.o(i.rt_thread_defunct_enqueue)
    rt_thread_idle_init                      0x08001225   Thumb Code    82  idle.o(i.rt_thread_idle_init)
    rt_thread_init                           0x0800128d   Thumb Code    52  thread.o(i.rt_thread_init)
    rt_thread_mdelay                         0x080012c1   Thumb Code    20  thread.o(i.rt_thread_mdelay)
    rt_thread_resume                         0x080012d5   Thumb Code    60  thread.o(i.rt_thread_resume)
    rt_thread_self                           0x08001311   Thumb Code     6  thread.o(i.rt_thread_self)
    rt_thread_sleep                          0x0800131d   Thumb Code    68  thread.o(i.rt_thread_sleep)
    rt_thread_startup                        0x08001361   Thumb Code    40  thread.o(i.rt_thread_startup)
    rt_thread_suspend                        0x08001389   Thumb Code    72  thread.o(i.rt_thread_suspend)
    rt_tick_from_millisecond                 0x080013d1   Thumb Code    56  clock.o(i.rt_tick_from_millisecond)
    rt_tick_get                              0x08001409   Thumb Code     6  clock.o(i.rt_tick_get)
    rt_tick_increase                         0x08001415   Thumb Code    74  clock.o(i.rt_tick_increase)
    rt_timer_check                           0x08001465   Thumb Code   160  timer.o(i.rt_timer_check)
    rt_timer_control                         0x08001509   Thumb Code   104  timer.o(i.rt_timer_control)
    rt_timer_detach                          0x08001571   Thumb Code    40  timer.o(i.rt_timer_detach)
    rt_timer_init                            0x08001599   Thumb Code    46  timer.o(i.rt_timer_init)
    rt_timer_start                           0x080015c9   Thumb Code   240  timer.o(i.rt_timer_start)
    rt_timer_stop                            0x080016c1   Thumb Code    48  timer.o(i.rt_timer_stop)
    rt_vsnprintf                             0x080016f1   Thumb Code   824  kservice.o(i.rt_vsnprintf)
    rt_vsprintf                              0x08001a31   Thumb Code    22  kservice.o(i.rt_vsprintf)
    rtthread_startup                         0x08001a57   Thumb Code    42  components.o(i.rtthread_startup)
    __lowest_bit_bitmap                      0x08001aa6   Data         256  kservice.o(.constdata)
    __rt_init_rti_start                      0x08001c20   Data           4  components.o(.rti_fn.0)
    __rt_init_rti_board_start                0x08001c24   Data           4  components.o(.rti_fn.0.end)
    __rt_init_rti_board_end                  0x08001c28   Data           4  components.o(.rti_fn.1.end)
    __rt_init_rti_end                        0x08001c2c   Data           4  components.o(.rti_fn.6.end)
    Region$$Table$$Base                      0x08001c30   Number         0  anon$$obj.o(Region$$Table)
    Region$$Table$$Limit                     0x08001c50   Number         0  anon$$obj.o(Region$$Table)
    SystemCoreClock                          0x20000000   Data           4  system_stm32f4xx.o(.data)
    rt_interrupt_nest                        0x20000010   Data           1  irq.o(.data)
    rt_thread_ready_priority_group           0x2000009c   Data           4  scheduler.o(.data)
    rt_current_thread                        0x200000a4   Data           4  scheduler.o(.data)
    rt_current_priority                      0x200000a8   Data           1  scheduler.o(.data)
    rt_interrupt_from_thread                 0x200000b8   Data           4  cpuport.o(.data)
    rt_interrupt_to_thread                   0x200000bc   Data           4  cpuport.o(.data)
    rt_thread_switch_interrupt_flag          0x200000c0   Data           4  cpuport.o(.data)
    rt_thread_priority_table                 0x200014b8   Data         256  scheduler.o(.bss)
    __initial_sp                             0x200019b8   Data           0  startup_stm32f407xx.o(STACK)



==============================================================================

Memory Map of the image

  Image Entry point : 0x08000189

  Load Region LR_IROM1 (Base: 0x08000000, Size: 0x00001d18, Max: 0x00100000, ABSOLUTE)

    Execution Region ER_IROM1 (Exec base: 0x08000000, Load base: 0x08000000, Size: 0x00001c50, Max: 0x00100000, ABSOLUTE)

    Exec Addr    Load Addr    Size         Type   Attr      Idx    E Section Name        Object

    0x08000000   0x08000000   0x00000188   Data   RO         4556    RESET               startup_stm32f407xx.o
    0x08000188   0x08000188   0x00000000   Code   RO         4561  * .ARM.Collect$$$$00000000  mc_w.l(entry.o)
    0x08000188   0x08000188   0x00000004   Code   RO         4564    .ARM.Collect$$$$00000001  mc_w.l(entry2.o)
    0x0800018c   0x0800018c   0x00000004   Code   RO         4567    .ARM.Collect$$$$00000004  mc_w.l(entry5.o)
    0x08000190   0x08000190   0x00000000   Code   RO         4569    .ARM.Collect$$$$00000008  mc_w.l(entry7b.o)
    0x08000190   0x08000190   0x00000000   Code   RO         4571    .ARM.Collect$$$$0000000A  mc_w.l(entry8b.o)
    0x08000190   0x08000190   0x00000008   Code   RO         4572    .ARM.Collect$$$$0000000B  mc_w.l(entry9a.o)
    0x08000198   0x08000198   0x00000000   Code   RO         4574    .ARM.Collect$$$$0000000D  mc_w.l(entry10a.o)
    0x08000198   0x08000198   0x00000000   Code   RO         4576    .ARM.Collect$$$$0000000F  mc_w.l(entry11a.o)
    0x08000198   0x08000198   0x00000004   Code   RO         4565    .ARM.Collect$$$$00002712  mc_w.l(entry2.o)
    0x0800019c   0x0800019c   0x0000013c   Code   RO         3494    .text               context_rvds.o
    0x080002d8   0x080002d8   0x0000002c   Code   RO         4557    .text               startup_stm32f407xx.o
    0x08000304   0x08000304   0x00000024   Code   RO         4578    .text               mc_w.l(init.o)
    0x08000328   0x08000328   0x0000000a   Code   RO         3536    i.$Sub$$main        components.o
    0x08000332   0x08000332   0x00000010   Code   RO           97    i.SysTick_Handler   board.o
    0x08000342   0x08000342   0x00000002   PAD
    0x08000344   0x08000344   0x00000024   Code   RO           98    i.SysTick_Init      board.o
    0x08000368   0x08000368   0x000000e0   Code   RO           99    i.SystemClock_Config  board.o
    0x08000448   0x08000448   0x0000004c   Code   RO         3835    i.__rt_ffs          kservice.o
    0x08000494   0x08000494   0x0000000e   Code   RO         4582    i.__scatterload_copy  mc_w.l(handlers.o)
    0x080004a2   0x080004a2   0x00000002   Code   RO         4583    i.__scatterload_null  mc_w.l(handlers.o)
    0x080004a4   0x080004a4   0x0000000e   Code   RO         4584    i.__scatterload_zeroinit  mc_w.l(handlers.o)
    0x080004b2   0x080004b2   0x0000000a   Code   RO         3836    i._heap_lock        kservice.o
    0x080004bc   0x080004bc   0x0000000a   Code   RO         3837    i._heap_unlock      kservice.o
    0x080004c6   0x080004c6   0x00000002   PAD
    0x080004c8   0x080004c8   0x00000028   Code   RO         4192    i._scheduler_get_highest_priority_thread  scheduler.o
    0x080004f0   0x080004f0   0x00000034   Code   RO         4283    i._thread_exit      thread.o
    0x08000524   0x08000524   0x00000080   Code   RO         4284    i._thread_init      thread.o
    0x080005a4   0x080005a4   0x0000002c   Code   RO         4285    i._thread_timeout   thread.o
    0x080005d0   0x080005d0   0x00000042   Code   RO         4403    i._timer_init       timer.o
    0x08000612   0x08000612   0x0000001c   Code   RO         4405    i._timer_remove     timer.o
    0x0800062e   0x0800062e   0x0000000c   Code   RO            4    i.app_thread_entry  main.o
    0x0800063a   0x0800063a   0x00000002   PAD
    0x0800063c   0x0800063c   0x0000003c   Code   RO            5    i.main              main.o
    0x08000678   0x08000678   0x0000000e   Code   RO         3537    i.main_thread_entry  components.o
    0x08000686   0x08000686   0x00000066   Code   RO         4058    i.plug_holes        mem.o
    0x080006ec   0x080006ec   0x00000198   Code   RO         3839    i.print_number      kservice.o
    0x08000884   0x08000884   0x00000030   Code   RO         3538    i.rt_application_init  components.o
    0x080008b4   0x080008b4   0x0000001c   Code   RO         3540    i.rt_components_init  components.o
    0x080008d0   0x080008d0   0x0000003e   Code   RO         3616    i.rt_defunct_execute  idle.o
    0x0800090e   0x0800090e   0x00000002   PAD
    0x08000910   0x08000910   0x00000020   Code   RO         4194    i.rt_enter_critical  scheduler.o
    0x08000930   0x08000930   0x00000044   Code   RO         4195    i.rt_exit_critical  scheduler.o
    0x08000974   0x08000974   0x0000001e   Code   RO         3841    i.rt_free           kservice.o
    0x08000992   0x08000992   0x00000002   PAD
    0x08000994   0x08000994   0x0000001c   Code   RO          100    i.rt_hw_board_init  board.o
    0x080009b0   0x080009b0   0x0000002c   Code   RO         4518    i.rt_hw_hard_fault_exception  cpuport.o
    0x080009dc   0x080009dc   0x00000050   Code   RO         4519    i.rt_hw_stack_init  cpuport.o
    0x08000a2c   0x08000a2c   0x00000020   Code   RO         3808    i.rt_interrupt_enter  irq.o
    0x08000a4c   0x08000a4c   0x00000020   Code   RO         3810    i.rt_interrupt_leave  irq.o
    0x08000a6c   0x08000a6c   0x00000006   Code   RO         4406    i.rt_list_init      timer.o
    0x08000a72   0x08000a72   0x0000000e   Code   RO         4111    i.rt_list_insert_after  object.o
    0x08000a80   0x08000a80   0x0000000e   Code   RO         4407    i.rt_list_insert_after  timer.o
    0x08000a8e   0x08000a8e   0x00000010   Code   RO         4408    i.rt_list_isempty   timer.o
    0x08000a9e   0x08000a9e   0x00000012   Code   RO         4112    i.rt_list_remove    object.o
    0x08000ab0   0x08000ab0   0x00000012   Code   RO         4286    i.rt_list_remove    thread.o
    0x08000ac2   0x08000ac2   0x00000012   Code   RO         4409    i.rt_list_remove    timer.o
    0x08000ad4   0x08000ad4   0x00000024   Code   RO         3845    i.rt_malloc         kservice.o
    0x08000af8   0x08000af8   0x00000048   Code   RO         3851    i.rt_memset         kservice.o
    0x08000b40   0x08000b40   0x00000054   Code   RO         4113    i.rt_object_allocate  object.o
    0x08000b94   0x08000b94   0x00000024   Code   RO         4114    i.rt_object_delete  object.o
    0x08000bb8   0x08000bb8   0x0000001e   Code   RO         4115    i.rt_object_detach  object.o
    0x08000bd6   0x08000bd6   0x00000002   PAD
    0x08000bd8   0x08000bd8   0x00000028   Code   RO         4117    i.rt_object_get_information  object.o
    0x08000c00   0x08000c00   0x00000056   Code   RO         4121    i.rt_object_init    object.o
    0x08000c56   0x08000c56   0x00000012   Code   RO         4122    i.rt_object_is_systemobject  object.o
    0x08000c68   0x08000c68   0x0000011c   Code   RO         4196    i.rt_schedule       scheduler.o
    0x08000d84   0x08000d84   0x0000009c   Code   RO         4197    i.rt_schedule_insert_thread  scheduler.o
    0x08000e20   0x08000e20   0x00000054   Code   RO         4198    i.rt_schedule_remove_thread  scheduler.o
    0x08000e74   0x08000e74   0x00000002   Code   RO         3854    i.rt_show_version   kservice.o
    0x08000e76   0x08000e76   0x00000114   Code   RO         4059    i.rt_smem_alloc     mem.o
    0x08000f8a   0x08000f8a   0x0000003a   Code   RO         4061    i.rt_smem_free      mem.o
    0x08000fc4   0x08000fc4   0x000000a8   Code   RO         4062    i.rt_smem_init      mem.o
    0x0800106c   0x0800106c   0x00000022   Code   RO         3856    i.rt_sprintf        kservice.o
    0x0800108e   0x0800108e   0x00000034   Code   RO         3864    i.rt_strncpy        kservice.o
    0x080010c2   0x080010c2   0x00000002   PAD
    0x080010c4   0x080010c4   0x00000034   Code   RO         3867    i.rt_system_heap_init  kservice.o
    0x080010f8   0x080010f8   0x00000034   Code   RO         4199    i.rt_system_scheduler_init  scheduler.o
    0x0800112c   0x0800112c   0x00000028   Code   RO         4200    i.rt_system_scheduler_start  scheduler.o
    0x08001154   0x08001154   0x0000001c   Code   RO         4410    i.rt_system_timer_init  timer.o
    0x08001170   0x08001170   0x00000002   Code   RO         4411    i.rt_system_timer_thread_init  timer.o
    0x08001172   0x08001172   0x00000050   Code   RO         4288    i.rt_thread_create  thread.o
    0x080011c2   0x080011c2   0x00000002   PAD
    0x080011c4   0x080011c4   0x0000003c   Code   RO         3617    i.rt_thread_defunct_dequeue  idle.o
    0x08001200   0x08001200   0x0000001c   Code   RO         3618    i.rt_thread_defunct_enqueue  idle.o
    0x0800121c   0x0800121c   0x00000008   Code   RO         3619    i.rt_thread_idle_entry  idle.o
    0x08001224   0x08001224   0x00000068   Code   RO         3621    i.rt_thread_idle_init  idle.o
    0x0800128c   0x0800128c   0x00000034   Code   RO         4294    i.rt_thread_init    thread.o
    0x080012c0   0x080012c0   0x00000014   Code   RO         4295    i.rt_thread_mdelay  thread.o
    0x080012d4   0x080012d4   0x0000003c   Code   RO         4296    i.rt_thread_resume  thread.o
    0x08001310   0x08001310   0x0000000c   Code   RO         4297    i.rt_thread_self    thread.o
    0x0800131c   0x0800131c   0x00000044   Code   RO         4298    i.rt_thread_sleep   thread.o
    0x08001360   0x08001360   0x00000028   Code   RO         4299    i.rt_thread_startup  thread.o
    0x08001388   0x08001388   0x00000048   Code   RO         4300    i.rt_thread_suspend  thread.o
    0x080013d0   0x080013d0   0x00000038   Code   RO         3498    i.rt_tick_from_millisecond  clock.o
    0x08001408   0x08001408   0x0000000c   Code   RO         3499    i.rt_tick_get       clock.o
    0x08001414   0x08001414   0x00000050   Code   RO         3501    i.rt_tick_increase  clock.o
    0x08001464   0x08001464   0x000000a4   Code   RO         4412    i.rt_timer_check    timer.o
    0x08001508   0x08001508   0x00000068   Code   RO         4413    i.rt_timer_control  timer.o
    0x08001570   0x08001570   0x00000028   Code   RO         4416    i.rt_timer_detach   timer.o
    0x08001598   0x08001598   0x0000002e   Code   RO         4417    i.rt_timer_init     timer.o
    0x080015c6   0x080015c6   0x00000002   PAD
    0x080015c8   0x080015c8   0x000000f8   Code   RO         4419    i.rt_timer_start    timer.o
    0x080016c0   0x080016c0   0x00000030   Code   RO         4420    i.rt_timer_stop     timer.o
    0x080016f0   0x080016f0   0x00000340   Code   RO         3868    i.rt_vsnprintf      kservice.o
    0x08001a30   0x08001a30   0x00000016   Code   RO         3869    i.rt_vsprintf       kservice.o
    0x08001a46   0x08001a46   0x00000004   Code   RO         3541    i.rti_board_end     components.o
    0x08001a4a   0x08001a4a   0x00000004   Code   RO         3542    i.rti_board_start   components.o
    0x08001a4e   0x08001a4e   0x00000004   Code   RO         3543    i.rti_end           components.o
    0x08001a52   0x08001a52   0x00000004   Code   RO         3544    i.rti_start         components.o
    0x08001a56   0x08001a56   0x0000002a   Code   RO         3545    i.rtthread_startup  components.o
    0x08001a80   0x08001a80   0x00000026   Code   RO         3870    i.skip_atoi         kservice.o
    0x08001aa6   0x08001aa6   0x00000122   Data   RO         3871    .constdata          kservice.o
    0x08001bc8   0x08001bc8   0x00000058   Data   RO         3872    .conststring        kservice.o
    0x08001c20   0x08001c20   0x00000004   Data   RO         3546    .rti_fn.0           components.o
    0x08001c24   0x08001c24   0x00000004   Data   RO         3547    .rti_fn.0.end       components.o
    0x08001c28   0x08001c28   0x00000004   Data   RO         3548    .rti_fn.1.end       components.o
    0x08001c2c   0x08001c2c   0x00000004   Data   RO         3549    .rti_fn.6.end       components.o
    0x08001c30   0x08001c30   0x00000020   Data   RO         4580    Region$$Table       anon$$obj.o


    Execution Region RW_IRAM1 (Exec base: 0x20000000, Load base: 0x08001c50, Size: 0x000019b8, Max: 0x00020000, ABSOLUTE)

    Exec Addr    Load Addr    Size         Type   Attr      Idx    E Section Name        Object

    0x20000000   0x08001c50   0x00000004   Data   RW         3462    .data               system_stm32f4xx.o
    0x20000004   0x08001c54   0x00000004   Data   RW         3503    .data               clock.o
    0x20000008   0x08001c58   0x00000008   Data   RW         3623    .data               idle.o
    0x20000010   0x08001c60   0x00000001   Data   RW         3811    .data               irq.o
    0x20000011   0x08001c61   0x00000003   PAD
    0x20000014   0x08001c64   0x00000038   Data   RW         3873    .data               kservice.o
    0x2000004c   0x08001c9c   0x00000050   Data   RW         4123    .data               object.o
    0x2000009c   0x08001cec   0x0000000d   Data   RW         4202    .data               scheduler.o
    0x200000a9   0x08001cf9   0x00000003   PAD
    0x200000ac   0x08001cfc   0x0000000c   Data   RW         4421    .data               timer.o
    0x200000b8   0x08001d08   0x00000010   Data   RW         4520    .data               cpuport.o
    0x200000c8        -       0x00000278   Zero   RW            6    .bss                main.o
    0x20000340        -       0x00001000   Zero   RW          101    .bss                board.o
    0x20001340        -       0x00000178   Zero   RW         3622    .bss                idle.o
    0x200014b8        -       0x00000100   Zero   RW         4201    .bss                scheduler.o
    0x200015b8        -       0x00000400   Zero   RW         4554    STACK               startup_stm32f407xx.o


==============================================================================

Image component sizes


      Code (inc. data)   RO Data    RW Data    ZI Data      Debug   Object Name

       304         36          0          0       4096       1889   board.o
       148         12          0          4          0       2156   clock.o
       158         22         16          0          0       5225   components.o
       316         28          0          0          0        808   context_rvds.o
       124         10          0         16          0       4034   cpuport.o
       262         30          0          8        376       6266   idle.o
        64         12          0          1          0       1706   irq.o
      1674         38        378         56          0      12158   kservice.o
        72         16          0          0        632      13311   main.o
       604          8          0          0          0       4534   mem.o
       326          4          0         80          0       8572   object.o
       756         84          0         13        256       8996   scheduler.o
        44         10        392          0       1024        816   startup_stm32f407xx.o
         0          0          0          4          0        214   system_stm32f4xx.o
       646         14          0          0          0      10397   thread.o
       828         22          0         12          0      11768   timer.o

    ----------------------------------------------------------------------
      6344        346        818        200       6384      92850   Object Totals
         0          0         32          0          0          0   (incl. Generated)
        18          0          0          6          0          0   (incl. Padding)

    ----------------------------------------------------------------------

      Code (inc. data)   RO Data    RW Data    ZI Data      Debug   Library Member Name

         0          0          0          0          0          0   entry.o
         0          0          0          0          0          0   entry10a.o
         0          0          0          0          0          0   entry11a.o
         8          4          0          0          0          0   entry2.o
         4          0          0          0          0          0   entry5.o
         0          0          0          0          0          0   entry7b.o
         0          0          0          0          0          0   entry8b.o
         8          4          0          0          0          0   entry9a.o
        30          0          0          0          0          0   handlers.o
        36          8          0          0          0         68   init.o

    ----------------------------------------------------------------------
        86         16          0          0          0         68   Library Totals
         0          0          0          0          0          0   (incl. Padding)

    ----------------------------------------------------------------------

      Code (inc. data)   RO Data    RW Data    ZI Data      Debug   Library Name

        86         16          0          0          0         68   mc_w.l

    ----------------------------------------------------------------------
        86         16          0          0          0         68   Library Totals

    ----------------------------------------------------------------------

==============================================================================


      Code (inc. data)   RO Data    RW Data    ZI Data      Debug   

      6430        362        818        200       6384      84922   Grand Totals
      6430        362        818        200       6384      84922   ELF Image Totals
      6430        362        818        200          0          0   ROM Totals

==============================================================================

    Total RO  Size (Code + RO Data)                 7248 (   7.08kB)
    Total RW  Size (RW Data + ZI Data)              6584 (   6.43kB)
    Total ROM Size (Code + RO Data + RW Data)       7448 (   7.27kB)

==============================================================================

